Clock: clk
Sources: clk 
Generated: no
Virtual: yes
Propagated: no
Period: 5.100000

===========================================================================
report_clock_properties
============================================================================
Clock                   Period          Waveform
----------------------------------------------------
clk                   5.100000    0.000000  2.550000

===========================================================================
report_clock_latency
============================================================================
Clock clk
rise -> rise
    min     max
0.000000 0.000000 source latency
0.651222         network latency _632_/CLK
        0.692644 network latency _636_/CLK
---------------
0.651222 0.692644 latency
        0.041422 skew

fall -> fall
    min     max
0.000000 0.000000 source latency
0.537979         network latency _632_/CLK
        0.571248 network latency _636_/CLK
---------------
0.537979 0.571248 latency
        0.033269 skew



===========================================================================
report_clock_min_period
============================================================================
clk period_min = 1.53 fmax = 652.85
