┏━━━━━━━━━━━━━━━━━━━━━━┳━━━━━━━━━━┳━━━━━━━━━━┳━━━━━━━━━━┳━━━━━━━━━━┳━━━━━━━━━━━┳━━━━━━━━━━┳━━━━━━━━━━━┳━━━━━━━━━━┳━━━━━━━━━━━┳━━━━━━━━━━┳━━━━━━━━━━━┳━━━━━━━━━━┓
┃                      ┃ Hold     ┃ Reg to   ┃          ┃          ┃ of which  ┃ Setup    ┃           ┃          ┃           ┃ of which ┃           ┃          ┃
┃                      ┃ Worst    ┃ Reg      ┃          ┃ Hold Vio ┃ reg to    ┃ Worst    ┃ Reg to    ┃ Setup    ┃ Setup Vio ┃ reg to   ┃ Max Cap   ┃ Max Slew ┃
┃ Corner/Group         ┃ Slack    ┃ Paths    ┃ Hold TNS ┃ Count    ┃ reg       ┃ Slack    ┃ Reg Paths ┃ TNS      ┃ Count     ┃ reg      ┃ Violatio… ┃ Violati… ┃
┡━━━━━━━━━━━━━━━━━━━━━━╇━━━━━━━━━━╇━━━━━━━━━━╇━━━━━━━━━━╇━━━━━━━━━━╇━━━━━━━━━━━╇━━━━━━━━━━╇━━━━━━━━━━━╇━━━━━━━━━━╇━━━━━━━━━━━╇━━━━━━━━━━╇━━━━━━━━━━━╇━━━━━━━━━━┩
│ Overall              │ 0.8448   │ 0.8765   │ 0.0000   │ 0        │ 0         │ -0.4491  │ -0.1967   │ -5.7024  │ 58        │ 10       │ 0         │ 77       │
│ min_ss_100C_1v60     │ 0.8765   │ 0.8765   │ 0.0000   │ 0        │ 0         │ -0.2853  │ -0.0197   │ -2.7300  │ 17        │ 1        │ 0         │ 71       │
│ nom_ss_100C_1v60     │ 0.8651   │ 0.8909   │ 0.0000   │ 0        │ 0         │ -0.3970  │ -0.1345   │ -4.5244  │ 19        │ 3        │ 0         │ 75       │
│ max_ss_100C_1v60     │ 0.8448   │ 0.9107   │ 0.0000   │ 0        │ 0         │ -0.4491  │ -0.1967   │ -5.7024  │ 22        │ 6        │ 0         │ 77       │
└──────────────────────┴──────────┴──────────┴──────────┴──────────┴───────────┴──────────┴───────────┴──────────┴───────────┴──────────┴───────────┴──────────┘
