
===========================================================================
 report_power
============================================================================
======================= nom_tt_025C_1v80 Corner ===================================

Group                    Internal    Switching      Leakage        Total
                            Power        Power        Power        Power (Watts)
------------------------------------------------------------------------
Sequential           1.979341e-04 0.000000e+00 3.249784e-10 1.979344e-04   0.0%
Combinational        3.556873e-06 1.134995e-05 6.482048e-10 1.490747e-05   0.0%
Clock                1.952923e-04 2.324560e-04 3.193730e-09 4.277515e-04   0.0%
Macro                4.105172e+07 0.000000e+00 1.944400e-05 4.105172e+07 100.0%
Pad                  0.000000e+00 0.000000e+00 0.000000e+00 0.000000e+00   0.0%
------------------------------------------------------------------------
Total                4.105172e+07 2.438059e-04 1.944856e-05 4.105172e+07 100.0%
                           100.0%         0.0%         0.0%
Writing metric power__internal__total: 41051716.0
Writing metric power__switching__total: 0.0002438059018459171
Writing metric power__leakage__total: 1.9448561943136156e-5
Writing metric power__total: 41051716.0

