
===========================================================================
 report_power
============================================================================
======================= max_tt_025C_1v80 Corner ===================================

Group                    Internal    Switching      Leakage        Total
                            Power        Power        Power        Power (Watts)
------------------------------------------------------------------------
Sequential           1.003737e-04 4.044315e-06 2.752309e-10 1.044183e-04  41.1%
Combinational        4.190150e-06 1.590156e-05 2.736924e-10 2.009198e-05   7.9%
Clock                6.191630e-05 6.787871e-05 7.402472e-09 1.298024e-04  51.0%
Macro                0.000000e+00 0.000000e+00 0.000000e+00 0.000000e+00   0.0%
Pad                  0.000000e+00 0.000000e+00 0.000000e+00 0.000000e+00   0.0%
------------------------------------------------------------------------
Total                1.664801e-04 8.782457e-05 7.951392e-09 2.543126e-04 100.0%
                            65.5%        34.5%         0.0%

