
===========================================================================
 report_power
============================================================================
======================= min_ss_100C_1v60 Corner ===================================

Group                    Internal    Switching      Leakage        Total
                            Power        Power        Power        Power (Watts)
------------------------------------------------------------------------
Sequential           1.514231e-04 0.000000e+00 4.734458e-07 1.518965e-04   0.0%
Combinational        1.294761e-05 4.045221e-05 7.929214e-07 5.419274e-05   0.0%
Clock                1.593504e-04 2.231200e-04 1.231025e-07 3.825934e-04   0.0%
Macro                4.105172e+07 0.000000e+00 1.944400e-05 4.105172e+07 100.0%
Pad                  0.000000e+00 0.000000e+00 0.000000e+00 0.000000e+00   0.0%
------------------------------------------------------------------------
Total                4.105172e+07 2.635722e-04 2.083348e-05 4.105172e+07 100.0%
                           100.0%         0.0%         0.0%

