
===========================================================================
report_checks -unconstrained
===========================================================================
======================= nom_tt_025C_1v80 Corner ===================================

Startpoint: rst (input port clocked by clk)
Endpoint: _097_ (recovery check against rising-edge clock clk)
Path Group: asynchronous
Path Type: max

Fanout         Cap        Slew       Delay        Time   Description
---------------------------------------------------------------------------------------------
                                  0.000000    0.000000   clock clk (rise edge)
                                  0.000000    0.000000   clock network delay (propagated)
                                  2.000000    2.000000 v input external delay
    24    0.149134    0.328241    0.247925    2.247925 v rst (in)
                                                         rst (net)
                      0.329684    0.000000    2.247925 v _073_/A (sky130_fd_sc_hd__inv_2)
     1    0.005877    0.083833    0.132544    2.380468 ^ _073_/Y (sky130_fd_sc_hd__inv_2)
                                                         _026_ (net)
                      0.083833    0.000051    2.380519 ^ _097_/RESET_B (sky130_fd_sc_hd__dfrtp_2)
                                              2.380519   data arrival time

                                 10.000000   10.000000   clock clk (rise edge)
                                  0.000000   10.000000   clock source latency
    26    0.138500    0.620688    0.439750   10.439751 ^ clk (in)
                                                         clk (net)
                      0.621421    0.000000   10.439751 ^ _097_/CLK (sky130_fd_sc_hd__dfrtp_2)
                                 -0.250000   10.189751   clock uncertainty
                                  0.000000   10.189751   clock reconvergence pessimism
                                  0.363602   10.553352   library recovery time
                                             10.553352   data required time
---------------------------------------------------------------------------------------------
                                             10.553352   data required time
                                             -2.380519   data arrival time
---------------------------------------------------------------------------------------------
                                              8.172833   slack (MET)


Startpoint: _097_ (rising edge-triggered flip-flop clocked by clk)
Endpoint: sine_out[0] (output port clocked by clk)
Path Group: clk
Path Type: max

Fanout         Cap        Slew       Delay        Time   Description
---------------------------------------------------------------------------------------------
                                  0.000000    0.000000   clock clk (rise edge)
                                  0.000000    0.000000   clock source latency
    26    0.138500    0.620688    0.439750    0.439750 ^ clk (in)
                                                         clk (net)
                      0.621421    0.000000    0.439750 ^ _097_/CLK (sky130_fd_sc_hd__dfrtp_2)
     1    0.036294    0.118602    0.612952    1.052702 v _097_/Q (sky130_fd_sc_hd__dfrtp_2)
                                                         sine_out[0] (net)
                      0.118605    0.000651    1.053353 v sine_out[0] (out)
                                              1.053353   data arrival time

                                 10.000000   10.000000   clock clk (rise edge)
                                  0.000000   10.000000   clock network delay (propagated)
                                 -0.250000    9.750000   clock uncertainty
                                  0.000000    9.750000   clock reconvergence pessimism
                                 -2.000000    7.750000   output external delay
                                              7.750000   data required time
---------------------------------------------------------------------------------------------
                                              7.750000   data required time
                                             -1.053353   data arrival time
---------------------------------------------------------------------------------------------
                                              6.696647   slack (MET)




===========================================================================
report_checks --slack_max -0.01
============================================================================
======================= nom_tt_025C_1v80 Corner ===================================

No paths found.


===========================================================================
 report_check_types -max_slew -max_cap -max_fanout -violators
============================================================================
======================= nom_tt_025C_1v80 Corner ===================================

max fanout

Pin                                   Limit Fanout  Slack
---------------------------------------------------------
clk                                      10     26    -16 (VIOLATED)
rst                                      10     24    -14 (VIOLATED)



===========================================================================
report_parasitic_annotation -report_unannotated
============================================================================
Found 1 unannotated drivers.
 _103_/HI
Found 0 partially unannotated drivers.

===========================================================================
max slew violation count 0
Writing metric design__max_slew_violation__count__corner:nom_tt_025C_1v80: 0
max fanout violation count 2
Writing metric design__max_fanout_violation__count__corner:nom_tt_025C_1v80: 2
max cap violation count 0
Writing metric design__max_cap_violation__count__corner:nom_tt_025C_1v80: 0
============================================================================

===========================================================================
check_setup -verbose -unconstrained_endpoints -multiple_clock -no_clock -no_input_delay -loops -generated_clocks
===========================================================================
Warning: There are 16 unconstrained endpoints.
  _079_/D
  _080_/D
  _081_/D
  _082_/D
  _083_/D
  _084_/D
  _085_/D
  _086_/D
  _087_/D
  _088_/D
  _097_/D
  _098_/D
  _099_/D
  _100_/D
  _101_/D
  _102_/D
