
===========================================================================
 report_power
============================================================================
======================= nom_tt_025C_1v80 Corner ===================================

Group                    Internal    Switching      Leakage        Total
                            Power        Power        Power        Power (Watts)
------------------------------------------------------------------------
Sequential           1.003543e-04 2.956830e-06 2.752309e-10 1.033114e-04  43.0%
Combinational        4.210798e-06 1.478283e-05 2.736922e-10 1.899390e-05   7.9%
Clock                6.160906e-05 5.646597e-05 1.917019e-09 1.180769e-04  49.1%
Macro                0.000000e+00 0.000000e+00 0.000000e+00 0.000000e+00   0.0%
Pad                  0.000000e+00 0.000000e+00 0.000000e+00 0.000000e+00   0.0%
------------------------------------------------------------------------
Total                1.661741e-04 7.420563e-05 2.465947e-09 2.403822e-04 100.0%
                            69.1%        30.9%         0.0%
Writing metric power__internal__total: 0.00016617414075881243
Writing metric power__switching__total: 7.420562906190753e-5
Writing metric power__leakage__total: 2.465947002150415e-9
Writing metric power__total: 0.00024038222909439355

