
===========================================================================
 report_power
============================================================================
======================= nom_ss_100C_1v60 Corner ===================================

Group                    Internal    Switching      Leakage        Total
                            Power        Power        Power        Power (Watts)
------------------------------------------------------------------------
Sequential           1.541329e-04 0.000000e+00 4.705123e-07 1.546034e-04   0.0%
Combinational        2.872004e-06 8.246852e-06 9.938434e-07 1.211270e-05   0.0%
Clock                9.372889e-05 2.634552e-04 1.062998e-07 3.572904e-04   0.0%
Macro                4.187275e+07 0.000000e+00 1.944400e-05 4.187275e+07 100.0%
Pad                  0.000000e+00 0.000000e+00 0.000000e+00 0.000000e+00   0.0%
------------------------------------------------------------------------
Total                4.187275e+07 2.717021e-04 2.101466e-05 4.187275e+07 100.0%
                           100.0%         0.0%         0.0%

