
===========================================================================
 report_power
============================================================================
======================= max_ff_n40C_1v95 Corner ===================================

Group                    Internal    Switching      Leakage        Total
                            Power        Power        Power        Power (Watts)
------------------------------------------------------------------------
Sequential           1.166554e-04 4.766246e-06 3.840289e-10 1.214220e-04  41.0%
Combinational        4.916894e-06 1.866552e-05 5.843694e-10 2.358300e-05   8.0%
Clock                7.094575e-05 8.042486e-05 8.858543e-09 1.513795e-04  51.1%
Macro                0.000000e+00 0.000000e+00 0.000000e+00 0.000000e+00   0.0%
Pad                  0.000000e+00 0.000000e+00 0.000000e+00 0.000000e+00   0.0%
------------------------------------------------------------------------
Total                1.925180e-04 1.038566e-04 9.826950e-09 2.963845e-04 100.0%
                            65.0%        35.0%         0.0%

