
===========================================================================
report_checks -unconstrained
===========================================================================
======================= min_ff_n40C_1v95 Corner ===================================

Startpoint: rst (input port clocked by clk)
Endpoint: _134_ (recovery check against rising-edge clock clk)
Path Group: asynchronous
Path Type: max

Fanout         Cap        Slew       Delay        Time   Description
---------------------------------------------------------------------------------------------
                                  0.000000    0.000000   clock clk (rise edge)
                                  0.000000    0.000000   clock network delay (propagated)
                                  2.550000    2.550000 v input external delay
     2    0.003594    0.005896    0.002952    2.552952 v rst (in)
                                                         rst (net)
                      0.005896    0.000000    2.552952 v input51/A (sky130_fd_sc_hd__buf_1)
     3    0.017476    0.071683    0.090885    2.643837 v input51/X (sky130_fd_sc_hd__buf_1)
                                                         net51 (net)
                      0.071717    0.000850    2.644687 v fanout87/A (sky130_fd_sc_hd__buf_4)
    17    0.086726    0.082934    0.157778    2.802465 v fanout87/X (sky130_fd_sc_hd__buf_4)
                                                         net87 (net)
                      0.082934    0.000159    2.802624 v fanout86/A (sky130_fd_sc_hd__buf_4)
    19    0.064347    0.066718    0.153928    2.956553 v fanout86/X (sky130_fd_sc_hd__buf_4)
                                                         net86 (net)
                      0.066718    0.000289    2.956841 v fanout85/A (sky130_fd_sc_hd__buf_4)
    10    0.052949    0.057821    0.139981    3.096823 v fanout85/X (sky130_fd_sc_hd__buf_4)
                                                         net85 (net)
                      0.057832    0.000791    3.097614 v _109_/A (sky130_fd_sc_hd__inv_2)
     1    0.005769    0.029621    0.045405    3.143018 ^ _109_/Y (sky130_fd_sc_hd__inv_2)
                                                         _039_ (net)
                      0.029621    0.000086    3.143104 ^ _134_/RESET_B (sky130_fd_sc_hd__dfrtp_4)
                                              3.143104   data arrival time

                                  5.100000    5.100000   clock clk (rise edge)
                                  0.000000    5.100000   clock source latency
     2    0.071292    0.241814    0.177525    5.277525 ^ clk (in)
                                                         clk (net)
                      0.244428    0.000000    5.277525 ^ clkbuf_0_clk/A (sky130_fd_sc_hd__clkbuf_16)
     9    0.109337    0.098194    0.174077    5.451602 ^ clkbuf_0_clk/X (sky130_fd_sc_hd__clkbuf_16)
                                                         clknet_0_clk (net)
                      0.098962    0.006928    5.458530 ^ clkbuf_2_1__f_clk/A (sky130_fd_sc_hd__clkbuf_16)
    21    0.061294    0.060916    0.126578    5.585108 ^ clkbuf_2_1__f_clk/X (sky130_fd_sc_hd__clkbuf_16)
                                                         clknet_2_1__leaf_clk (net)
                      0.061028    0.002038    5.587146 ^ _134_/CLK (sky130_fd_sc_hd__dfrtp_4)
                                 -0.005100    5.582046   clock uncertainty
                                  0.000000    5.582046   clock reconvergence pessimism
                                  0.136233    5.718279   library recovery time
                                              5.718279   data required time
---------------------------------------------------------------------------------------------
                                              5.718279   data required time
                                             -3.143104   data arrival time
---------------------------------------------------------------------------------------------
                                              2.575175   slack (MET)


Startpoint: mem_i1 (falling edge-triggered flip-flop clocked by clk)
Endpoint: _120_ (rising edge-triggered flip-flop clocked by clk)
Path Group: clk
Path Type: max

Fanout         Cap        Slew       Delay        Time   Description
---------------------------------------------------------------------------------------------
                                  2.550000    2.550000   clock clk (fall edge)
                                  0.000000    2.550000   clock source latency
     2    0.070296    0.110544    0.084652    2.634652 v clk (in)
                                                         clk (net)
                      0.116051    0.000000    2.634652 v clkbuf_0_clk/A (sky130_fd_sc_hd__clkbuf_16)
     9    0.105320    0.063867    0.167692    2.802344 v clkbuf_0_clk/X (sky130_fd_sc_hd__clkbuf_16)
                                                         clknet_0_clk (net)
                      0.065538    0.008183    2.810526 v clkbuf_2_0__f_clk/A (sky130_fd_sc_hd__clkbuf_16)
    19    0.093663    0.058697    0.141358    2.951884 v clkbuf_2_0__f_clk/X (sky130_fd_sc_hd__clkbuf_16)
                                                         clknet_2_0__leaf_clk (net)
                      0.079960    0.006842    2.958725 v mem_i1/clk1 (ram256x16)
     1    0.004230    0.003456    0.307071    3.265797 v mem_i1/dout1[8] (ram256x16)
                                                         sine_out_temp1[8] (net)
                      0.002592    0.000044    3.265841 v wire69/A (sky130_fd_sc_hd__clkbuf_2)
     3    0.129153    0.334985    0.262854    3.528695 v wire69/X (sky130_fd_sc_hd__clkbuf_2)
                                                         net69 (net)
                      0.342643    0.040581    3.569276 v _071_/A1 (sky130_fd_sc_hd__mux2_1)
     3    0.016224    0.088094    0.318079    3.887355 v _071_/X (sky130_fd_sc_hd__mux2_1)
                                                         _014_ (net)
                      0.088099    0.000791    3.888146 v _120_/D (sky130_fd_sc_hd__dfrtp_1)
                                              3.888146   data arrival time

                                  5.100000    5.100000   clock clk (rise edge)
                                  0.000000    5.100000   clock source latency
     2    0.071292    0.241814    0.177525    5.277525 ^ clk (in)
                                                         clk (net)
                      0.244428    0.000000    5.277525 ^ clkbuf_0_clk/A (sky130_fd_sc_hd__clkbuf_16)
     9    0.109337    0.098194    0.174077    5.451602 ^ clkbuf_0_clk/X (sky130_fd_sc_hd__clkbuf_16)
                                                         clknet_0_clk (net)
                      0.098962    0.006928    5.458530 ^ clkbuf_2_1__f_clk/A (sky130_fd_sc_hd__clkbuf_16)
    21    0.061294    0.060916    0.126578    5.585108 ^ clkbuf_2_1__f_clk/X (sky130_fd_sc_hd__clkbuf_16)
                                                         clknet_2_1__leaf_clk (net)
                      0.061147    0.002927    5.588035 ^ _120_/CLK (sky130_fd_sc_hd__dfrtp_1)
                                 -0.005100    5.582935   clock uncertainty
                                  0.000000    5.582935   clock reconvergence pessimism
                                 -0.089650    5.493285   library setup time
                                              5.493285   data required time
---------------------------------------------------------------------------------------------
                                              5.493285   data required time
                                             -3.888146   data arrival time
---------------------------------------------------------------------------------------------
                                              1.605138   slack (MET)




===========================================================================
report_checks --slack_max -0.01
============================================================================
======================= min_ff_n40C_1v95 Corner ===================================

No paths found.


===========================================================================
 report_check_types -max_slew -max_cap -max_fanout -violators
============================================================================
======================= min_ff_n40C_1v95 Corner ===================================

max slew

Pin                                        Limit        Slew       Slack
------------------------------------------------------------------------
_071_/A1                                0.500000    0.536899   -0.036899 (VIOLATED)
ANTENNA__071__A1/DIODE                  0.500000    0.536898   -0.036898 (VIOLATED)
ANTENNA_wire69_X/DIODE                  0.500000    0.532016   -0.032016 (VIOLATED)
wire69/X                                0.500000    0.532016   -0.032016 (VIOLATED)

max fanout

Pin                                   Limit Fanout  Slack
---------------------------------------------------------
clkbuf_2_1__f_clk/X                      10     21    -11 (VIOLATED)
fanout83/X                               10     21    -11 (VIOLATED)
clkbuf_2_0__f_clk/X                      10     19     -9 (VIOLATED)
fanout86/X                               10     19     -9 (VIOLATED)
fanout84/X                               10     17     -7 (VIOLATED)
fanout87/X                               10     17     -7 (VIOLATED)
_128_/Q                                  10     15     -5 (VIOLATED)
_132_/Q                                  10     15     -5 (VIOLATED)
clkbuf_2_3__f_clk/X                      10     15     -5 (VIOLATED)
_129_/Q                                  10     13     -3 (VIOLATED)
_133_/Q                                  10     13     -3 (VIOLATED)
clkbuf_2_2__f_clk/X                      10     13     -3 (VIOLATED)
_130_/Q                                  10     11        (VIOLATED)
_134_/Q                                  10     11        (VIOLATED)

max capacitance

Pin                                        Limit         Cap       Slack
------------------------------------------------------------------------
mem_i1/dout1[0]                         0.027560    0.071723   -0.044163 (VIOLATED)



===========================================================================
report_parasitic_annotation -report_unannotated
============================================================================
Found 5 unannotated drivers.
 clkload0/X
 clkload1/Y
 clkload2/Y
 mem_i0_88/HI
 mem_i1_89/HI
Found 0 partially unannotated drivers.

===========================================================================
max slew violation count 4
max fanout violation count 14
max cap violation count 1
============================================================================

===========================================================================
check_setup -verbose -unconstrained_endpoints -multiple_clock -no_clock -no_input_delay -loops -generated_clocks
===========================================================================
Warning: There are 2 unconstrained endpoints.
  mem_i0/csb1
  mem_i1/csb1
