
===========================================================================
report_checks -unconstrained
===========================================================================
======================= min_ss_100C_1v60 Corner ===================================

Startpoint: rst (input port clocked by clk)
Endpoint: _588_ (recovery check against rising-edge clock clk)
Path Group: asynchronous
Path Type: max

Fanout         Cap        Slew       Delay        Time   Description
---------------------------------------------------------------------------------------------
                                  0.000000    0.000000   clock clk (rise edge)
                                  0.000000    0.000000   clock network delay (propagated)
                                  2.500000    2.500000 v input external delay
    25    0.107500    0.452373    0.327795    2.827796 v rst (in)
                                                         rst (net)
                      0.452373    0.000000    2.827796 v _304_/A (sky130_fd_sc_hd__inv_2)
     1    0.003263    0.107974    0.171762    2.999557 ^ _304_/Y (sky130_fd_sc_hd__inv_2)
                                                         _025_ (net)
                      0.107974    0.000000    2.999557 ^ _588_/RESET_B (sky130_fd_sc_hd__dfrtp_2)
                                              2.999557   data arrival time

                                  5.000000    5.000000   clock clk (rise edge)
                                  0.000000    5.000000   clock source latency
    61    0.116542    0.837705    0.583920    5.583920 ^ clk (in)
                                                         clk (net)
                      0.837705    0.000000    5.583920 ^ _588_/CLK (sky130_fd_sc_hd__dfrtp_2)
                                 -0.005000    5.578920   clock uncertainty
                                  0.000000    5.578920   clock reconvergence pessimism
                                  0.685681    6.264601   library recovery time
                                              6.264601   data required time
---------------------------------------------------------------------------------------------
                                              6.264601   data required time
                                             -2.999557   data arrival time
---------------------------------------------------------------------------------------------
                                              3.265043   slack (MET)


Startpoint: _605_ (rising edge-triggered flip-flop clocked by clk)
Endpoint: _604_ (rising edge-triggered flip-flop clocked by clk)
Path Group: clk
Path Type: max

Fanout         Cap        Slew       Delay        Time   Description
---------------------------------------------------------------------------------------------
                                  0.000000    0.000000   clock clk (rise edge)
                                  0.000000    0.000000   clock source latency
    61    0.116542    0.837705    0.583920    0.583920 ^ clk (in)
                                                         clk (net)
                      0.837705    0.000000    0.583920 ^ _605_/CLK (sky130_fd_sc_hd__dfrtp_2)
     8    0.031196    0.200477    1.242233    1.826153 v _605_/Q (sky130_fd_sc_hd__dfrtp_2)
                                                         tcout[1] (net)
                      0.200477    0.000000    1.826153 v _510_/A (sky130_fd_sc_hd__xnor2_2)
     2    0.006495    0.122509    0.307834    2.133987 v _510_/Y (sky130_fd_sc_hd__xnor2_2)
                                                         _262_ (net)
                      0.122509    0.000000    2.133987 v _512_/A2 (sky130_fd_sc_hd__o21ba_2)
     1    0.002139    0.056887    0.373868    2.507855 v _512_/X (sky130_fd_sc_hd__o21ba_2)
                                                         _264_ (net)
                      0.056887    0.000000    2.507855 v _513_/C1 (sky130_fd_sc_hd__a221o_2)
     1    0.001366    0.079124    0.538389    3.046244 v _513_/X (sky130_fd_sc_hd__a221o_2)
                                                         _265_ (net)
                      0.079124    0.000000    3.046244 v _515_/C (sky130_fd_sc_hd__or4_2)
     1    0.001366    0.197370    1.404626    4.450871 v _515_/X (sky130_fd_sc_hd__or4_2)
                                                         _267_ (net)
                      0.197370    0.000000    4.450871 v _520_/C (sky130_fd_sc_hd__or4_2)
     9    0.012375    0.294760    1.618938    6.069809 v _520_/X (sky130_fd_sc_hd__or4_2)
                                                         _272_ (net)
                      0.294760    0.000000    6.069809 v _521_/B (sky130_fd_sc_hd__and2b_2)
     1    0.001838    0.064682    0.500769    6.570578 v _521_/X (sky130_fd_sc_hd__and2b_2)
                                                         _016_ (net)
                      0.064682    0.000000    6.570578 v _604_/D (sky130_fd_sc_hd__dfrtp_2)
                                              6.570578   data arrival time

                                  5.000000    5.000000   clock clk (rise edge)
                                  0.000000    5.000000   clock source latency
    61    0.116542    0.837705    0.583920    5.583920 ^ clk (in)
                                                         clk (net)
                      0.837705    0.000000    5.583920 ^ _604_/CLK (sky130_fd_sc_hd__dfrtp_2)
                                 -0.005000    5.578920   clock uncertainty
                                  0.000000    5.578920   clock reconvergence pessimism
                                 -0.069828    5.509092   library setup time
                                              5.509092   data required time
---------------------------------------------------------------------------------------------
                                              5.509092   data required time
                                             -6.570578   data arrival time
---------------------------------------------------------------------------------------------
                                             -1.061486   slack (VIOLATED)




===========================================================================
report_checks --slack_max -0.01
============================================================================
======================= min_ss_100C_1v60 Corner ===================================

Startpoint: _605_ (rising edge-triggered flip-flop clocked by clk)
Endpoint: _604_ (rising edge-triggered flip-flop clocked by clk)
Path Group: clk
Path Type: max

Fanout         Cap        Slew       Delay        Time   Description
---------------------------------------------------------------------------------------------
                                  0.000000    0.000000   clock clk (rise edge)
                                  0.000000    0.000000   clock source latency
    61    0.116542    0.837705    0.583920    0.583920 ^ clk (in)
                                                         clk (net)
                      0.837705    0.000000    0.583920 ^ _605_/CLK (sky130_fd_sc_hd__dfrtp_2)
     8    0.031196    0.200477    1.242233    1.826153 v _605_/Q (sky130_fd_sc_hd__dfrtp_2)
                                                         tcout[1] (net)
                      0.200477    0.000000    1.826153 v _510_/A (sky130_fd_sc_hd__xnor2_2)
     2    0.006495    0.122509    0.307834    2.133987 v _510_/Y (sky130_fd_sc_hd__xnor2_2)
                                                         _262_ (net)
                      0.122509    0.000000    2.133987 v _512_/A2 (sky130_fd_sc_hd__o21ba_2)
     1    0.002139    0.056887    0.373868    2.507855 v _512_/X (sky130_fd_sc_hd__o21ba_2)
                                                         _264_ (net)
                      0.056887    0.000000    2.507855 v _513_/C1 (sky130_fd_sc_hd__a221o_2)
     1    0.001366    0.079124    0.538389    3.046244 v _513_/X (sky130_fd_sc_hd__a221o_2)
                                                         _265_ (net)
                      0.079124    0.000000    3.046244 v _515_/C (sky130_fd_sc_hd__or4_2)
     1    0.001366    0.197370    1.404626    4.450871 v _515_/X (sky130_fd_sc_hd__or4_2)
                                                         _267_ (net)
                      0.197370    0.000000    4.450871 v _520_/C (sky130_fd_sc_hd__or4_2)
     9    0.012375    0.294760    1.618938    6.069809 v _520_/X (sky130_fd_sc_hd__or4_2)
                                                         _272_ (net)
                      0.294760    0.000000    6.069809 v _521_/B (sky130_fd_sc_hd__and2b_2)
     1    0.001838    0.064682    0.500769    6.570578 v _521_/X (sky130_fd_sc_hd__and2b_2)
                                                         _016_ (net)
                      0.064682    0.000000    6.570578 v _604_/D (sky130_fd_sc_hd__dfrtp_2)
                                              6.570578   data arrival time

                                  5.000000    5.000000   clock clk (rise edge)
                                  0.000000    5.000000   clock source latency
    61    0.116542    0.837705    0.583920    5.583920 ^ clk (in)
                                                         clk (net)
                      0.837705    0.000000    5.583920 ^ _604_/CLK (sky130_fd_sc_hd__dfrtp_2)
                                 -0.005000    5.578920   clock uncertainty
                                  0.000000    5.578920   clock reconvergence pessimism
                                 -0.069828    5.509092   library setup time
                                              5.509092   data required time
---------------------------------------------------------------------------------------------
                                              5.509092   data required time
                                             -6.570578   data arrival time
---------------------------------------------------------------------------------------------
                                             -1.061486   slack (VIOLATED)




===========================================================================
 report_check_types -max_slew -max_cap -max_fanout -violators
============================================================================
======================= min_ss_100C_1v60 Corner ===================================

max slew

Pin                                        Limit        Slew       Slack
------------------------------------------------------------------------
mem_i/clk1                              0.500000    1.489253   -0.989253 (VIOLATED)
mem_i/clk0                              0.500000    1.116940   -0.616940 (VIOLATED)
clk                                     0.500000    0.837705   -0.337705 (VIOLATED)
_588_/CLK                               0.500000    0.837705   -0.337705 (VIOLATED)
_589_/CLK                               0.500000    0.837705   -0.337705 (VIOLATED)
_590_/CLK                               0.500000    0.837705   -0.337705 (VIOLATED)
_591_/CLK                               0.500000    0.837705   -0.337705 (VIOLATED)
_592_/CLK                               0.500000    0.837705   -0.337705 (VIOLATED)
_593_/CLK                               0.500000    0.837705   -0.337705 (VIOLATED)
_594_/CLK                               0.500000    0.837705   -0.337705 (VIOLATED)
_595_/CLK                               0.500000    0.837705   -0.337705 (VIOLATED)
_596_/CLK                               0.500000    0.837705   -0.337705 (VIOLATED)
_597_/CLK                               0.500000    0.837705   -0.337705 (VIOLATED)
_598_/CLK                               0.500000    0.837705   -0.337705 (VIOLATED)
_599_/CLK                               0.500000    0.837705   -0.337705 (VIOLATED)
_600_/CLK                               0.500000    0.837705   -0.337705 (VIOLATED)
_601_/CLK                               0.500000    0.837705   -0.337705 (VIOLATED)
_602_/CLK                               0.500000    0.837705   -0.337705 (VIOLATED)
_603_/CLK                               0.500000    0.837705   -0.337705 (VIOLATED)
_604_/CLK                               0.500000    0.837705   -0.337705 (VIOLATED)
_605_/CLK                               0.500000    0.837705   -0.337705 (VIOLATED)
_606_/CLK                               0.500000    0.837705   -0.337705 (VIOLATED)
_607_/CLK                               0.500000    0.837705   -0.337705 (VIOLATED)
_608_/CLK                               0.500000    0.837705   -0.337705 (VIOLATED)
_609_/CLK                               0.500000    0.837705   -0.337705 (VIOLATED)
_610_/CLK                               0.500000    0.837705   -0.337705 (VIOLATED)
_611_/CLK                               0.500000    0.837705   -0.337705 (VIOLATED)
_612_/CLK                               0.500000    0.837705   -0.337705 (VIOLATED)
_613_/CLK                               0.500000    0.837705   -0.337705 (VIOLATED)
_614_/CLK                               0.500000    0.837705   -0.337705 (VIOLATED)
_615_/CLK                               0.500000    0.837705   -0.337705 (VIOLATED)
_616_/CLK                               0.500000    0.837705   -0.337705 (VIOLATED)
_617_/CLK                               0.500000    0.837705   -0.337705 (VIOLATED)
_618_/CLK                               0.500000    0.837705   -0.337705 (VIOLATED)
_619_/CLK                               0.500000    0.837705   -0.337705 (VIOLATED)
_620_/CLK                               0.500000    0.837705   -0.337705 (VIOLATED)
_621_/CLK                               0.500000    0.837705   -0.337705 (VIOLATED)
_622_/CLK                               0.500000    0.837705   -0.337705 (VIOLATED)
_623_/CLK                               0.500000    0.837705   -0.337705 (VIOLATED)
_624_/CLK                               0.500000    0.837705   -0.337705 (VIOLATED)
_625_/CLK                               0.500000    0.837705   -0.337705 (VIOLATED)
_626_/CLK                               0.500000    0.837705   -0.337705 (VIOLATED)
_627_/CLK                               0.500000    0.837705   -0.337705 (VIOLATED)
_628_/CLK                               0.500000    0.837705   -0.337705 (VIOLATED)
_629_/CLK                               0.500000    0.837705   -0.337705 (VIOLATED)
_630_/CLK                               0.500000    0.837705   -0.337705 (VIOLATED)
_631_/CLK                               0.500000    0.837705   -0.337705 (VIOLATED)
_632_/CLK                               0.500000    0.837705   -0.337705 (VIOLATED)
_633_/CLK                               0.500000    0.837705   -0.337705 (VIOLATED)
_634_/CLK                               0.500000    0.837705   -0.337705 (VIOLATED)
_635_/CLK                               0.500000    0.837705   -0.337705 (VIOLATED)
_636_/CLK                               0.500000    0.837705   -0.337705 (VIOLATED)
_637_/CLK                               0.500000    0.837705   -0.337705 (VIOLATED)
_638_/CLK                               0.500000    0.837705   -0.337705 (VIOLATED)
_639_/CLK                               0.500000    0.837705   -0.337705 (VIOLATED)
_640_/CLK                               0.500000    0.837705   -0.337705 (VIOLATED)
_641_/CLK                               0.500000    0.837705   -0.337705 (VIOLATED)
_642_/CLK                               0.500000    0.837705   -0.337705 (VIOLATED)
_643_/CLK                               0.500000    0.837705   -0.337705 (VIOLATED)
_644_/CLK                               0.500000    0.837705   -0.337705 (VIOLATED)
_645_/CLK                               0.500000    0.837705   -0.337705 (VIOLATED)
_646_/CLK                               0.500000    0.837705   -0.337705 (VIOLATED)
mem_i/addr1[1]                          0.040000    0.371153   -0.331153 (VIOLATED)
rst                                     0.500000    0.828259   -0.328259 (VIOLATED)
_304_/A                                 0.500000    0.828259   -0.328259 (VIOLATED)
_564_/A                                 0.500000    0.828259   -0.328259 (VIOLATED)
_565_/A                                 0.500000    0.828259   -0.328259 (VIOLATED)
_566_/A                                 0.500000    0.828259   -0.328259 (VIOLATED)
_567_/A                                 0.500000    0.828259   -0.328259 (VIOLATED)
_568_/A                                 0.500000    0.828259   -0.328259 (VIOLATED)
_569_/A                                 0.500000    0.828259   -0.328259 (VIOLATED)
_570_/A                                 0.500000    0.828259   -0.328259 (VIOLATED)
_571_/A                                 0.500000    0.828259   -0.328259 (VIOLATED)
_572_/A                                 0.500000    0.828259   -0.328259 (VIOLATED)
_573_/A                                 0.500000    0.828259   -0.328259 (VIOLATED)
_574_/A                                 0.500000    0.828259   -0.328259 (VIOLATED)
_575_/A                                 0.500000    0.828259   -0.328259 (VIOLATED)
_576_/A                                 0.500000    0.828259   -0.328259 (VIOLATED)
_577_/A                                 0.500000    0.828259   -0.328259 (VIOLATED)
_578_/A                                 0.500000    0.828259   -0.328259 (VIOLATED)
_579_/A                                 0.500000    0.828259   -0.328259 (VIOLATED)
_580_/A                                 0.500000    0.828259   -0.328259 (VIOLATED)
_581_/A                                 0.500000    0.828259   -0.328259 (VIOLATED)
_582_/A                                 0.500000    0.828259   -0.328259 (VIOLATED)
_583_/A                                 0.500000    0.828259   -0.328259 (VIOLATED)
_584_/A                                 0.500000    0.828259   -0.328259 (VIOLATED)
_585_/A                                 0.500000    0.828259   -0.328259 (VIOLATED)
_586_/A                                 0.500000    0.828259   -0.328259 (VIOLATED)
_587_/A                                 0.500000    0.828259   -0.328259 (VIOLATED)
mem_i/addr1[0]                          0.040000    0.364974   -0.324974 (VIOLATED)
mem_i/addr1[2]                          0.040000    0.318439   -0.278439 (VIOLATED)
mem_i/addr1[4]                          0.040000    0.305880   -0.265880 (VIOLATED)
mem_i/addr1[7]                          0.040000    0.270928   -0.230928 (VIOLATED)
mem_i/addr1[6]                          0.040000    0.256573   -0.216573 (VIOLATED)
mem_i/addr1[5]                          0.040000    0.252563   -0.212563 (VIOLATED)
mem_i/addr1[3]                          0.040000    0.252509   -0.212509 (VIOLATED)
_406_/Y                                 0.500000    0.647607   -0.147607 (VIOLATED)
_409_/S                                 0.500000    0.647607   -0.147607 (VIOLATED)
_415_/S                                 0.500000    0.647607   -0.147607 (VIOLATED)
_421_/B2                                0.500000    0.647607   -0.147607 (VIOLATED)
_436_/B1                                0.500000    0.647607   -0.147607 (VIOLATED)
_495_/B                                 0.500000    0.647607   -0.147607 (VIOLATED)
_496_/B                                 0.500000    0.647607   -0.147607 (VIOLATED)
_499_/A1                                0.500000    0.647607   -0.147607 (VIOLATED)
_501_/A                                 0.500000    0.647607   -0.147607 (VIOLATED)
mem_i/addr0[0]                          0.040000    0.082683   -0.042683 (VIOLATED)
mem_i/addr0[1]                          0.040000    0.082683   -0.042683 (VIOLATED)
mem_i/addr0[2]                          0.040000    0.082683   -0.042683 (VIOLATED)
mem_i/addr0[3]                          0.040000    0.082683   -0.042683 (VIOLATED)
mem_i/addr0[4]                          0.040000    0.082683   -0.042683 (VIOLATED)
mem_i/addr0[5]                          0.040000    0.082683   -0.042683 (VIOLATED)
mem_i/addr0[6]                          0.040000    0.082683   -0.042683 (VIOLATED)
mem_i/addr0[7]                          0.040000    0.082683   -0.042683 (VIOLATED)
_303_/Y                                 0.500000    0.525789   -0.025789 (VIOLATED)
_333_/A                                 0.500000    0.525789   -0.025789 (VIOLATED)
_368_/A                                 0.500000    0.525789   -0.025789 (VIOLATED)
_381_/C1                                0.500000    0.525789   -0.025789 (VIOLATED)
_382_/C1                                0.500000    0.525789   -0.025789 (VIOLATED)
_413_/A                                 0.500000    0.525789   -0.025789 (VIOLATED)
_423_/A                                 0.500000    0.525789   -0.025789 (VIOLATED)
_445_/A                                 0.500000    0.525789   -0.025789 (VIOLATED)
_455_/A                                 0.500000    0.525789   -0.025789 (VIOLATED)
_483_/A                                 0.500000    0.525789   -0.025789 (VIOLATED)
_486_/B1                                0.500000    0.525789   -0.025789 (VIOLATED)

max fanout

Pin                                   Limit Fanout  Slack
---------------------------------------------------------
clk                                      10     61    -51 (VIOLATED)
rst                                      10     25    -15 (VIOLATED)
num[3]                                   10     24    -14 (VIOLATED)
num[1]                                   10     19     -9 (VIOLATED)
num[2]                                   10     19     -9 (VIOLATED)
_645_/Q                                  10     16     -6 (VIOLATED)
_444_/X                                  10     13     -3 (VIOLATED)
num[0]                                   10     12     -2 (VIOLATED)



===========================================================================
report_parasitic_annotation -report_unannotated
============================================================================
Found 486 unannotated drivers.
 addr00[0]
 addr00[1]
 addr00[2]
 addr00[3]
 addr00[4]
 addr00[5]
 addr00[6]
 addr00[7]
 addr01[0]
 addr01[1]
 addr01[2]
 addr01[3]
 addr01[4]
 addr01[5]
 addr01[6]
 addr01[7]
 clk
 csb00
 csb01
 denum[0]
 denum[1]
 denum[2]
 denum[3]
 din00[0]
 din00[10]
 din00[11]
 din00[12]
 din00[13]
 din00[14]
 din00[15]
 din00[1]
 din00[2]
 din00[3]
 din00[4]
 din00[5]
 din00[6]
 din00[7]
 din00[8]
 din00[9]
 din01[0]
 din01[10]
 din01[11]
 din01[12]
 din01[13]
 din01[14]
 din01[15]
 din01[1]
 din01[2]
 din01[3]
 din01[4]
 din01[5]
 din01[6]
 din01[7]
 din01[8]
 din01[9]
 num[0]
 num[1]
 num[2]
 num[3]
 rst
 _297_/Y
 _298_/Y
 _299_/Y
 _300_/Y
 _301_/Y
 _302_/Y
 _303_/Y
 _304_/Y
 _305_/X
 _306_/X
 _307_/X
 _308_/Y
 _309_/Y
 _310_/X
 _311_/X
 _312_/Y
 _313_/Y
 _314_/X
 _315_/Y
 _316_/X
 _317_/Y
 _318_/X
 _319_/X
 _320_/X
 _321_/X
 _322_/Y
 _323_/Y
 _324_/X
 _325_/X
 _326_/Y
 _327_/X
 _328_/X
 _329_/Y
 _330_/Y
 _331_/X
 _332_/Y
 _333_/Y
 _334_/Y
 _335_/X
 _336_/X
 _337_/X
 _338_/Y
 _339_/Y
 _340_/X
 _341_/X
 _342_/X
 _343_/X
 _344_/Y
 _345_/Y
 _346_/X
 _347_/Y
 _348_/Y
 _349_/X
 _350_/X
 _351_/X
 _352_/X
 _353_/X
 _354_/Y
 _355_/Y
 _356_/Y
 _357_/X
 _358_/X
 _359_/X
 _360_/X
 _361_/X
 _362_/X
 _363_/X
 _364_/X
 _365_/Y
 _366_/X
 _367_/Y
 _368_/Y
 _369_/Y
 _370_/X
 _371_/Y
 _372_/X
 _373_/X
 _374_/Y
 _375_/Y
 _376_/X
 _377_/Y
 _378_/X
 _379_/X
 _380_/Y
 _381_/X
 _382_/X
 _383_/X
 _384_/Y
 _385_/Y
 _386_/X
 _387_/Y
 _388_/Y
 _389_/Y
 _390_/X
 _391_/Y
 _392_/Y
 _393_/X
 _394_/X
 _395_/X
 _396_/Y
 _397_/Y
 _398_/Y
 _399_/X
 _400_/Y
 _401_/X
 _402_/Y
 _403_/Y
 _404_/X
 _405_/Y
 _406_/Y
 _407_/Y
 _408_/X
 _409_/X
 _410_/X
 _411_/Y
 _412_/Y
 _413_/Y
 _414_/Y
 _415_/X
 _416_/Y
 _417_/Y
 _418_/Y
 _419_/Y
 _420_/Y
 _421_/X
 _422_/Y
 _423_/Y
 _424_/Y
 _425_/X
 _426_/X
 _427_/X
 _428_/Y
 _429_/X
 _430_/Y
 _431_/X
 _432_/Y
 _433_/X
 _434_/X
 _435_/Y
 _436_/X
 _437_/X
 _438_/X
 _439_/X
 _440_/X
 _441_/Y
 _442_/X
 _443_/X
 _444_/X
 _445_/Y
 _446_/Y
 _447_/X
 _448_/X
 _449_/Y
 _450_/Y
 _451_/Y
 _452_/X
 _453_/X
 _454_/Y
 _455_/Y
 _456_/Y
 _457_/X
 _458_/Y
 _459_/Y
 _460_/Y
 _461_/X
 _462_/X
 _463_/X
 _464_/Y
 _465_/Y
 _466_/X
 _467_/Y
 _468_/X
 _469_/X
 _470_/X
 _471_/Y
 _472_/X
 _473_/Y
 _474_/Y
 _475_/X
 _476_/Y
 _477_/Y
 _478_/Y
 _479_/X
 _480_/X
 _481_/Y
 _482_/X
 _483_/Y
 _484_/Y
 _485_/X
 _486_/Y
 _487_/X
 _488_/X
 _489_/X
 _490_/Y
 _491_/X
 _492_/X
 _493_/X
 _494_/Y
 _495_/X
 _496_/Y
 _497_/Y
 _498_/Y
 _499_/X
 _500_/X
 _501_/Y
 _502_/Y
 _503_/Y
 _504_/X
 _505_/Y
 _506_/Y
 _507_/Y
 _508_/X
 _509_/X
 _510_/Y
 _511_/Y
 _512_/X
 _513_/X
 _514_/Y
 _515_/X
 _516_/X
 _517_/X
 _518_/Y
 _519_/X
 _520_/X
 _521_/X
 _522_/X
 _523_/Y
 _524_/X
 _525_/Y
 _526_/X
 _527_/X
 _528_/X
 _529_/Y
 _530_/X
 _531_/X
 _532_/Y
 _533_/X
 _534_/X
 _535_/X
 _536_/Y
 _537_/X
 _538_/X
 _539_/X
 _540_/Y
 _541_/X
 _542_/X
 _543_/Y
 _544_/X
 _545_/X
 _546_/Y
 _547_/X
 _548_/X
 _549_/X
 _550_/X
 _551_/X
 _552_/X
 _553_/X
 _554_/X
 _555_/X
 _556_/X
 _557_/X
 _558_/X
 _559_/X
 _560_/X
 _561_/X
 _562_/X
 _563_/X
 _564_/Y
 _565_/Y
 _566_/Y
 _567_/Y
 _568_/Y
 _569_/Y
 _570_/Y
 _571_/Y
 _572_/Y
 _573_/Y
 _574_/Y
 _575_/Y
 _576_/Y
 _577_/Y
 _578_/Y
 _579_/Y
 _580_/Y
 _581_/Y
 _582_/Y
 _583_/Y
 _584_/Y
 _585_/Y
 _586_/Y
 _587_/Y
 _588_/Q
 _589_/Q
 _590_/Q
 _591_/Q
 _592_/Q
 _593_/Q
 _594_/Q
 _595_/Q
 _596_/Q
 _597_/Q
 _598_/Q
 _599_/Q
 _600_/Q
 _601_/Q
 _602_/Q
 _603_/Q
 _604_/Q
 _605_/Q
 _606_/Q
 _607_/Q
 _608_/Q
 _609_/Q
 _610_/Q
 _611_/Q
 _612_/Q
 _613_/Q
 _614_/Q
 _615_/Q
 _616_/Q
 _617_/Q
 _618_/Q
 _619_/Q
 _620_/Q
 _621_/Q
 _622_/Q
 _623_/Q
 _624_/Q
 _625_/Q
 _626_/Q
 _627_/Q
 _628_/Q
 _629_/Q
 _630_/Q
 _631_/Q
 _632_/Q
 _633_/Q
 _634_/Q
 _635_/Q
 _636_/Q
 _637_/Q
 _638_/Q
 _639_/Q
 _640_/Q
 _641_/Q
 _642_/Q
 _643_/Q
 _644_/Q
 _645_/Q
 _646_/Q
 _647_/HI
 _647_/LO
 _648_/HI
 _648_/LO
 _649_/HI
 _649_/LO
 _650_/HI
 _650_/LO
 _651_/HI
 _651_/LO
 _652_/HI
 _652_/LO
 mem_i/dout0[0]
 mem_i/dout0[10]
 mem_i/dout0[11]
 mem_i/dout0[12]
 mem_i/dout0[13]
 mem_i/dout0[14]
 mem_i/dout0[15]
 mem_i/dout0[16]
 mem_i/dout0[17]
 mem_i/dout0[18]
 mem_i/dout0[19]
 mem_i/dout0[1]
 mem_i/dout0[20]
 mem_i/dout0[21]
 mem_i/dout0[22]
 mem_i/dout0[23]
 mem_i/dout0[24]
 mem_i/dout0[25]
 mem_i/dout0[26]
 mem_i/dout0[27]
 mem_i/dout0[28]
 mem_i/dout0[29]
 mem_i/dout0[2]
 mem_i/dout0[30]
 mem_i/dout0[31]
 mem_i/dout0[3]
 mem_i/dout0[4]
 mem_i/dout0[5]
 mem_i/dout0[6]
 mem_i/dout0[7]
 mem_i/dout0[8]
 mem_i/dout0[9]
 mem_i/dout1[0]
 mem_i/dout1[10]
 mem_i/dout1[11]
 mem_i/dout1[12]
 mem_i/dout1[13]
 mem_i/dout1[14]
 mem_i/dout1[15]
 mem_i/dout1[16]
 mem_i/dout1[17]
 mem_i/dout1[18]
 mem_i/dout1[19]
 mem_i/dout1[1]
 mem_i/dout1[20]
 mem_i/dout1[21]
 mem_i/dout1[22]
 mem_i/dout1[23]
 mem_i/dout1[24]
 mem_i/dout1[25]
 mem_i/dout1[26]
 mem_i/dout1[27]
 mem_i/dout1[28]
 mem_i/dout1[29]
 mem_i/dout1[2]
 mem_i/dout1[30]
 mem_i/dout1[31]
 mem_i/dout1[3]
 mem_i/dout1[4]
 mem_i/dout1[5]
 mem_i/dout1[6]
 mem_i/dout1[7]
 mem_i/dout1[8]
 mem_i/dout1[9]
Found 0 partially unannotated drivers.

===========================================================================
max slew violation count 124
max fanout violation count 8
max cap violation count 0
============================================================================

===========================================================================
check_setup -verbose -unconstrained_endpoints -multiple_clock -no_clock -no_input_delay -loops -generated_clocks
===========================================================================
Warning: There are 8 input ports missing set_input_delay.
  denum[0]
  denum[1]
  denum[2]
  denum[3]
  num[0]
  num[1]
  num[2]
  num[3]
Warning: There are 6 unconstrained endpoints.
  mem_i/csb1
  mem_i/web0
  mem_i/wmask0[0]
  mem_i/wmask0[1]
  mem_i/wmask0[2]
  mem_i/wmask0[3]
