Clock: clk
Sources: clk 
Generated: no
Virtual: yes
Propagated: no
Period: 5.000000

===========================================================================
report_clock_properties
============================================================================
Clock                   Period          Waveform
----------------------------------------------------
clk                   5.000000    0.000000  2.500000

===========================================================================
report_clock_latency
============================================================================
Clock clk
rise -> rise
    min     max
0.000000 0.000000 source latency
0.993329         network latency _623_/CLK
        1.090382 network latency mem_i/clk0
---------------
0.993329 1.090382 latency
        0.097054 skew

fall -> fall
    min     max
0.000000 0.000000 source latency
0.853071         network latency _623_/CLK
        0.930729 network latency mem_i/clk0
---------------
0.853071 0.930729 latency
        0.077658 skew



===========================================================================
report_clock_min_period
============================================================================
clk period_min = 4.98 fmax = 200.77
