
===========================================================================
 report_power
============================================================================
======================= max_ss_100C_1v60 Corner ===================================

Group                    Internal    Switching      Leakage        Total
                            Power        Power        Power        Power (Watts)
------------------------------------------------------------------------
Sequential           1.535891e-04 1.956167e-06 4.528914e-07 1.559982e-04  34.4%
Combinational        5.099793e-06 9.662589e-06 2.698110e-07 1.503219e-05   3.3%
Clock                1.312985e-04 1.506926e-04 8.595939e-08 2.820772e-04  62.3%
Macro                0.000000e+00 0.000000e+00 0.000000e+00 0.000000e+00   0.0%
Pad                  0.000000e+00 0.000000e+00 0.000000e+00 0.000000e+00   0.0%
------------------------------------------------------------------------
Total                2.899874e-04 1.623113e-04 8.086615e-07 4.531074e-04 100.0%
                            64.0%        35.8%         0.2%

