┏━━━━━━━━━━━━━━━━━━━━━━┳━━━━━━━━━━┳━━━━━━━━━━┳━━━━━━━━━━┳━━━━━━━━━━┳━━━━━━━━━━━┳━━━━━━━━━━┳━━━━━━━━━━━┳━━━━━━━━━━┳━━━━━━━━━━━┳━━━━━━━━━━┳━━━━━━━━━━━┳━━━━━━━━━━┓
┃                      ┃ Hold     ┃ Reg to   ┃          ┃          ┃ of which  ┃ Setup    ┃           ┃          ┃           ┃ of which ┃           ┃          ┃
┃                      ┃ Worst    ┃ Reg      ┃          ┃ Hold Vio ┃ reg to    ┃ Worst    ┃ Reg to    ┃ Setup    ┃ Setup Vio ┃ reg to   ┃ Max Cap   ┃ Max Slew ┃
┃ Corner/Group         ┃ Slack    ┃ Paths    ┃ Hold TNS ┃ Count    ┃ reg       ┃ Slack    ┃ Reg Paths ┃ TNS      ┃ Count     ┃ reg      ┃ Violatio… ┃ Violati… ┃
┡━━━━━━━━━━━━━━━━━━━━━━╇━━━━━━━━━━╇━━━━━━━━━━╇━━━━━━━━━━╇━━━━━━━━━━╇━━━━━━━━━━━╇━━━━━━━━━━╇━━━━━━━━━━━╇━━━━━━━━━━╇━━━━━━━━━━━╇━━━━━━━━━━╇━━━━━━━━━━━╇━━━━━━━━━━┩
│ Overall              │ 0.3853   │ 0.3853   │ 0.0000   │ 0        │ 0         │ -0.0214  │ -0.0214   │ -0.0214  │ 1         │ 1        │ 1         │ 130      │
│ nom_tt_025C_1v80     │ 0.5793   │ 0.5793   │ 0.0000   │ 0        │ 0         │ 1.1658   │ 1.1658    │ 0.0000   │ 0         │ 0        │ 1         │ 59       │
│ nom_ss_100C_1v60     │ 1.0944   │ 1.0944   │ 0.0000   │ 0        │ 0         │ 0.0312   │ 0.0312    │ 0.0000   │ 0         │ 0        │ 1         │ 116      │
│ nom_ff_n40C_1v95     │ 0.3887   │ 0.3887   │ 0.0000   │ 0        │ 0         │ 1.5617   │ 1.5617    │ 0.0000   │ 0         │ 0        │ 1         │ 28       │
│ min_tt_025C_1v80     │ 0.5743   │ 0.5743   │ 0.0000   │ 0        │ 0         │ 1.2324   │ 1.2324    │ 0.0000   │ 0         │ 0        │ 1         │ 46       │
│ min_ss_100C_1v60     │ 1.0846   │ 1.0846   │ 0.0000   │ 0        │ 0         │ 0.1434   │ 0.1434    │ 0.0000   │ 0         │ 0        │ 1         │ 111      │
│ min_ff_n40C_1v95     │ 0.3853   │ 0.3853   │ 0.0000   │ 0        │ 0         │ 1.6051   │ 1.6051    │ 0.0000   │ 0         │ 0        │ 1         │ 4        │
│ max_tt_025C_1v80     │ 0.5851   │ 0.5851   │ 0.0000   │ 0        │ 0         │ 1.1323   │ 1.1323    │ 0.0000   │ 0         │ 0        │ 1         │ 60       │
│ max_ss_100C_1v60     │ 1.1053   │ 1.1053   │ 0.0000   │ 0        │ 0         │ -0.0214  │ -0.0214   │ -0.0214  │ 1         │ 1        │ 1         │ 130      │
│ max_ff_n40C_1v95     │ 0.3931   │ 0.3931   │ 0.0000   │ 0        │ 0         │ 1.5386   │ 1.5387    │ 0.0000   │ 0         │ 0        │ 1         │ 30       │
└──────────────────────┴──────────┴──────────┴──────────┴──────────┴───────────┴──────────┴───────────┴──────────┴───────────┴──────────┴───────────┴──────────┘
