
===========================================================================
report_checks -unconstrained
===========================================================================
======================= min_tt_025C_1v80 Corner ===================================

Startpoint: rst (input port clocked by clk)
Endpoint: _603_ (recovery check against rising-edge clock clk)
Path Group: asynchronous
Path Type: max

Fanout         Cap        Slew       Delay        Time   Description
---------------------------------------------------------------------------------------------
                                  0.000000    0.000000   clock clk (rise edge)
                                  0.000000    0.000000   clock network delay (propagated)
                                  2.550000    2.550000 v input external delay
     2    0.003624    0.010543    0.005801    2.555801 v rst (in)
                                                         rst (net)
                      0.010543    0.000000    2.555801 v input59/A (sky130_fd_sc_hd__buf_1)
     3    0.019815    0.118970    0.146488    2.702289 v input59/X (sky130_fd_sc_hd__buf_1)
                                                         net59 (net)
                      0.119020    0.001210    2.703499 v fanout105/A (sky130_fd_sc_hd__clkbuf_8)
    17    0.094619    0.107839    0.234511    2.938010 v fanout105/X (sky130_fd_sc_hd__clkbuf_8)
                                                         net105 (net)
                      0.107839    0.000183    2.938194 v fanout104/A (sky130_fd_sc_hd__buf_4)
    19    0.063222    0.088076    0.225024    3.163218 v fanout104/X (sky130_fd_sc_hd__buf_4)
                                                         net104 (net)
                      0.088076    0.000111    3.163329 v fanout103/A (sky130_fd_sc_hd__buf_4)
    21    0.072294    0.097748    0.224248    3.387578 v fanout103/X (sky130_fd_sc_hd__buf_4)
                                                         net103 (net)
                      0.097756    0.000982    3.388560 v _578_/A (sky130_fd_sc_hd__inv_2)
     1    0.005487    0.042306    0.069892    3.458452 ^ _578_/Y (sky130_fd_sc_hd__inv_2)
                                                         _044_ (net)
                      0.042306    0.000051    3.458503 ^ _603_/RESET_B (sky130_fd_sc_hd__dfrtp_4)
                                              3.458503   data arrival time

                                  5.100000    5.100000   clock clk (rise edge)
                                  0.000000    5.100000   clock source latency
     2    0.087073    0.396323    0.283719    5.383719 ^ clk (in)
                                                         clk (net)
                      0.398922    0.000000    5.383719 ^ clkbuf_0_clk/A (sky130_fd_sc_hd__clkbuf_16)
     9    0.102706    0.122329    0.285163    5.668882 ^ clkbuf_0_clk/X (sky130_fd_sc_hd__clkbuf_16)
                                                         clknet_0_clk (net)
                      0.122562    0.003415    5.672297 ^ clkbuf_2_0_0_clk/A (sky130_fd_sc_hd__clkbuf_8)
     5    0.028910    0.064659    0.171737    5.844035 ^ clkbuf_2_0_0_clk/X (sky130_fd_sc_hd__clkbuf_8)
                                                         clknet_2_0_0_clk (net)
                      0.064666    0.000703    5.844738 ^ clkbuf_3_1__f_clk/A (sky130_fd_sc_hd__clkbuf_16)
    27    0.069369    0.086713    0.170549    6.015287 ^ clkbuf_3_1__f_clk/X (sky130_fd_sc_hd__clkbuf_16)
                                                         clknet_3_1__leaf_clk (net)
                      0.086736    0.001378    6.016666 ^ _603_/CLK (sky130_fd_sc_hd__dfrtp_4)
                                 -0.005100    6.011566   clock uncertainty
                                  0.000000    6.011566   clock reconvergence pessimism
                                  0.230946    6.242512   library recovery time
                                              6.242512   data required time
---------------------------------------------------------------------------------------------
                                              6.242512   data required time
                                             -3.458503   data arrival time
---------------------------------------------------------------------------------------------
                                              2.784009   slack (MET)


Startpoint: _594_ (rising edge-triggered flip-flop clocked by clk)
Endpoint: sine_out[10] (output port clocked by clk)
Path Group: clk
Path Type: max

Fanout         Cap        Slew       Delay        Time   Description
---------------------------------------------------------------------------------------------
                                  0.000000    0.000000   clock clk (rise edge)
                                  0.000000    0.000000   clock source latency
     2    0.087073    0.396323    0.283719    0.283719 ^ clk (in)
                                                         clk (net)
                      0.398922    0.000000    0.283719 ^ clkbuf_0_clk/A (sky130_fd_sc_hd__clkbuf_16)
     9    0.102706    0.122329    0.285164    0.568883 ^ clkbuf_0_clk/X (sky130_fd_sc_hd__clkbuf_16)
                                                         clknet_0_clk (net)
                      0.123136    0.007508    0.576391 ^ clkbuf_2_1_0_clk/A (sky130_fd_sc_hd__clkbuf_8)
     5    0.041285    0.083911    0.186679    0.763070 ^ clkbuf_2_1_0_clk/X (sky130_fd_sc_hd__clkbuf_8)
                                                         clknet_2_1_0_clk (net)
                      0.083961    0.001904    0.764974 ^ clkbuf_3_2__f_clk/A (sky130_fd_sc_hd__clkbuf_16)
    21    0.050571    0.069322    0.163862    0.928836 ^ clkbuf_3_2__f_clk/X (sky130_fd_sc_hd__clkbuf_16)
                                                         clknet_3_2__leaf_clk (net)
                      0.069343    0.001131    0.929968 ^ _594_/CLK (sky130_fd_sc_hd__dfrtp_1)
     3    0.019872    0.181520    0.431617    1.361584 ^ _594_/Q (sky130_fd_sc_hd__dfrtp_1)
                                                         net61 (net)
                      0.181524    0.001152    1.362736 ^ output61/A (sky130_fd_sc_hd__buf_2)
     1    0.033917    0.168943    0.241786    1.604522 ^ output61/X (sky130_fd_sc_hd__buf_2)
                                                         sine_out[10] (net)
                      0.168943    0.000168    1.604690 ^ sine_out[10] (out)
                                              1.604690   data arrival time

                                  5.100000    5.100000   clock clk (rise edge)
                                  0.000000    5.100000   clock network delay (propagated)
                                 -0.005100    5.094900   clock uncertainty
                                  0.000000    5.094900   clock reconvergence pessimism
                                 -2.295000    2.799900   output external delay
                                              2.799900   data required time
---------------------------------------------------------------------------------------------
                                              2.799900   data required time
                                             -1.604690   data arrival time
---------------------------------------------------------------------------------------------
                                              1.195210   slack (MET)




===========================================================================
report_checks --slack_max -0.01
============================================================================
======================= min_tt_025C_1v80 Corner ===================================

No paths found.


===========================================================================
 report_check_types -max_slew -max_cap -max_fanout -violators
============================================================================
======================= min_tt_025C_1v80 Corner ===================================

max slew

Pin                                        Limit        Slew       Slack
------------------------------------------------------------------------
mem_i1/addr1[1]                         0.500000    0.815314   -0.315314 (VIOLATED)
ANTENNA__632__D/DIODE                   0.500000    0.700968   -0.200968 (VIOLATED)
_632_/D                                 0.500000    0.700968   -0.200968 (VIOLATED)
ANTENNA_wire89_X/DIODE                  0.500000    0.697346   -0.197346 (VIOLATED)
wire89/X                                0.500000    0.697346   -0.197346 (VIOLATED)
ANTENNA__633__D/DIODE                   0.500000    0.668516   -0.168516 (VIOLATED)
_633_/D                                 0.500000    0.668516   -0.168516 (VIOLATED)
ANTENNA_wire88_X/DIODE                  0.500000    0.665065   -0.165065 (VIOLATED)
wire88/X                                0.500000    0.665065   -0.165065 (VIOLATED)
ANTENNA__635__D/DIODE                   0.500000    0.623130   -0.123130 (VIOLATED)
_635_/D                                 0.500000    0.623130   -0.123130 (VIOLATED)
ANTENNA_wire98_X/DIODE                  0.500000    0.620153   -0.120153 (VIOLATED)
wire98/X                                0.500000    0.620153   -0.120153 (VIOLATED)
ANTENNA_mem_i1_addr1[1]/DIODE           0.500000    0.611482   -0.111482 (VIOLATED)
ANTENNA_rebuffer3_X/DIODE               0.500000    0.610942   -0.110942 (VIOLATED)
rebuffer3/X                             0.500000    0.610942   -0.110942 (VIOLATED)
ANTENNA__634__D/DIODE                   0.500000    0.598711   -0.098711 (VIOLATED)
_634_/D                                 0.500000    0.598711   -0.098711 (VIOLATED)
ANTENNA_wire87_X/DIODE                  0.500000    0.595873   -0.095873 (VIOLATED)
wire87/X                                0.500000    0.595873   -0.095873 (VIOLATED)
_631_/D                                 0.500000    0.535241   -0.035241 (VIOLATED)
ANTENNA__631__D/DIODE                   0.500000    0.535239   -0.035239 (VIOLATED)
ANTENNA_wire90_X/DIODE                  0.500000    0.531870   -0.031870 (VIOLATED)
wire90/X                                0.500000    0.531870   -0.031870 (VIOLATED)
_628_/D                                 0.500000    0.502557   -0.002557 (VIOLATED)
ANTENNA__628__D/DIODE                   0.500000    0.502555   -0.002555 (VIOLATED)
ANTENNA_wire92_X/DIODE                  0.500000    0.500473   -0.000473 (VIOLATED)
wire92/X                                0.500000    0.500473   -0.000473 (VIOLATED)

max fanout

Pin                                   Limit Fanout  Slack
---------------------------------------------------------
clkbuf_3_1__f_clk/X                      10     27    -17 (VIOLATED)
clkbuf_3_0__f_clk/X                      10     21    -11 (VIOLATED)
clkbuf_3_2__f_clk/X                      10     21    -11 (VIOLATED)
clkbuf_3_6__f_clk/X                      10     21    -11 (VIOLATED)
fanout100/X                              10     21    -11 (VIOLATED)
fanout102/X                              10     21    -11 (VIOLATED)
fanout103/X                              10     21    -11 (VIOLATED)
fanout104/X                              10     19     -9 (VIOLATED)
fanout105/X                              10     17     -7 (VIOLATED)
_602_/Q                                  10     15     -5 (VIOLATED)
_604_/Q                                  10     15     -5 (VIOLATED)
_606_/Q                                  10     15     -5 (VIOLATED)
clkbuf_3_3__f_clk/X                      10     15     -5 (VIOLATED)
clkbuf_3_4__f_clk/X                      10     13     -3 (VIOLATED)
clkbuf_3_7__f_clk/X                      10     13     -3 (VIOLATED)
fanout101/X                              10     13     -3 (VIOLATED)
_603_/Q                                  10     11        (VIOLATED)
_605_/Q                                  10     11        (VIOLATED)
_607_/Q                                  10     11        (VIOLATED)
clkbuf_3_5__f_clk/X                      10     11        (VIOLATED)

max capacitance

Pin                                        Limit         Cap       Slack
------------------------------------------------------------------------
mem_i1/dout1[13]                        0.027560    0.035592   -0.008032 (VIOLATED)
mem_i1/dout1[4]                         0.027560    0.029895   -0.002335 (VIOLATED)



===========================================================================
report_parasitic_annotation -report_unannotated
============================================================================
Found 6 unannotated drivers.
 clkload0/Y
 clkload1/X
 clkload2/X
 clkload3/Y
 mem_i0_114/HI
 mem_i1_115/HI
Found 0 partially unannotated drivers.

===========================================================================
max slew violation count 28
max fanout violation count 20
max cap violation count 2
============================================================================

===========================================================================
check_setup -verbose -unconstrained_endpoints -multiple_clock -no_clock -no_input_delay -loops -generated_clocks
===========================================================================
Warning: There are 8 input ports missing set_input_delay.
  denum[0]
  denum[1]
  denum[2]
  denum[3]
  num[0]
  num[1]
  num[2]
  num[3]
Warning: There are 2 unconstrained endpoints.
  mem_i0/csb1
  mem_i1/csb1
