
===========================================================================
report_checks -unconstrained
===========================================================================
======================= min_tt_025C_1v80 Corner ===================================

Startpoint: rst (input port clocked by clk)
Endpoint: _796_ (recovery check against rising-edge clock clk)
Path Group: asynchronous
Path Type: max

Fanout         Cap        Slew       Delay        Time   Description
---------------------------------------------------------------------------------------------
                                  0.000000    0.000000   clock clk (rise edge)
                                  0.000000    0.000000   clock network delay (propagated)
                                  2.000000    2.000000 v input external delay
     1    0.002626    0.008229    0.004122    2.004122 v rst (in)
                                                         rst (net)
                      0.008229    0.000000    2.004122 v input1/A (sky130_fd_sc_hd__clkbuf_4)
     8    0.045251    0.099351    0.183479    2.187602 v input1/X (sky130_fd_sc_hd__clkbuf_4)
                                                         net1 (net)
                      0.099361    0.001014    2.188616 v _788_/A (sky130_fd_sc_hd__inv_2)
     1    0.004906    0.040797    0.068418    2.257034 ^ _788_/Y (sky130_fd_sc_hd__inv_2)
                                                         _014_ (net)
                      0.040797    0.000055    2.257089 ^ _796_/RESET_B (sky130_fd_sc_hd__dfrtp_1)
                                              2.257089   data arrival time

                                 10.000000   10.000000   clock clk (rise edge)
                                  0.000000   10.000000   clock source latency
     1    0.009336    0.048456    0.031856   10.031857 ^ clk (in)
                                                         clk (net)
                      0.048457    0.000000   10.031857 ^ clkbuf_0_clk/A (sky130_fd_sc_hd__clkbuf_16)
     2    0.019325    0.041269    0.126021   10.157878 ^ clkbuf_0_clk/X (sky130_fd_sc_hd__clkbuf_16)
                                                         clknet_0_clk (net)
                      0.041269    0.000250   10.158128 ^ clkbuf_1_1__f_clk/A (sky130_fd_sc_hd__clkbuf_16)
     4    0.010884    0.034087    0.115366   10.273495 ^ clkbuf_1_1__f_clk/X (sky130_fd_sc_hd__clkbuf_16)
                                                         clknet_1_1__leaf_clk (net)
                      0.034087    0.000056   10.273550 ^ _796_/CLK (sky130_fd_sc_hd__dfrtp_1)
                                 -0.250000   10.023550   clock uncertainty
                                  0.000000   10.023550   clock reconvergence pessimism
                                  0.228077   10.251627   library recovery time
                                             10.251627   data required time
---------------------------------------------------------------------------------------------
                                             10.251627   data required time
                                             -2.257089   data arrival time
---------------------------------------------------------------------------------------------
                                              7.994537   slack (MET)


Startpoint: _790_ (rising edge-triggered flip-flop clocked by clk)
Endpoint: sine_out[2] (output port clocked by clk)
Path Group: clk
Path Type: max

Fanout         Cap        Slew       Delay        Time   Description
---------------------------------------------------------------------------------------------
                                  0.000000    0.000000   clock clk (rise edge)
                                  0.000000    0.000000   clock source latency
     1    0.009336    0.048456    0.031856    0.031856 ^ clk (in)
                                                         clk (net)
                      0.048457    0.000000    0.031856 ^ clkbuf_0_clk/A (sky130_fd_sc_hd__clkbuf_16)
     2    0.019325    0.041269    0.126021    0.157877 ^ clkbuf_0_clk/X (sky130_fd_sc_hd__clkbuf_16)
                                                         clknet_0_clk (net)
                      0.041269    0.000203    0.158080 ^ clkbuf_1_0__f_clk/A (sky130_fd_sc_hd__clkbuf_16)
     4    0.013029    0.035917    0.117396    0.275477 ^ clkbuf_1_0__f_clk/X (sky130_fd_sc_hd__clkbuf_16)
                                                         clknet_1_0__leaf_clk (net)
                      0.035917    0.000190    0.275666 ^ _790_/CLK (sky130_fd_sc_hd__dfrtp_1)
     1    0.003522    0.042667    0.354335    0.630002 v _790_/Q (sky130_fd_sc_hd__dfrtp_1)
                                                         tcout[0] (net)
                      0.042667    0.000051    0.630053 v fanout79/A (sky130_fd_sc_hd__clkbuf_2)
     6    0.032723    0.127024    0.183074    0.813127 v fanout79/X (sky130_fd_sc_hd__clkbuf_2)
                                                         net79 (net)
                      0.127026    0.000633    0.813760 v fanout76/A (sky130_fd_sc_hd__clkbuf_4)
    10    0.054425    0.112881    0.250112    1.063872 v fanout76/X (sky130_fd_sc_hd__clkbuf_4)
                                                         net76 (net)
                      0.112881    0.000538    1.064410 v fanout75/A (sky130_fd_sc_hd__clkbuf_8)
    10    0.070757    0.087276    0.220589    1.284999 v fanout75/X (sky130_fd_sc_hd__clkbuf_8)
                                                         net75 (net)
                      0.087374    0.002606    1.287605 v _432_/A (sky130_fd_sc_hd__xnor2_4)
     9    0.038507    0.321321    0.325706    1.613311 ^ _432_/Y (sky130_fd_sc_hd__xnor2_4)
                                                         _375_ (net)
                      0.321322    0.000485    1.613796 ^ _433_/A (sky130_fd_sc_hd__inv_2)
     5    0.027992    0.115465    0.144298    1.758094 v _433_/Y (sky130_fd_sc_hd__inv_2)
                                                         _001_ (net)
                      0.115465    0.000128    1.758222 v fanout18/A (sky130_fd_sc_hd__buf_2)
    10    0.044984    0.109586    0.230258    1.988480 v fanout18/X (sky130_fd_sc_hd__buf_2)
                                                         net18 (net)
                      0.109588    0.000707    1.989186 v _527_/A2 (sky130_fd_sc_hd__a21oi_1)
     2    0.007386    0.195160    0.226277    2.215464 ^ _527_/Y (sky130_fd_sc_hd__a21oi_1)
                                                         _096_ (net)
                      0.195160    0.000042    2.215506 ^ _528_/B1 (sky130_fd_sc_hd__a211oi_1)
     1    0.004325    0.087455    0.085321    2.300827 v _528_/Y (sky130_fd_sc_hd__a211oi_1)
                                                         _097_ (net)
                      0.087455    0.000064    2.300891 v _536_/B (sky130_fd_sc_hd__or4_1)
     1    0.003301    0.086450    0.512827    2.813718 v _536_/X (sky130_fd_sc_hd__or4_1)
                                                         _105_ (net)
                      0.086450    0.000038    2.813756 v _544_/C1 (sky130_fd_sc_hd__o311a_1)
     1    0.002624    0.050287    0.118699    2.932454 v _544_/X (sky130_fd_sc_hd__o311a_1)
                                                         _113_ (net)
                      0.050287    0.000024    2.932478 v _568_/B1 (sky130_fd_sc_hd__a31o_1)
     1    0.003701    0.041112    0.185908    3.118386 v _568_/X (sky130_fd_sc_hd__a31o_1)
                                                         net10 (net)
                      0.041112    0.000044    3.118430 v output10/A (sky130_fd_sc_hd__buf_2)
     1    0.033904    0.088542    0.178127    3.296557 v output10/X (sky130_fd_sc_hd__buf_2)
                                                         sine_out[2] (net)
                      0.088542    0.000180    3.296737 v sine_out[2] (out)
                                              3.296737   data arrival time

                                 10.000000   10.000000   clock clk (rise edge)
                                  0.000000   10.000000   clock network delay (propagated)
                                 -0.250000    9.750000   clock uncertainty
                                  0.000000    9.750000   clock reconvergence pessimism
                                 -2.000000    7.750000   output external delay
                                              7.750000   data required time
---------------------------------------------------------------------------------------------
                                              7.750000   data required time
                                             -3.296737   data arrival time
---------------------------------------------------------------------------------------------
                                              4.453263   slack (MET)




===========================================================================
report_checks --slack_max -0.01
============================================================================
======================= min_tt_025C_1v80 Corner ===================================

No paths found.


===========================================================================
 report_check_types -max_slew -max_cap -max_fanout -violators
============================================================================
======================= min_tt_025C_1v80 Corner ===================================



===========================================================================
report_parasitic_annotation -report_unannotated
============================================================================
Found 0 unannotated drivers.
Found 0 partially unannotated drivers.

===========================================================================
max slew violation count 0
max fanout violation count 0
max cap violation count 0
============================================================================

===========================================================================
check_setup -verbose -unconstrained_endpoints -multiple_clock -no_clock -no_input_delay -loops -generated_clocks
===========================================================================
