Clock: clk
Sources: clk 
Generated: no
Virtual: yes
Propagated: no
Period: 10.000000

===========================================================================
report_clock_properties
============================================================================
Clock                   Period          Waveform
----------------------------------------------------
clk                  10.000000    0.000000  5.000000

===========================================================================
report_clock_latency
============================================================================
Clock clk
rise -> rise
    min     max
0.000000 0.000000 source latency
0.273549         network latency _797_/CLK
        0.275683 network latency _794_/CLK
---------------
0.273549 0.275683 latency
        0.002134 skew

fall -> fall
    min     max
0.000000 0.000000 source latency
0.281837         network latency _797_/CLK
        0.283646 network latency _794_/CLK
---------------
0.281837 0.283646 latency
        0.001810 skew



===========================================================================
report_clock_min_period
============================================================================
clk period_min = 2.24 fmax = 446.40
