
===========================================================================
 report_power
============================================================================
======================= max_ff_n40C_1v95 Corner ===================================

Group                    Internal    Switching      Leakage        Total
                            Power        Power        Power        Power (Watts)
------------------------------------------------------------------------
Sequential           6.215172e-04 2.842649e-04 9.859463e-10 9.057831e-04   0.0%
Combinational        2.563895e-04 2.976408e-04 2.436937e-09 5.540328e-04   0.0%
Clock                4.765806e-04 6.041370e-04 1.135663e-08 1.080729e-03   0.0%
Macro                4.105172e+07 0.000000e+00 1.944400e-05 4.105172e+07 100.0%
Pad                  0.000000e+00 0.000000e+00 0.000000e+00 0.000000e+00   0.0%
------------------------------------------------------------------------
Total                4.105172e+07 1.186043e-03 1.945879e-05 4.105172e+07 100.0%
                           100.0%         0.0%         0.0%

