┏━━━━━━━━━━━━━━━━━━━━━━┳━━━━━━━━━━┳━━━━━━━━━━┳━━━━━━━━━━┳━━━━━━━━━━┳━━━━━━━━━━━┳━━━━━━━━━━┳━━━━━━━━━━━┳━━━━━━━━━━┳━━━━━━━━━━━┳━━━━━━━━━━┳━━━━━━━━━━━┳━━━━━━━━━━┓
┃                      ┃ Hold     ┃ Reg to   ┃          ┃          ┃ of which  ┃ Setup    ┃           ┃          ┃           ┃ of which ┃           ┃          ┃
┃                      ┃ Worst    ┃ Reg      ┃          ┃ Hold Vio ┃ reg to    ┃ Worst    ┃ Reg to    ┃ Setup    ┃ Setup Vio ┃ reg to   ┃ Max Cap   ┃ Max Slew ┃
┃ Corner/Group         ┃ Slack    ┃ Paths    ┃ Hold TNS ┃ Count    ┃ reg       ┃ Slack    ┃ Reg Paths ┃ TNS      ┃ Count     ┃ reg      ┃ Violatio… ┃ Violati… ┃
┡━━━━━━━━━━━━━━━━━━━━━━╇━━━━━━━━━━╇━━━━━━━━━━╇━━━━━━━━━━╇━━━━━━━━━━╇━━━━━━━━━━━╇━━━━━━━━━━╇━━━━━━━━━━━╇━━━━━━━━━━╇━━━━━━━━━━━╇━━━━━━━━━━╇━━━━━━━━━━━╇━━━━━━━━━━┩
│ Overall              │ 0.2201   │ 0.2201   │ 0.0000   │ 0        │ 0         │ -1.0022  │ -1.0022   │ -8.6683  │ 9         │ 9        │ 0         │ 113      │
│ nom_tt_025C_1v80     │ 0.3561   │ 0.3561   │ 0.0000   │ 0        │ 0         │ 1.7641   │ 2.3471    │ 0.0000   │ 0         │ 0        │ 0         │ 90       │
│ nom_ss_100C_1v60     │ 0.7745   │ 0.7745   │ 0.0000   │ 0        │ 0         │ -1.0022  │ -1.0022   │ -8.6683  │ 9         │ 9        │ 0         │ 113      │
│ nom_ff_n40C_1v95     │ 0.2201   │ 0.2201   │ 0.0000   │ 0        │ 0         │ 2.1179   │ 2.4188    │ 0.0000   │ 0         │ 0        │ 0         │ 4        │
└──────────────────────┴──────────┴──────────┴──────────┴──────────┴───────────┴──────────┴───────────┴──────────┴───────────┴──────────┴───────────┴──────────┘
