
===========================================================================
 report_power
============================================================================
======================= nom_tt_025C_1v80 Corner ===================================

Group                    Internal    Switching      Leakage        Total
                            Power        Power        Power        Power (Watts)
------------------------------------------------------------------------
Sequential           2.005499e-04 2.109183e-06 2.810913e-10 2.026594e-04  41.1%
Combinational        6.211873e-06 9.889849e-06 1.994754e-10 1.610192e-05   3.3%
Clock                1.598332e-04 1.148295e-04 1.573926e-09 2.746643e-04  55.7%
Macro                0.000000e+00 0.000000e+00 0.000000e+00 0.000000e+00   0.0%
Pad                  0.000000e+00 0.000000e+00 0.000000e+00 0.000000e+00   0.0%
------------------------------------------------------------------------
Total                3.665950e-04 1.268285e-04 2.054497e-09 4.934256e-04 100.0%
                            74.3%        25.7%         0.0%
Writing metric power__internal__total: 0.00036659504985436797
Writing metric power__switching__total: 0.00012682854139711708
Writing metric power__leakage__total: 2.0544972390013072e-9
Writing metric power__total: 0.0004934256430715322

