
===========================================================================
report_checks -unconstrained
===========================================================================
======================= max_tt_025C_1v80 Corner ===================================

Startpoint: rst (input port clocked by clk)
Endpoint: _134_ (recovery check against rising-edge clock clk)
Path Group: asynchronous
Path Type: max

Fanout         Cap        Slew       Delay        Time   Description
---------------------------------------------------------------------------------------------
                                  0.000000    0.000000   clock clk (rise edge)
                                  0.000000    0.000000   clock network delay (propagated)
                                  2.550000    2.550000 v input external delay
     2    0.003702    0.010710    0.005996    2.555996 v rst (in)
                                                         rst (net)
                      0.010713    0.000000    2.555996 v input51/A (sky130_fd_sc_hd__buf_1)
     3    0.019662    0.118372    0.145287    2.701283 v input51/X (sky130_fd_sc_hd__buf_1)
                                                         net51 (net)
                      0.118465    0.002220    2.703504 v fanout87/A (sky130_fd_sc_hd__buf_4)
    17    0.094457    0.125381    0.242864    2.946368 v fanout87/X (sky130_fd_sc_hd__buf_4)
                                                         net87 (net)
                      0.125434    0.002243    2.948611 v fanout86/A (sky130_fd_sc_hd__buf_4)
    19    0.068787    0.095614    0.233746    3.182358 v fanout86/X (sky130_fd_sc_hd__buf_4)
                                                         net86 (net)
                      0.095666    0.001901    3.184259 v fanout85/A (sky130_fd_sc_hd__buf_4)
    10    0.054736    0.079460    0.210970    3.395228 v fanout85/X (sky130_fd_sc_hd__buf_4)
                                                         net85 (net)
                      0.079815    0.003911    3.399140 v _109_/A (sky130_fd_sc_hd__inv_2)
     1    0.006243    0.041365    0.065472    3.464612 ^ _109_/Y (sky130_fd_sc_hd__inv_2)
                                                         _039_ (net)
                      0.041368    0.000364    3.464976 ^ _134_/RESET_B (sky130_fd_sc_hd__dfrtp_4)
                                              3.464976   data arrival time

                                  5.100000    5.100000   clock clk (rise edge)
                                  0.000000    5.100000   clock source latency
     2    0.079067    0.360624    0.263789    5.363789 ^ clk (in)
                                                         clk (net)
                      0.365335    0.000000    5.363789 ^ clkbuf_0_clk/A (sky130_fd_sc_hd__clkbuf_16)
     9    0.120634    0.136945    0.287263    5.651052 ^ clkbuf_0_clk/X (sky130_fd_sc_hd__clkbuf_16)
                                                         clknet_0_clk (net)
                      0.139045    0.013360    5.664412 ^ clkbuf_2_1__f_clk/A (sky130_fd_sc_hd__clkbuf_16)
    21    0.066989    0.085190    0.191625    5.856037 ^ clkbuf_2_1__f_clk/X (sky130_fd_sc_hd__clkbuf_16)
                                                         clknet_2_1__leaf_clk (net)
                      0.086314    0.007665    5.863702 ^ _134_/CLK (sky130_fd_sc_hd__dfrtp_4)
                                 -0.005100    5.858602   clock uncertainty
                                  0.000000    5.858602   clock reconvergence pessimism
                                  0.231117    6.089719   library recovery time
                                              6.089719   data required time
---------------------------------------------------------------------------------------------
                                              6.089719   data required time
                                             -3.464976   data arrival time
---------------------------------------------------------------------------------------------
                                              2.624744   slack (MET)


Startpoint: mem_i1 (falling edge-triggered flip-flop clocked by clk)
Endpoint: _120_ (rising edge-triggered flip-flop clocked by clk)
Path Group: clk
Path Type: max

Fanout         Cap        Slew       Delay        Time   Description
---------------------------------------------------------------------------------------------
                                  2.550000    2.550000   clock clk (fall edge)
                                  0.000000    2.550000   clock source latency
     2    0.078030    0.175937    0.137391    2.687391 v clk (in)
                                                         clk (net)
                      0.185208    0.000000    2.687391 v clkbuf_0_clk/A (sky130_fd_sc_hd__clkbuf_16)
     9    0.116443    0.088508    0.259313    2.946704 v clkbuf_0_clk/X (sky130_fd_sc_hd__clkbuf_16)
                                                         clknet_0_clk (net)
                      0.093154    0.015816    2.962521 v clkbuf_2_0__f_clk/A (sky130_fd_sc_hd__clkbuf_16)
    19    0.105013    0.084261    0.210155    3.172676 v clkbuf_2_0__f_clk/X (sky130_fd_sc_hd__clkbuf_16)
                                                         clknet_2_0__leaf_clk (net)
                      0.117226    0.013678    3.186354 v mem_i1/clk1 (ram256x16)
     1    0.004469    0.003595    0.308414    3.494767 v mem_i1/dout1[8] (ram256x16)
                                                         sine_out_temp1[8] (net)
                      0.002696    0.000192    3.494959 v wire69/A (sky130_fd_sc_hd__clkbuf_2)
     3    0.148754    0.560392    0.423987    3.918946 v wire69/X (sky130_fd_sc_hd__clkbuf_2)
                                                         net69 (net)
                      0.575138    0.072541    3.991487 v _071_/A1 (sky130_fd_sc_hd__mux2_1)
     3    0.018029    0.126110    0.594553    4.586040 v _071_/X (sky130_fd_sc_hd__mux2_1)
                                                         _014_ (net)
                      0.126141    0.001891    4.587931 v _120_/D (sky130_fd_sc_hd__dfrtp_1)
                                              4.587931   data arrival time

                                  5.100000    5.100000   clock clk (rise edge)
                                  0.000000    5.100000   clock source latency
     2    0.079067    0.360624    0.263789    5.363789 ^ clk (in)
                                                         clk (net)
                      0.365335    0.000000    5.363789 ^ clkbuf_0_clk/A (sky130_fd_sc_hd__clkbuf_16)
     9    0.120634    0.136945    0.287263    5.651052 ^ clkbuf_0_clk/X (sky130_fd_sc_hd__clkbuf_16)
                                                         clknet_0_clk (net)
                      0.139045    0.013360    5.664412 ^ clkbuf_2_1__f_clk/A (sky130_fd_sc_hd__clkbuf_16)
    21    0.066989    0.085190    0.191625    5.856037 ^ clkbuf_2_1__f_clk/X (sky130_fd_sc_hd__clkbuf_16)
                                                         clknet_2_1__leaf_clk (net)
                      0.086824    0.009265    5.865302 ^ _120_/CLK (sky130_fd_sc_hd__dfrtp_1)
                                 -0.005100    5.860202   clock uncertainty
                                  0.000000    5.860202   clock reconvergence pessimism
                                 -0.140019    5.720183   library setup time
                                              5.720183   data required time
---------------------------------------------------------------------------------------------
                                              5.720183   data required time
                                             -4.587931   data arrival time
---------------------------------------------------------------------------------------------
                                              1.132252   slack (MET)




===========================================================================
report_checks --slack_max -0.01
============================================================================
======================= max_tt_025C_1v80 Corner ===================================

No paths found.


===========================================================================
 report_check_types -max_slew -max_cap -max_fanout -violators
============================================================================
======================= max_tt_025C_1v80 Corner ===================================

max slew

Pin                                        Limit        Slew       Slack
------------------------------------------------------------------------
_071_/A1                                0.500000    0.811302   -0.311302 (VIOLATED)
ANTENNA__071__A1/DIODE                  0.500000    0.811290   -0.311290 (VIOLATED)
ANTENNA_wire69_X/DIODE                  0.500000    0.800925   -0.300925 (VIOLATED)
wire69/X                                0.500000    0.800903   -0.300903 (VIOLATED)
_070_/A1                                0.500000    0.739241   -0.239241 (VIOLATED)
ANTENNA__070__A1/DIODE                  0.500000    0.739238   -0.239238 (VIOLATED)
_073_/A1                                0.500000    0.735979   -0.235979 (VIOLATED)
ANTENNA__073__A1/DIODE                  0.500000    0.735975   -0.235975 (VIOLATED)
_075_/A1                                0.500000    0.735460   -0.235460 (VIOLATED)
ANTENNA__075__A1/DIODE                  0.500000    0.735457   -0.235457 (VIOLATED)
ANTENNA_wire70_X/DIODE                  0.500000    0.730473   -0.230473 (VIOLATED)
wire70/X                                0.500000    0.730453   -0.230453 (VIOLATED)
ANTENNA_wire80_X/DIODE                  0.500000    0.727238   -0.227238 (VIOLATED)
wire80/X                                0.500000    0.727218   -0.227218 (VIOLATED)
ANTENNA_wire82_X/DIODE                  0.500000    0.725921   -0.225921 (VIOLATED)
wire82/X                                0.500000    0.725902   -0.225902 (VIOLATED)
_067_/A1                                0.500000    0.716390   -0.216390 (VIOLATED)
ANTENNA__067__A1/DIODE                  0.500000    0.716387   -0.216387 (VIOLATED)
ANTENNA_wire73_X/DIODE                  0.500000    0.708913   -0.208913 (VIOLATED)
wire73/X                                0.500000    0.708896   -0.208896 (VIOLATED)
_072_/A1                                0.500000    0.697383   -0.197383 (VIOLATED)
ANTENNA__072__A1/DIODE                  0.500000    0.697382   -0.197382 (VIOLATED)
_074_/A1                                0.500000    0.692912   -0.192912 (VIOLATED)
ANTENNA__074__A1/DIODE                  0.500000    0.692909   -0.192909 (VIOLATED)
ANTENNA_wire68_X/DIODE                  0.500000    0.689472   -0.189472 (VIOLATED)
wire68/X                                0.500000    0.689454   -0.189454 (VIOLATED)
ANTENNA_wire81_X/DIODE                  0.500000    0.685450   -0.185450 (VIOLATED)
wire81/X                                0.500000    0.685431   -0.185431 (VIOLATED)
_068_/A1                                0.500000    0.653417   -0.153417 (VIOLATED)
ANTENNA__068__A1/DIODE                  0.500000    0.653416   -0.153416 (VIOLATED)
ANTENNA_wire72_X/DIODE                  0.500000    0.646639   -0.146639 (VIOLATED)
wire72/X                                0.500000    0.646624   -0.146624 (VIOLATED)
_066_/A1                                0.500000    0.631835   -0.131835 (VIOLATED)
ANTENNA__066__A1/DIODE                  0.500000    0.631834   -0.131834 (VIOLATED)
ANTENNA__076__A1/DIODE                  0.500000    0.629922   -0.129922 (VIOLATED)
_076_/A1                                0.500000    0.629914   -0.129914 (VIOLATED)
ANTENNA_wire74_X/DIODE                  0.500000    0.625717   -0.125716 (VIOLATED)
wire74/X                                0.500000    0.625701   -0.125701 (VIOLATED)
_077_/A1                                0.500000    0.624454   -0.124454 (VIOLATED)
ANTENNA__077__A1/DIODE                  0.500000    0.624452   -0.124452 (VIOLATED)
ANTENNA_wire79_X/DIODE                  0.500000    0.623896   -0.123896 (VIOLATED)
wire79/X                                0.500000    0.623878   -0.123878 (VIOLATED)
ANTENNA_wire78_X/DIODE                  0.500000    0.618475   -0.118475 (VIOLATED)
wire78/X                                0.500000    0.618458   -0.118458 (VIOLATED)
_069_/A1                                0.500000    0.566151   -0.066151 (VIOLATED)
ANTENNA__069__A1/DIODE                  0.500000    0.566147   -0.066147 (VIOLATED)
_078_/A1                                0.500000    0.562691   -0.062691 (VIOLATED)
ANTENNA__078__A1/DIODE                  0.500000    0.562689   -0.062689 (VIOLATED)
ANTENNA_wire71_X/DIODE                  0.500000    0.557960   -0.057960 (VIOLATED)
wire71/X                                0.500000    0.557945   -0.057945 (VIOLATED)
ANTENNA_wire77_X/DIODE                  0.500000    0.556822   -0.056822 (VIOLATED)
wire77/X                                0.500000    0.556807   -0.056807 (VIOLATED)
_064_/A1                                0.500000    0.548132   -0.048132 (VIOLATED)
ANTENNA__064__A1/DIODE                  0.500000    0.548126   -0.048126 (VIOLATED)
mem_i1/addr1[0]                         0.500000    0.544203   -0.044203 (VIOLATED)
ANTENNA_wire76_X/DIODE                  0.500000    0.542872   -0.042872 (VIOLATED)
wire76/X                                0.500000    0.542859   -0.042859 (VIOLATED)
mem_i0/addr1[0]                         0.500000    0.533700   -0.033700 (VIOLATED)
mem_i1/addr0[1]                         0.500000    0.517662   -0.017662 (VIOLATED)
mem_i1/addr1[1]                         0.500000    0.511140   -0.011140 (VIOLATED)

max fanout

Pin                                   Limit Fanout  Slack
---------------------------------------------------------
clkbuf_2_1__f_clk/X                      10     21    -11 (VIOLATED)
fanout83/X                               10     21    -11 (VIOLATED)
clkbuf_2_0__f_clk/X                      10     19     -9 (VIOLATED)
fanout86/X                               10     19     -9 (VIOLATED)
fanout84/X                               10     17     -7 (VIOLATED)
fanout87/X                               10     17     -7 (VIOLATED)
_128_/Q                                  10     15     -5 (VIOLATED)
_132_/Q                                  10     15     -5 (VIOLATED)
clkbuf_2_3__f_clk/X                      10     15     -5 (VIOLATED)
_129_/Q                                  10     13     -3 (VIOLATED)
_133_/Q                                  10     13     -3 (VIOLATED)
clkbuf_2_2__f_clk/X                      10     13     -3 (VIOLATED)
_130_/Q                                  10     11        (VIOLATED)
_134_/Q                                  10     11        (VIOLATED)

max capacitance

Pin                                        Limit         Cap       Slack
------------------------------------------------------------------------
mem_i1/dout1[0]                         0.027560    0.084148   -0.056588 (VIOLATED)



===========================================================================
report_parasitic_annotation -report_unannotated
============================================================================
Found 5 unannotated drivers.
 clkload0/X
 clkload1/Y
 clkload2/Y
 mem_i0_88/HI
 mem_i1_89/HI
Found 0 partially unannotated drivers.

===========================================================================
max slew violation count 60
max fanout violation count 14
max cap violation count 1
============================================================================

===========================================================================
check_setup -verbose -unconstrained_endpoints -multiple_clock -no_clock -no_input_delay -loops -generated_clocks
===========================================================================
Warning: There are 2 unconstrained endpoints.
  mem_i0/csb1
  mem_i1/csb1
