
===========================================================================
 report_power
============================================================================
======================= nom_ff_n40C_1v95 Corner ===================================

Group                    Internal    Switching      Leakage        Total
                            Power        Power        Power        Power (Watts)
------------------------------------------------------------------------
Sequential           2.383231e-04 2.032056e-05 4.437921e-10 2.586441e-04  96.5%
Combinational        3.754908e-06 5.678911e-06 3.180264e-10 9.434138e-06   3.5%
Clock                0.000000e+00 0.000000e+00 0.000000e+00 0.000000e+00   0.0%
Macro                0.000000e+00 0.000000e+00 0.000000e+00 0.000000e+00   0.0%
Pad                  0.000000e+00 0.000000e+00 0.000000e+00 0.000000e+00   0.0%
------------------------------------------------------------------------
Total                2.420780e-04 2.599947e-05 7.618188e-10 2.680782e-04 100.0%
                            90.3%         9.7%         0.0%

