Clock: clk
Sources: clk 
Generated: no
Virtual: yes
Propagated: no
Period: 10.000000

===========================================================================
report_clock_properties
============================================================================
Clock                   Period          Waveform
----------------------------------------------------
clk                  10.000000    0.000000  5.000000

===========================================================================
report_clock_latency
============================================================================
Clock clk
rise -> rise
    min     max
0.000000 0.000000 source latency
1.130407         network latency _084_/CLK
        1.179043 network latency _097_/CLK
---------------
1.130407 1.179043 latency
        0.048636 skew

fall -> fall
    min     max
0.000000 0.000000 source latency
0.941068         network latency _084_/CLK
        0.977676 network latency _097_/CLK
---------------
0.941068 0.977676 latency
        0.036608 skew



===========================================================================
report_clock_min_period
============================================================================
clk period_min = 3.31 fmax = 301.74
