┏━━━━━━━━━━━━━━━━━━━━━━┳━━━━━━━━━━┳━━━━━━━━━━┳━━━━━━━━━━┳━━━━━━━━━━┳━━━━━━━━━━━┳━━━━━━━━━━┳━━━━━━━━━━━┳━━━━━━━━━━┳━━━━━━━━━━━┳━━━━━━━━━━┳━━━━━━━━━━━┳━━━━━━━━━━┓
┃                      ┃ Hold     ┃ Reg to   ┃          ┃          ┃ of which  ┃ Setup    ┃           ┃          ┃           ┃ of which ┃           ┃          ┃
┃                      ┃ Worst    ┃ Reg      ┃          ┃ Hold Vio ┃ reg to    ┃ Worst    ┃ Reg to    ┃ Setup    ┃ Setup Vio ┃ reg to   ┃ Max Cap   ┃ Max Slew ┃
┃ Corner/Group         ┃ Slack    ┃ Paths    ┃ Hold TNS ┃ Count    ┃ reg       ┃ Slack    ┃ Reg Paths ┃ TNS      ┃ Count     ┃ reg      ┃ Violatio… ┃ Violati… ┃
┡━━━━━━━━━━━━━━━━━━━━━━╇━━━━━━━━━━╇━━━━━━━━━━╇━━━━━━━━━━╇━━━━━━━━━━╇━━━━━━━━━━━╇━━━━━━━━━━╇━━━━━━━━━━━╇━━━━━━━━━━╇━━━━━━━━━━━╇━━━━━━━━━━╇━━━━━━━━━━━╇━━━━━━━━━━┩
│ Overall              │ 0.0721   │ 0.0721   │ 0.0000   │ 0        │ 0         │ 1.0192   │ 1.6669    │ 0.0000   │ 0         │ 0        │ 0         │ 25       │
│ nom_tt_025C_1v80     │ 0.2560   │ 0.2560   │ 0.0000   │ 0        │ 0         │ 1.6302   │ 3.3094    │ 0.0000   │ 0         │ 0        │ 0         │ 0        │
│ nom_ss_100C_1v60     │ 0.8142   │ 0.8142   │ 0.0000   │ 0        │ 0         │ 1.0385   │ 1.6998    │ 0.0000   │ 0         │ 0        │ 0         │ 25       │
│ nom_ff_n40C_1v95     │ 0.0734   │ 0.0734   │ 0.0000   │ 0        │ 0         │ 1.8554   │ 3.8277    │ 0.0000   │ 0         │ 0        │ 0         │ 0        │
│ min_tt_025C_1v80     │ 0.2533   │ 0.2533   │ 0.0000   │ 0        │ 0         │ 1.6482   │ 3.3267    │ 0.0000   │ 0         │ 0        │ 0         │ 0        │
│ min_ss_100C_1v60     │ 0.8061   │ 0.8061   │ 0.0000   │ 0        │ 0         │ 1.0727   │ 1.7375    │ 0.0000   │ 0         │ 0        │ 0         │ 25       │
│ min_ff_n40C_1v95     │ 0.0721   │ 0.0721   │ 0.0000   │ 0        │ 0         │ 1.8655   │ 3.8387    │ 0.0000   │ 0         │ 0        │ 0         │ 0        │
│ max_tt_025C_1v80     │ 0.2606   │ 0.2606   │ 0.0000   │ 0        │ 0         │ 1.6224   │ 3.2939    │ 0.0000   │ 0         │ 0        │ 0         │ 0        │
│ max_ss_100C_1v60     │ 0.8268   │ 0.8268   │ 0.0000   │ 0        │ 0         │ 1.0192   │ 1.6669    │ 0.0000   │ 0         │ 0        │ 0         │ 25       │
│ max_ff_n40C_1v95     │ 0.0771   │ 0.0771   │ 0.0000   │ 0        │ 0         │ 1.8510   │ 3.8175    │ 0.0000   │ 0         │ 0        │ 0         │ 0        │
└──────────────────────┴──────────┴──────────┴──────────┴──────────┴───────────┴──────────┴───────────┴──────────┴───────────┴──────────┴───────────┴──────────┘
