
===========================================================================
report_checks -unconstrained
===========================================================================
======================= nom_ff_n40C_1v95 Corner ===================================

Startpoint: rst (input port clocked by clk)
Endpoint: _102_ (recovery check against rising-edge clock clk)
Path Group: asynchronous
Path Type: max

Fanout         Cap        Slew       Delay        Time   Description
---------------------------------------------------------------------------------------------
                                  0.000000    0.000000   clock clk (rise edge)
                                  0.000000    0.000000   clock network delay (propagated)
                                  5.000000    5.000000 v input external delay
     2    0.003686    0.006021    0.003055    5.003056 v rst (in)
                                                         rst (net)
                      0.006022    0.000000    5.003056 v input1/A (sky130_fd_sc_hd__buf_1)
     1    0.006817    0.032621    0.059917    5.062972 v input1/X (sky130_fd_sc_hd__buf_1)
                                                         net1 (net)
                      0.032623    0.000262    5.063234 v fanout20/A (sky130_fd_sc_hd__clkbuf_8)
    21    0.106067    0.084418    0.144115    5.207349 v fanout20/X (sky130_fd_sc_hd__clkbuf_8)
                                                         net20 (net)
                      0.089172    0.015663    5.223012 v fanout18/A (sky130_fd_sc_hd__buf_4)
    10    0.053682    0.058787    0.149472    5.372484 v fanout18/X (sky130_fd_sc_hd__buf_4)
                                                         net18 (net)
                      0.058850    0.001753    5.374237 v _078_/A (sky130_fd_sc_hd__inv_2)
     1    0.006789    0.032579    0.048145    5.422382 ^ _078_/Y (sky130_fd_sc_hd__inv_2)
                                                         _031_ (net)
                      0.032581    0.000251    5.422633 ^ _102_/RESET_B (sky130_fd_sc_hd__dfrtp_1)
                                              5.422633   data arrival time

                                 10.000000   10.000000   clock clk (rise edge)
                                  0.000000   10.000000   clock source latency
     2    0.070656    0.241235    0.175724   10.175725 ^ clk (in)
                                                         clk (net)
                      0.244234    0.000000   10.175725 ^ clkbuf_0_clk/A (sky130_fd_sc_hd__clkbuf_16)
     5    0.073546    0.072446    0.153457   10.329182 ^ clkbuf_0_clk/X (sky130_fd_sc_hd__clkbuf_16)
                                                         clknet_0_clk (net)
                      0.072457    0.000957   10.330138 ^ clkbuf_1_0__f_clk/A (sky130_fd_sc_hd__clkbuf_16)
    31    0.116905    0.101920    0.145683   10.475821 ^ clkbuf_1_0__f_clk/X (sky130_fd_sc_hd__clkbuf_16)
                                                         clknet_1_0__leaf_clk (net)
                      0.102063    0.003253   10.479074 ^ _102_/CLK (sky130_fd_sc_hd__dfrtp_1)
                                 -0.250000   10.229074   clock uncertainty
                                  0.000000   10.229074   clock reconvergence pessimism
                                  0.153977   10.383051   library recovery time
                                             10.383051   data required time
---------------------------------------------------------------------------------------------
                                             10.383051   data required time
                                             -5.422633   data arrival time
---------------------------------------------------------------------------------------------
                                              4.960418   slack (MET)


Startpoint: _087_ (rising edge-triggered flip-flop clocked by clk)
Endpoint: sine_out[14] (output port clocked by clk)
Path Group: clk
Path Type: max

Fanout         Cap        Slew       Delay        Time   Description
---------------------------------------------------------------------------------------------
                                  0.000000    0.000000   clock clk (rise edge)
                                  0.000000    0.000000   clock source latency
     2    0.070656    0.241235    0.175724    0.175724 ^ clk (in)
                                                         clk (net)
                      0.244234    0.000000    0.175724 ^ clkbuf_0_clk/A (sky130_fd_sc_hd__clkbuf_16)
     5    0.073546    0.072446    0.153457    0.329181 ^ clkbuf_0_clk/X (sky130_fd_sc_hd__clkbuf_16)
                                                         clknet_0_clk (net)
                      0.075949    0.012300    0.341481 ^ clkbuf_1_1__f_clk/A (sky130_fd_sc_hd__clkbuf_16)
    25    0.096590    0.086582    0.137774    0.479256 ^ clkbuf_1_1__f_clk/X (sky130_fd_sc_hd__clkbuf_16)
                                                         clknet_1_1__leaf_clk (net)
                      0.088288    0.009625    0.488881 ^ _087_/CLK (sky130_fd_sc_hd__dfrtp_1)
     1    0.005104    0.044916    0.224519    0.713400 ^ _087_/Q (sky130_fd_sc_hd__dfrtp_1)
                                                         net7 (net)
                      0.044916    0.000179    0.713579 ^ output7/A (sky130_fd_sc_hd__buf_2)
     1    0.034354    0.128487    0.141594    0.855173 ^ output7/X (sky130_fd_sc_hd__buf_2)
                                                         sine_out[14] (net)
                      0.128493    0.000747    0.855919 ^ sine_out[14] (out)
                                              0.855919   data arrival time

                                 10.000000   10.000000   clock clk (rise edge)
                                  0.000000   10.000000   clock network delay (propagated)
                                 -0.250000    9.750000   clock uncertainty
                                  0.000000    9.750000   clock reconvergence pessimism
                                 -5.000000    4.750000   output external delay
                                              4.750000   data required time
---------------------------------------------------------------------------------------------
                                              4.750000   data required time
                                             -0.855919   data arrival time
---------------------------------------------------------------------------------------------
                                              3.894081   slack (MET)




===========================================================================
report_checks --slack_max -0.01
============================================================================
======================= nom_ff_n40C_1v95 Corner ===================================

No paths found.


===========================================================================
 report_check_types -max_slew -max_cap -max_fanout -violators
============================================================================
======================= nom_ff_n40C_1v95 Corner ===================================

max fanout

Pin                                   Limit Fanout  Slack
---------------------------------------------------------
clkbuf_1_0__f_clk/X                      10     31    -21 (VIOLATED)
clkbuf_1_1__f_clk/X                      10     25    -15 (VIOLATED)
fanout20/X                               10     21    -11 (VIOLATED)
_043_/X                                  10     15     -5 (VIOLATED)
_089_/Q                                  10     11        (VIOLATED)



===========================================================================
report_parasitic_annotation -report_unannotated
============================================================================
Found 2 unannotated drivers.
 clkload0/Y
 mem_i_21/HI
Found 32 partially unannotated drivers.
 addr0[0]
  mem_i/addr0[7]
 addr0[1]
  mem_i/addr0[6]
 addr0[2]
  mem_i/addr0[5]
 addr0[3]
  mem_i/addr0[4]
 addr0[4]
  mem_i/addr0[3]
 addr0[5]
  mem_i/addr0[2]
 addr0[6]
  mem_i/addr0[1]
 addr0[7]
  mem_i/addr0[0]
 din0[0]
  mem_i/din0[15]
 din0[10]
  mem_i/din0[5]
 din0[11]
  mem_i/din0[4]
 din0[12]
  mem_i/din0[3]
 din0[13]
  mem_i/din0[2]
 din0[14]
  mem_i/din0[1]
 din0[15]
  mem_i/din0[0]
 din0[1]
  mem_i/din0[14]
 din0[2]
  mem_i/din0[13]
 din0[3]
  mem_i/din0[12]
 din0[4]
  mem_i/din0[11]
 din0[5]
  mem_i/din0[10]
 din0[6]
  mem_i/din0[9]
 din0[7]
  mem_i/din0[8]
 din0[8]
  mem_i/din0[7]
 din0[9]
  mem_i/din0[6]
 _089_/Q
  mem_i/addr1[7]
 _090_/Q
  mem_i/addr1[6]
 _091_/Q
  mem_i/addr1[5]
 _092_/Q
  mem_i/addr1[4]
 _093_/Q
  mem_i/addr1[3]
 _094_/Q
  mem_i/addr1[2]
 _095_/Q
  mem_i/addr1[1]
 _096_/Q
  mem_i/addr1[0]

===========================================================================
max slew violation count 0
max fanout violation count 5
max cap violation count 0
============================================================================

===========================================================================
check_setup -verbose -unconstrained_endpoints -multiple_clock -no_clock -no_input_delay -loops -generated_clocks
===========================================================================
Warning: There are 16 unconstrained endpoints.
  _079_/D
  _080_/D
  _081_/D
  _082_/D
  _083_/D
  _084_/D
  _085_/D
  _086_/D
  _087_/D
  _088_/D
  _097_/D
  _098_/D
  _099_/D
  _100_/D
  _101_/D
  _102_/D
