
===========================================================================
 report_power
============================================================================
======================= min_ss_100C_1v60 Corner ===================================

Group                    Internal    Switching      Leakage        Total
                            Power        Power        Power        Power (Watts)
------------------------------------------------------------------------
Sequential           1.482545e-04 0.000000e+00 4.384342e-07 1.486929e-04   0.0%
Combinational        6.526778e-06 1.564323e-05 5.940107e-07 2.276402e-05   0.0%
Clock                1.313346e-04 1.419998e-04 8.589519e-08 2.734203e-04   0.0%
Macro                2.093638e+07 0.000000e+00 9.722001e-06 2.093638e+07 100.0%
Pad                  0.000000e+00 0.000000e+00 0.000000e+00 0.000000e+00   0.0%
------------------------------------------------------------------------
Total                2.093638e+07 1.576431e-04 1.084035e-05 2.093638e+07 100.0%
                           100.0%         0.0%         0.0%

