
===========================================================================
report_checks -path_delay max (Setup)
============================================================================
======================= nom_ff_n40C_1v95 Corner ===================================

Startpoint: _793_ (rising edge-triggered flip-flop clocked by clk)
Endpoint: sine_out[12] (output port clocked by clk)
Path Group: clk
Path Type: max

Fanout         Cap        Slew       Delay        Time   Description
---------------------------------------------------------------------------------------------
                      0.150000    0.000000    0.000000   clock clk (rise edge)
                                  0.000000    0.000000   clock network delay (ideal)
                      0.150000    0.000000    0.000000 ^ _793_/CLK (sky130_fd_sc_hd__dfrtp_2)
    67    0.211580    0.750976    0.746282    0.746282 ^ _793_/Q (sky130_fd_sc_hd__dfrtp_2)
                                                         tcout[3] (net)
                      0.750976    0.000000    0.746282 ^ _391_/A (sky130_fd_sc_hd__inv_2)
    27    0.080453    0.258541    0.198026    0.944307 v _391_/Y (sky130_fd_sc_hd__inv_2)
                                                         _335_ (net)
                      0.258541    0.000000    0.944307 v _751_/S (sky130_fd_sc_hd__mux2_1)
     1    0.002207    0.037319    0.247623    1.191931 v _751_/X (sky130_fd_sc_hd__mux2_1)
                                                         _309_ (net)
                      0.037319    0.000000    1.191931 v _752_/A2 (sky130_fd_sc_hd__a21o_2)
     1    0.001495    0.021987    0.125934    1.317865 v _752_/X (sky130_fd_sc_hd__a21o_2)
                                                         _310_ (net)
                      0.021987    0.000000    1.317865 v _756_/A (sky130_fd_sc_hd__and3_2)
     1    0.002186    0.026578    0.098135    1.416000 v _756_/X (sky130_fd_sc_hd__and3_2)
                                                         _314_ (net)
                      0.026578    0.000000    1.416000 v _759_/B1 (sky130_fd_sc_hd__a311o_2)
     1    0.003440    0.040366    0.134923    1.550923 v _759_/X (sky130_fd_sc_hd__a311o_2)
                                                         _317_ (net)
                      0.040366    0.000000    1.550923 v _761_/S (sky130_fd_sc_hd__mux2_1)
     1    0.033442    0.137990    0.284540    1.835464 v _761_/X (sky130_fd_sc_hd__mux2_1)
                                                         sine_out[12] (net)
                      0.137990    0.000000    1.835464 v sine_out[12] (out)
                                              1.835464   data arrival time

                      0.150000   10.000000   10.000000   clock clk (rise edge)
                                  0.000000   10.000000   clock network delay (ideal)
                                 -0.250000    9.750000   clock uncertainty
                                  0.000000    9.750000   clock reconvergence pessimism
                                 -2.000000    7.750000   output external delay
                                              7.750000   data required time
---------------------------------------------------------------------------------------------
                                              7.750000   data required time
                                             -1.835464   data arrival time
---------------------------------------------------------------------------------------------
                                              5.914536   slack (MET)


Startpoint: _792_ (rising edge-triggered flip-flop clocked by clk)
Endpoint: sine_out[3] (output port clocked by clk)
Path Group: clk
Path Type: max

Fanout         Cap        Slew       Delay        Time   Description
---------------------------------------------------------------------------------------------
                      0.150000    0.000000    0.000000   clock clk (rise edge)
                                  0.000000    0.000000   clock network delay (ideal)
                      0.150000    0.000000    0.000000 ^ _792_/CLK (sky130_fd_sc_hd__dfrtp_2)
    60    0.208708    0.740861    0.739406    0.739406 ^ _792_/Q (sky130_fd_sc_hd__dfrtp_2)
                                                         tcout[2] (net)
                      0.740861    0.000000    0.739406 ^ _438_/A_N (sky130_fd_sc_hd__and2b_2)
     4    0.009407    0.040642    0.144928    0.884334 v _438_/X (sky130_fd_sc_hd__and2b_2)
                                                         _380_ (net)
                      0.040642    0.000000    0.884334 v _573_/A (sky130_fd_sc_hd__or2_2)
     3    0.008570    0.049663    0.188459    1.072792 v _573_/X (sky130_fd_sc_hd__or2_2)
                                                         _141_ (net)
                      0.049663    0.000000    1.072792 v _574_/A2 (sky130_fd_sc_hd__o211a_2)
     1    0.002266    0.029138    0.145619    1.218411 v _574_/X (sky130_fd_sc_hd__o211a_2)
                                                         _142_ (net)
                      0.029138    0.000000    1.218411 v _575_/A2 (sky130_fd_sc_hd__o21a_2)
     1    0.001688    0.022382    0.109864    1.328276 v _575_/X (sky130_fd_sc_hd__o21a_2)
                                                         _143_ (net)
                      0.022382    0.000000    1.328276 v _582_/B (sky130_fd_sc_hd__or4_2)
     1    0.002243    0.063300    0.352360    1.680636 v _582_/X (sky130_fd_sc_hd__or4_2)
                                                         _150_ (net)
                      0.063300    0.000000    1.680636 v _603_/B1 (sky130_fd_sc_hd__a32o_2)
     1    0.033442    0.073844    0.143000    1.823636 v _603_/X (sky130_fd_sc_hd__a32o_2)
                                                         sine_out[3] (net)
                      0.073844    0.000000    1.823636 v sine_out[3] (out)
                                              1.823636   data arrival time

                      0.150000   10.000000   10.000000   clock clk (rise edge)
                                  0.000000   10.000000   clock network delay (ideal)
                                 -0.250000    9.750000   clock uncertainty
                                  0.000000    9.750000   clock reconvergence pessimism
                                 -2.000000    7.750000   output external delay
                                              7.750000   data required time
---------------------------------------------------------------------------------------------
                                              7.750000   data required time
                                             -1.823636   data arrival time
---------------------------------------------------------------------------------------------
                                              5.926364   slack (MET)


Startpoint: _793_ (rising edge-triggered flip-flop clocked by clk)
Endpoint: sine_out[9] (output port clocked by clk)
Path Group: clk
Path Type: max

Fanout         Cap        Slew       Delay        Time   Description
---------------------------------------------------------------------------------------------
                      0.150000    0.000000    0.000000   clock clk (rise edge)
                                  0.000000    0.000000   clock network delay (ideal)
                      0.150000    0.000000    0.000000 ^ _793_/CLK (sky130_fd_sc_hd__dfrtp_2)
    67    0.211580    0.750976    0.746282    0.746282 ^ _793_/Q (sky130_fd_sc_hd__dfrtp_2)
                                                         tcout[3] (net)
                      0.750976    0.000000    0.746282 ^ _391_/A (sky130_fd_sc_hd__inv_2)
    27    0.080453    0.258541    0.198026    0.944307 v _391_/Y (sky130_fd_sc_hd__inv_2)
                                                         _335_ (net)
                      0.258541    0.000000    0.944307 v _631_/A (sky130_fd_sc_hd__and4_2)
     2    0.006887    0.038074    0.204660    1.148968 v _631_/X (sky130_fd_sc_hd__and4_2)
                                                         _197_ (net)
                      0.038074    0.000000    1.148968 v _704_/B1 (sky130_fd_sc_hd__a21o_2)
     1    0.002248    0.026521    0.081216    1.230184 v _704_/X (sky130_fd_sc_hd__a21o_2)
                                                         _266_ (net)
                      0.026521    0.000000    1.230184 v _706_/A2 (sky130_fd_sc_hd__a211o_2)
     1    0.002261    0.032096    0.193348    1.423532 v _706_/X (sky130_fd_sc_hd__a211o_2)
                                                         _268_ (net)
                      0.032096    0.000000    1.423532 v _715_/A1 (sky130_fd_sc_hd__a22o_2)
     1    0.003440    0.025861    0.118014    1.541546 v _715_/X (sky130_fd_sc_hd__a22o_2)
                                                         _277_ (net)
                      0.025861    0.000000    1.541546 v _716_/S (sky130_fd_sc_hd__mux2_1)
     1    0.033442    0.137564    0.280327    1.821873 v _716_/X (sky130_fd_sc_hd__mux2_1)
                                                         sine_out[9] (net)
                      0.137564    0.000000    1.821873 v sine_out[9] (out)
                                              1.821873   data arrival time

                      0.150000   10.000000   10.000000   clock clk (rise edge)
                                  0.000000   10.000000   clock network delay (ideal)
                                 -0.250000    9.750000   clock uncertainty
                                  0.000000    9.750000   clock reconvergence pessimism
                                 -2.000000    7.750000   output external delay
                                              7.750000   data required time
---------------------------------------------------------------------------------------------
                                              7.750000   data required time
                                             -1.821873   data arrival time
---------------------------------------------------------------------------------------------
                                              5.928127   slack (MET)


Startpoint: _793_ (rising edge-triggered flip-flop clocked by clk)
Endpoint: sine_out[11] (output port clocked by clk)
Path Group: clk
Path Type: max

Fanout         Cap        Slew       Delay        Time   Description
---------------------------------------------------------------------------------------------
                      0.150000    0.000000    0.000000   clock clk (rise edge)
                                  0.000000    0.000000   clock network delay (ideal)
                      0.150000    0.000000    0.000000 ^ _793_/CLK (sky130_fd_sc_hd__dfrtp_2)
    67    0.211580    0.750976    0.746282    0.746282 ^ _793_/Q (sky130_fd_sc_hd__dfrtp_2)
                                                         tcout[3] (net)
                      0.750976    0.000000    0.746282 ^ _391_/A (sky130_fd_sc_hd__inv_2)
    27    0.080453    0.258541    0.198026    0.944307 v _391_/Y (sky130_fd_sc_hd__inv_2)
                                                         _335_ (net)
                      0.258541    0.000000    0.944307 v _738_/A1 (sky130_fd_sc_hd__o32a_2)
     1    0.001525    0.033726    0.282858    1.227165 v _738_/X (sky130_fd_sc_hd__o32a_2)
                                                         _297_ (net)
                      0.033726    0.000000    1.227165 v _739_/C_N (sky130_fd_sc_hd__or3b_2)
     1    0.004517    0.032726    0.127291    1.354456 ^ _739_/X (sky130_fd_sc_hd__or3b_2)
                                                         _298_ (net)
                      0.032726    0.000000    1.354456 ^ _743_/A2 (sky130_fd_sc_hd__a31oi_2)
     1    0.002195    0.036885    0.040213    1.394669 v _743_/Y (sky130_fd_sc_hd__a31oi_2)
                                                         _302_ (net)
                      0.036885    0.000000    1.394669 v _749_/C1 (sky130_fd_sc_hd__a211o_2)
     1    0.003440    0.035291    0.121470    1.516139 v _749_/X (sky130_fd_sc_hd__a211o_2)
                                                         _308_ (net)
                      0.035291    0.000000    1.516139 v _750_/S (sky130_fd_sc_hd__mux2_1)
     1    0.033442    0.137880    0.283066    1.799205 v _750_/X (sky130_fd_sc_hd__mux2_1)
                                                         sine_out[11] (net)
                      0.137880    0.000000    1.799205 v sine_out[11] (out)
                                              1.799205   data arrival time

                      0.150000   10.000000   10.000000   clock clk (rise edge)
                                  0.000000   10.000000   clock network delay (ideal)
                                 -0.250000    9.750000   clock uncertainty
                                  0.000000    9.750000   clock reconvergence pessimism
                                 -2.000000    7.750000   output external delay
                                              7.750000   data required time
---------------------------------------------------------------------------------------------
                                              7.750000   data required time
                                             -1.799205   data arrival time
---------------------------------------------------------------------------------------------
                                              5.950795   slack (MET)


Startpoint: _790_ (rising edge-triggered flip-flop clocked by clk)
Endpoint: sine_out[5] (output port clocked by clk)
Path Group: clk
Path Type: max

Fanout         Cap        Slew       Delay        Time   Description
---------------------------------------------------------------------------------------------
                      0.150000    0.000000    0.000000   clock clk (rise edge)
                                  0.000000    0.000000   clock network delay (ideal)
                      0.150000    0.000000    0.000000 ^ _790_/CLK (sky130_fd_sc_hd__dfrtp_2)
    42    0.135313    0.226904    0.456846    0.456846 v _790_/Q (sky130_fd_sc_hd__dfrtp_2)
                                                         tcout[0] (net)
                      0.226904    0.000000    0.456846 v _432_/A (sky130_fd_sc_hd__xnor2_2)
     9    0.035530    0.359962    0.361357    0.818203 ^ _432_/Y (sky130_fd_sc_hd__xnor2_2)
                                                         _375_ (net)
                      0.359962    0.000000    0.818203 ^ _433_/A (sky130_fd_sc_hd__inv_2)
    14    0.045187    0.137950    0.117387    0.935590 v _433_/Y (sky130_fd_sc_hd__inv_2)
                                                         _001_ (net)
                      0.137950    0.000000    0.935590 v _519_/B (sky130_fd_sc_hd__nand2_2)
     7    0.026193    0.120353    0.145270    1.080860 ^ _519_/Y (sky130_fd_sc_hd__nand2_2)
                                                         _089_ (net)
                      0.120353    0.000000    1.080860 ^ _590_/A (sky130_fd_sc_hd__nand2_2)
     2    0.004474    0.038543    0.030860    1.111720 v _590_/Y (sky130_fd_sc_hd__nand2_2)
                                                         _158_ (net)
                      0.038543    0.000000    1.111720 v _643_/A2 (sky130_fd_sc_hd__a311o_2)
     2    0.004473    0.043518    0.224925    1.336645 v _643_/X (sky130_fd_sc_hd__a311o_2)
                                                         _209_ (net)
                      0.043518    0.000000    1.336645 v _645_/A3 (sky130_fd_sc_hd__a311o_2)
     1    0.001760    0.035306    0.228240    1.564885 v _645_/X (sky130_fd_sc_hd__a311o_2)
                                                         _211_ (net)
                      0.035306    0.000000    1.564885 v _649_/A2_N (sky130_fd_sc_hd__o2bb2a_2)
     1    0.033442    0.138470    0.210771    1.775656 ^ _649_/X (sky130_fd_sc_hd__o2bb2a_2)
                                                         sine_out[5] (net)
                      0.138470    0.000000    1.775656 ^ sine_out[5] (out)
                                              1.775656   data arrival time

                      0.150000   10.000000   10.000000   clock clk (rise edge)
                                  0.000000   10.000000   clock network delay (ideal)
                                 -0.250000    9.750000   clock uncertainty
                                  0.000000    9.750000   clock reconvergence pessimism
                                 -2.000000    7.750000   output external delay
                                              7.750000   data required time
---------------------------------------------------------------------------------------------
                                              7.750000   data required time
                                             -1.775656   data arrival time
---------------------------------------------------------------------------------------------
                                              5.974344   slack (MET)


Startpoint: _793_ (rising edge-triggered flip-flop clocked by clk)
Endpoint: sine_out[7] (output port clocked by clk)
Path Group: clk
Path Type: max

Fanout         Cap        Slew       Delay        Time   Description
---------------------------------------------------------------------------------------------
                      0.150000    0.000000    0.000000   clock clk (rise edge)
                                  0.000000    0.000000   clock network delay (ideal)
                      0.150000    0.000000    0.000000 ^ _793_/CLK (sky130_fd_sc_hd__dfrtp_2)
    67    0.211580    0.750976    0.746282    0.746282 ^ _793_/Q (sky130_fd_sc_hd__dfrtp_2)
                                                         tcout[3] (net)
                      0.750976    0.000000    0.746282 ^ _391_/A (sky130_fd_sc_hd__inv_2)
    27    0.080453    0.258541    0.198026    0.944307 v _391_/Y (sky130_fd_sc_hd__inv_2)
                                                         _335_ (net)
                      0.258541    0.000000    0.944307 v _677_/D1 (sky130_fd_sc_hd__a2111o_2)
     1    0.002243    0.041451    0.234703    1.179010 v _677_/X (sky130_fd_sc_hd__a2111o_2)
                                                         _241_ (net)
                      0.041451    0.000000    1.179010 v _678_/B1 (sky130_fd_sc_hd__a32o_2)
     1    0.001495    0.021774    0.082076    1.261086 v _678_/X (sky130_fd_sc_hd__a32o_2)
                                                         _242_ (net)
                      0.021774    0.000000    1.261086 v _679_/B (sky130_fd_sc_hd__and2_2)
     1    0.002337    0.025936    0.107745    1.368831 v _679_/X (sky130_fd_sc_hd__and2_2)
                                                         _243_ (net)
                      0.025936    0.000000    1.368831 v _683_/B1 (sky130_fd_sc_hd__o22a_2)
     1    0.003440    0.027682    0.115322    1.484152 v _683_/X (sky130_fd_sc_hd__o22a_2)
                                                         _247_ (net)
                      0.027682    0.000000    1.484152 v _686_/S (sky130_fd_sc_hd__mux2_1)
     1    0.033442    0.137880    0.280856    1.765008 v _686_/X (sky130_fd_sc_hd__mux2_1)
                                                         sine_out[7] (net)
                      0.137880    0.000000    1.765008 v sine_out[7] (out)
                                              1.765008   data arrival time

                      0.150000   10.000000   10.000000   clock clk (rise edge)
                                  0.000000   10.000000   clock network delay (ideal)
                                 -0.250000    9.750000   clock uncertainty
                                  0.000000    9.750000   clock reconvergence pessimism
                                 -2.000000    7.750000   output external delay
                                              7.750000   data required time
---------------------------------------------------------------------------------------------
                                              7.750000   data required time
                                             -1.765008   data arrival time
---------------------------------------------------------------------------------------------
                                              5.984992   slack (MET)


Startpoint: _793_ (rising edge-triggered flip-flop clocked by clk)
Endpoint: sine_out[6] (output port clocked by clk)
Path Group: clk
Path Type: max

Fanout         Cap        Slew       Delay        Time   Description
---------------------------------------------------------------------------------------------
                      0.150000    0.000000    0.000000   clock clk (rise edge)
                                  0.000000    0.000000   clock network delay (ideal)
                      0.150000    0.000000    0.000000 ^ _793_/CLK (sky130_fd_sc_hd__dfrtp_2)
    67    0.211580    0.750976    0.746282    0.746282 ^ _793_/Q (sky130_fd_sc_hd__dfrtp_2)
                                                         tcout[3] (net)
                      0.750976    0.000000    0.746282 ^ _391_/A (sky130_fd_sc_hd__inv_2)
    27    0.080453    0.258541    0.198026    0.944307 v _391_/Y (sky130_fd_sc_hd__inv_2)
                                                         _335_ (net)
                      0.258541    0.000000    0.944307 v _650_/B2 (sky130_fd_sc_hd__a221o_2)
     1    0.004269    0.036065    0.254581    1.198888 v _650_/X (sky130_fd_sc_hd__a221o_2)
                                                         _215_ (net)
                      0.036065    0.000000    1.198888 v _651_/B1 (sky130_fd_sc_hd__a31oi_2)
     1    0.004606    0.110531    0.049635    1.248523 ^ _651_/Y (sky130_fd_sc_hd__a31oi_2)
                                                         _216_ (net)
                      0.110531    0.000000    1.248523 ^ _659_/A1 (sky130_fd_sc_hd__o211ai_2)
     2    0.006401    0.050886    0.063352    1.311875 v _659_/Y (sky130_fd_sc_hd__o211ai_2)
                                                         _224_ (net)
                      0.050886    0.000000    1.311875 v _669_/A2 (sky130_fd_sc_hd__a221o_2)
     1    0.001896    0.029448    0.196014    1.507889 v _669_/X (sky130_fd_sc_hd__a221o_2)
                                                         _234_ (net)
                      0.029448    0.000000    1.507889 v _670_/A1 (sky130_fd_sc_hd__mux2_1)
     1    0.033442    0.137515    0.256497    1.764386 v _670_/X (sky130_fd_sc_hd__mux2_1)
                                                         sine_out[6] (net)
                      0.137515    0.000000    1.764386 v sine_out[6] (out)
                                              1.764386   data arrival time

                      0.150000   10.000000   10.000000   clock clk (rise edge)
                                  0.000000   10.000000   clock network delay (ideal)
                                 -0.250000    9.750000   clock uncertainty
                                  0.000000    9.750000   clock reconvergence pessimism
                                 -2.000000    7.750000   output external delay
                                              7.750000   data required time
---------------------------------------------------------------------------------------------
                                              7.750000   data required time
                                             -1.764386   data arrival time
---------------------------------------------------------------------------------------------
                                              5.985614   slack (MET)


Startpoint: _793_ (rising edge-triggered flip-flop clocked by clk)
Endpoint: sine_out[8] (output port clocked by clk)
Path Group: clk
Path Type: max

Fanout         Cap        Slew       Delay        Time   Description
---------------------------------------------------------------------------------------------
                      0.150000    0.000000    0.000000   clock clk (rise edge)
                                  0.000000    0.000000   clock network delay (ideal)
                      0.150000    0.000000    0.000000 ^ _793_/CLK (sky130_fd_sc_hd__dfrtp_2)
    67    0.211580    0.750976    0.746282    0.746282 ^ _793_/Q (sky130_fd_sc_hd__dfrtp_2)
                                                         tcout[3] (net)
                      0.750976    0.000000    0.746282 ^ _391_/A (sky130_fd_sc_hd__inv_2)
    27    0.080453    0.258541    0.198026    0.944307 v _391_/Y (sky130_fd_sc_hd__inv_2)
                                                         _335_ (net)
                      0.258541    0.000000    0.944307 v _692_/A (sky130_fd_sc_hd__or3_2)
     1    0.002282    0.048797    0.325301    1.269608 v _692_/X (sky130_fd_sc_hd__or3_2)
                                                         _255_ (net)
                      0.048797    0.000000    1.269608 v _693_/B1 (sky130_fd_sc_hd__o211a_2)
     1    0.002195    0.029057    0.086131    1.355739 v _693_/X (sky130_fd_sc_hd__o211a_2)
                                                         _256_ (net)
                      0.029057    0.000000    1.355739 v _694_/C1 (sky130_fd_sc_hd__a211o_2)
     2    0.006485    0.042420    0.127543    1.483283 v _694_/X (sky130_fd_sc_hd__a211o_2)
                                                         _257_ (net)
                      0.042420    0.000000    1.483283 v _702_/A2 (sky130_fd_sc_hd__a31o_2)
     1    0.002303    0.026939    0.143029    1.626312 v _702_/X (sky130_fd_sc_hd__a31o_2)
                                                         _265_ (net)
                      0.026939    0.000000    1.626312 v _703_/B1 (sky130_fd_sc_hd__o31a_2)
     1    0.033442    0.086737    0.108605    1.734917 v _703_/X (sky130_fd_sc_hd__o31a_2)
                                                         sine_out[8] (net)
                      0.086737    0.000000    1.734917 v sine_out[8] (out)
                                              1.734917   data arrival time

                      0.150000   10.000000   10.000000   clock clk (rise edge)
                                  0.000000   10.000000   clock network delay (ideal)
                                 -0.250000    9.750000   clock uncertainty
                                  0.000000    9.750000   clock reconvergence pessimism
                                 -2.000000    7.750000   output external delay
                                              7.750000   data required time
---------------------------------------------------------------------------------------------
                                              7.750000   data required time
                                             -1.734917   data arrival time
---------------------------------------------------------------------------------------------
                                              6.015083   slack (MET)


Startpoint: _792_ (rising edge-triggered flip-flop clocked by clk)
Endpoint: sine_out[2] (output port clocked by clk)
Path Group: clk
Path Type: max

Fanout         Cap        Slew       Delay        Time   Description
---------------------------------------------------------------------------------------------
                      0.150000    0.000000    0.000000   clock clk (rise edge)
                                  0.000000    0.000000   clock network delay (ideal)
                      0.150000    0.000000    0.000000 ^ _792_/CLK (sky130_fd_sc_hd__dfrtp_2)
    60    0.208708    0.740861    0.739406    0.739406 ^ _792_/Q (sky130_fd_sc_hd__dfrtp_2)
                                                         tcout[2] (net)
                      0.740861    0.000000    0.739406 ^ _418_/B (sky130_fd_sc_hd__nand2b_2)
     6    0.011684    0.124840    0.038032    0.777438 v _418_/Y (sky130_fd_sc_hd__nand2b_2)
                                                         _361_ (net)
                      0.124840    0.000000    0.777438 v _454_/C (sky130_fd_sc_hd__and3_2)
     2    0.006344    0.037592    0.173954    0.951392 v _454_/X (sky130_fd_sc_hd__and3_2)
                                                         _025_ (net)
                      0.037592    0.000000    0.951392 v _548_/A2 (sky130_fd_sc_hd__o311a_2)
     1    0.002266    0.038585    0.217603    1.168995 v _548_/X (sky130_fd_sc_hd__o311a_2)
                                                         _117_ (net)
                      0.038585    0.000000    1.168995 v _549_/A2 (sky130_fd_sc_hd__o21a_2)
     1    0.001601    0.022187    0.112955    1.281950 v _549_/X (sky130_fd_sc_hd__o21a_2)
                                                         _118_ (net)
                      0.022187    0.000000    1.281950 v _556_/B (sky130_fd_sc_hd__or3_2)
     1    0.002262    0.048836    0.244801    1.526751 v _556_/X (sky130_fd_sc_hd__or3_2)
                                                         _125_ (net)
                      0.048836    0.000000    1.526751 v _568_/A2 (sky130_fd_sc_hd__a31o_2)
     1    0.033442    0.077120    0.207243    1.733993 v _568_/X (sky130_fd_sc_hd__a31o_2)
                                                         sine_out[2] (net)
                      0.077120    0.000000    1.733993 v sine_out[2] (out)
                                              1.733993   data arrival time

                      0.150000   10.000000   10.000000   clock clk (rise edge)
                                  0.000000   10.000000   clock network delay (ideal)
                                 -0.250000    9.750000   clock uncertainty
                                  0.000000    9.750000   clock reconvergence pessimism
                                 -2.000000    7.750000   output external delay
                                              7.750000   data required time
---------------------------------------------------------------------------------------------
                                              7.750000   data required time
                                             -1.733993   data arrival time
---------------------------------------------------------------------------------------------
                                              6.016006   slack (MET)


Startpoint: _790_ (rising edge-triggered flip-flop clocked by clk)
Endpoint: sine_out[4] (output port clocked by clk)
Path Group: clk
Path Type: max

Fanout         Cap        Slew       Delay        Time   Description
---------------------------------------------------------------------------------------------
                      0.150000    0.000000    0.000000   clock clk (rise edge)
                                  0.000000    0.000000   clock network delay (ideal)
                      0.150000    0.000000    0.000000 ^ _790_/CLK (sky130_fd_sc_hd__dfrtp_2)
    42    0.135313    0.226904    0.456846    0.456846 v _790_/Q (sky130_fd_sc_hd__dfrtp_2)
                                                         tcout[0] (net)
                      0.226904    0.000000    0.456846 v _432_/A (sky130_fd_sc_hd__xnor2_2)
     9    0.035530    0.359962    0.361357    0.818203 ^ _432_/Y (sky130_fd_sc_hd__xnor2_2)
                                                         _375_ (net)
                      0.359962    0.000000    0.818203 ^ _433_/A (sky130_fd_sc_hd__inv_2)
    14    0.045187    0.137950    0.117387    0.935590 v _433_/Y (sky130_fd_sc_hd__inv_2)
                                                         _001_ (net)
                      0.137950    0.000000    0.935590 v _615_/A2 (sky130_fd_sc_hd__o211a_2)
     1    0.002261    0.030710    0.180212    1.115802 v _615_/X (sky130_fd_sc_hd__o211a_2)
                                                         _182_ (net)
                      0.030710    0.000000    1.115802 v _616_/B1 (sky130_fd_sc_hd__a211o_2)
     1    0.001549    0.030184    0.132089    1.247891 v _616_/X (sky130_fd_sc_hd__a211o_2)
                                                         _183_ (net)
                      0.030184    0.000000    1.247891 v _619_/B (sky130_fd_sc_hd__and3_2)
     2    0.006458    0.035413    0.126150    1.374040 v _619_/X (sky130_fd_sc_hd__and3_2)
                                                         _186_ (net)
                      0.035413    0.000000    1.374040 v _626_/A2 (sky130_fd_sc_hd__o211a_2)
     1    0.004215    0.034095    0.147721    1.521762 v _626_/X (sky130_fd_sc_hd__o211a_2)
                                                         _193_ (net)
                      0.034095    0.000000    1.521762 v _627_/B1 (sky130_fd_sc_hd__a21oi_2)
     1    0.033442    0.306179    0.177821    1.699583 ^ _627_/Y (sky130_fd_sc_hd__a21oi_2)
                                                         sine_out[4] (net)
                      0.306179    0.000000    1.699583 ^ sine_out[4] (out)
                                              1.699583   data arrival time

                      0.150000   10.000000   10.000000   clock clk (rise edge)
                                  0.000000   10.000000   clock network delay (ideal)
                                 -0.250000    9.750000   clock uncertainty
                                  0.000000    9.750000   clock reconvergence pessimism
                                 -2.000000    7.750000   output external delay
                                              7.750000   data required time
---------------------------------------------------------------------------------------------
                                              7.750000   data required time
                                             -1.699583   data arrival time
---------------------------------------------------------------------------------------------
                                              6.050417   slack (MET)


Startpoint: _793_ (rising edge-triggered flip-flop clocked by clk)
Endpoint: sine_out[1] (output port clocked by clk)
Path Group: clk
Path Type: max

Fanout         Cap        Slew       Delay        Time   Description
---------------------------------------------------------------------------------------------
                      0.150000    0.000000    0.000000   clock clk (rise edge)
                                  0.000000    0.000000   clock network delay (ideal)
                      0.150000    0.000000    0.000000 ^ _793_/CLK (sky130_fd_sc_hd__dfrtp_2)
    67    0.211580    0.750976    0.746282    0.746282 ^ _793_/Q (sky130_fd_sc_hd__dfrtp_2)
                                                         tcout[3] (net)
                      0.750976    0.000000    0.746282 ^ _391_/A (sky130_fd_sc_hd__inv_2)
    27    0.080453    0.258541    0.198026    0.944307 v _391_/Y (sky130_fd_sc_hd__inv_2)
                                                         _335_ (net)
                      0.258541    0.000000    0.944307 v _500_/A1 (sky130_fd_sc_hd__o32a_2)
     1    0.002219    0.035715    0.285725    1.230032 v _500_/X (sky130_fd_sc_hd__o32a_2)
                                                         _070_ (net)
                      0.035715    0.000000    1.230032 v _502_/A2 (sky130_fd_sc_hd__a221o_2)
     1    0.002266    0.030554    0.191740    1.421772 v _502_/X (sky130_fd_sc_hd__a221o_2)
                                                         _072_ (net)
                      0.030554    0.000000    1.421772 v _503_/A2 (sky130_fd_sc_hd__o21a_2)
     1    0.002373    0.023965    0.112670    1.534443 v _503_/X (sky130_fd_sc_hd__o21a_2)
                                                         _073_ (net)
                      0.023965    0.000000    1.534443 v _525_/B2 (sky130_fd_sc_hd__a32o_2)
     1    0.033442    0.074096    0.138315    1.672757 v _525_/X (sky130_fd_sc_hd__a32o_2)
                                                         sine_out[1] (net)
                      0.074096    0.000000    1.672757 v sine_out[1] (out)
                                              1.672757   data arrival time

                      0.150000   10.000000   10.000000   clock clk (rise edge)
                                  0.000000   10.000000   clock network delay (ideal)
                                 -0.250000    9.750000   clock uncertainty
                                  0.000000    9.750000   clock reconvergence pessimism
                                 -2.000000    7.750000   output external delay
                                              7.750000   data required time
---------------------------------------------------------------------------------------------
                                              7.750000   data required time
                                             -1.672757   data arrival time
---------------------------------------------------------------------------------------------
                                              6.077243   slack (MET)


Startpoint: _793_ (rising edge-triggered flip-flop clocked by clk)
Endpoint: sine_out[0] (output port clocked by clk)
Path Group: clk
Path Type: max

Fanout         Cap        Slew       Delay        Time   Description
---------------------------------------------------------------------------------------------
                      0.150000    0.000000    0.000000   clock clk (rise edge)
                                  0.000000    0.000000   clock network delay (ideal)
                      0.150000    0.000000    0.000000 ^ _793_/CLK (sky130_fd_sc_hd__dfrtp_2)
    67    0.211580    0.750976    0.746282    0.746282 ^ _793_/Q (sky130_fd_sc_hd__dfrtp_2)
                                                         tcout[3] (net)
                      0.750976    0.000000    0.746282 ^ _391_/A (sky130_fd_sc_hd__inv_2)
    27    0.080453    0.258541    0.198026    0.944307 v _391_/Y (sky130_fd_sc_hd__inv_2)
                                                         _335_ (net)
                      0.258541    0.000000    0.944307 v _419_/A (sky130_fd_sc_hd__nand2_2)
     4    0.014096    0.100426    0.147947    1.092254 ^ _419_/Y (sky130_fd_sc_hd__nand2_2)
                                                         _362_ (net)
                      0.100426    0.000000    1.092254 ^ _420_/B (sky130_fd_sc_hd__nand2_2)
     1    0.001701    0.027553    0.025859    1.118114 v _420_/Y (sky130_fd_sc_hd__nand2_2)
                                                         _363_ (net)
                      0.027553    0.000000    1.118114 v _421_/B1 (sky130_fd_sc_hd__a2bb2o_2)
     1    0.001577    0.027697    0.147092    1.265206 v _421_/X (sky130_fd_sc_hd__a2bb2o_2)
                                                         _364_ (net)
                      0.027697    0.000000    1.265206 v _445_/A0 (sky130_fd_sc_hd__mux2_1)
     1    0.004113    0.044519    0.147047    1.412253 v _445_/X (sky130_fd_sc_hd__mux2_1)
                                                         _016_ (net)
                      0.044519    0.000000    1.412253 v _470_/A2 (sky130_fd_sc_hd__o21bai_2)
     1    0.033442    0.290754    0.235885    1.648138 ^ _470_/Y (sky130_fd_sc_hd__o21bai_2)
                                                         sine_out[0] (net)
                      0.290754    0.000000    1.648138 ^ sine_out[0] (out)
                                              1.648138   data arrival time

                      0.150000   10.000000   10.000000   clock clk (rise edge)
                                  0.000000   10.000000   clock network delay (ideal)
                                 -0.250000    9.750000   clock uncertainty
                                  0.000000    9.750000   clock reconvergence pessimism
                                 -2.000000    7.750000   output external delay
                                              7.750000   data required time
---------------------------------------------------------------------------------------------
                                              7.750000   data required time
                                             -1.648138   data arrival time
---------------------------------------------------------------------------------------------
                                              6.101862   slack (MET)


Startpoint: _792_ (rising edge-triggered flip-flop clocked by clk)
Endpoint: sine_out[10] (output port clocked by clk)
Path Group: clk
Path Type: max

Fanout         Cap        Slew       Delay        Time   Description
---------------------------------------------------------------------------------------------
                      0.150000    0.000000    0.000000   clock clk (rise edge)
                                  0.000000    0.000000   clock network delay (ideal)
                      0.150000    0.000000    0.000000 ^ _792_/CLK (sky130_fd_sc_hd__dfrtp_2)
    60    0.208708    0.740861    0.739406    0.739406 ^ _792_/Q (sky130_fd_sc_hd__dfrtp_2)
                                                         tcout[2] (net)
                      0.740861    0.000000    0.739406 ^ _447_/A (sky130_fd_sc_hd__xnor2_2)
    10    0.023450    0.168168    0.111158    0.850564 v _447_/Y (sky130_fd_sc_hd__xnor2_2)
                                                         _018_ (net)
                      0.168168    0.000000    0.850564 v _718_/A1 (sky130_fd_sc_hd__o211a_2)
     1    0.002205    0.029384    0.202579    1.053143 v _718_/X (sky130_fd_sc_hd__o211a_2)
                                                         _278_ (net)
                      0.029384    0.000000    1.053143 v _722_/A2 (sky130_fd_sc_hd__o31a_2)
     1    0.002260    0.034901    0.185401    1.238545 v _722_/X (sky130_fd_sc_hd__o31a_2)
                                                         _282_ (net)
                      0.034901    0.000000    1.238545 v _726_/A3 (sky130_fd_sc_hd__a31o_2)
     2    0.006596    0.035972    0.160796    1.399341 v _726_/X (sky130_fd_sc_hd__a31o_2)
                                                         _286_ (net)
                      0.035972    0.000000    1.399341 v _734_/B1 (sky130_fd_sc_hd__o21a_2)
     1    0.002337    0.023883    0.068892    1.468233 v _734_/X (sky130_fd_sc_hd__o21a_2)
                                                         _294_ (net)
                      0.023883    0.000000    1.468233 v _735_/B1 (sky130_fd_sc_hd__o22a_2)
     1    0.033442    0.074542    0.168999    1.637231 v _735_/X (sky130_fd_sc_hd__o22a_2)
                                                         sine_out[10] (net)
                      0.074542    0.000000    1.637231 v sine_out[10] (out)
                                              1.637231   data arrival time

                      0.150000   10.000000   10.000000   clock clk (rise edge)
                                  0.000000   10.000000   clock network delay (ideal)
                                 -0.250000    9.750000   clock uncertainty
                                  0.000000    9.750000   clock reconvergence pessimism
                                 -2.000000    7.750000   output external delay
                                              7.750000   data required time
---------------------------------------------------------------------------------------------
                                              7.750000   data required time
                                             -1.637231   data arrival time
---------------------------------------------------------------------------------------------
                                              6.112769   slack (MET)


Startpoint: _793_ (rising edge-triggered flip-flop clocked by clk)
Endpoint: sine_out[13] (output port clocked by clk)
Path Group: clk
Path Type: max

Fanout         Cap        Slew       Delay        Time   Description
---------------------------------------------------------------------------------------------
                      0.150000    0.000000    0.000000   clock clk (rise edge)
                                  0.000000    0.000000   clock network delay (ideal)
                      0.150000    0.000000    0.000000 ^ _793_/CLK (sky130_fd_sc_hd__dfrtp_2)
    67    0.211580    0.750976    0.746282    0.746282 ^ _793_/Q (sky130_fd_sc_hd__dfrtp_2)
                                                         tcout[3] (net)
                      0.750976    0.000000    0.746282 ^ _474_/A (sky130_fd_sc_hd__and2_2)
     8    0.030773    0.132791    0.207468    0.953750 ^ _474_/X (sky130_fd_sc_hd__and2_2)
                                                         _044_ (net)
                      0.132791    0.000000    0.953750 ^ _476_/B (sky130_fd_sc_hd__nand2_2)
     4    0.011058    0.111616    0.055280    1.009030 v _476_/Y (sky130_fd_sc_hd__nand2_2)
                                                         _046_ (net)
                      0.111616    0.000000    1.009030 v _764_/A2 (sky130_fd_sc_hd__a221o_2)
     1    0.002298    0.030724    0.220436    1.229466 v _764_/X (sky130_fd_sc_hd__a221o_2)
                                                         _321_ (net)
                      0.030724    0.000000    1.229466 v _767_/B1 (sky130_fd_sc_hd__o311a_2)
     1    0.003440    0.041739    0.081185    1.310651 v _767_/X (sky130_fd_sc_hd__o311a_2)
                                                         _324_ (net)
                      0.041739    0.000000    1.310651 v _769_/S (sky130_fd_sc_hd__mux2_1)
     1    0.033442    0.137452    0.284939    1.595590 v _769_/X (sky130_fd_sc_hd__mux2_1)
                                                         sine_out[13] (net)
                      0.137452    0.000000    1.595590 v sine_out[13] (out)
                                              1.595590   data arrival time

                      0.150000   10.000000   10.000000   clock clk (rise edge)
                                  0.000000   10.000000   clock network delay (ideal)
                                 -0.250000    9.750000   clock uncertainty
                                  0.000000    9.750000   clock reconvergence pessimism
                                 -2.000000    7.750000   output external delay
                                              7.750000   data required time
---------------------------------------------------------------------------------------------
                                              7.750000   data required time
                                             -1.595590   data arrival time
---------------------------------------------------------------------------------------------
                                              6.154410   slack (MET)


Startpoint: _794_ (rising edge-triggered flip-flop clocked by clk)
Endpoint: sine_out[14] (output port clocked by clk)
Path Group: clk
Path Type: max

Fanout         Cap        Slew       Delay        Time   Description
---------------------------------------------------------------------------------------------
                      0.150000    0.000000    0.000000   clock clk (rise edge)
                                  0.000000    0.000000   clock network delay (ideal)
                      0.150000    0.000000    0.000000 ^ _794_/CLK (sky130_fd_sc_hd__dfrtp_2)
    56    0.171177    0.608671    0.649557    0.649557 ^ _794_/Q (sky130_fd_sc_hd__dfrtp_2)
                                                         tcout[4] (net)
                      0.608671    0.000000    0.649557 ^ _390_/A (sky130_fd_sc_hd__inv_2)
    25    0.070684    0.219974    0.175198    0.824755 v _390_/Y (sky130_fd_sc_hd__inv_2)
                                                         _334_ (net)
                      0.219974    0.000000    0.824755 v _762_/A (sky130_fd_sc_hd__or2_2)
     3    0.006810    0.046672    0.242336    1.067091 v _762_/X (sky130_fd_sc_hd__or2_2)
                                                         _319_ (net)
                      0.046672    0.000000    1.067091 v _771_/A3 (sky130_fd_sc_hd__a31o_2)
     1    0.003440    0.029711    0.156520    1.223611 v _771_/X (sky130_fd_sc_hd__a31o_2)
                                                         _327_ (net)
                      0.029711    0.000000    1.223611 v _772_/S (sky130_fd_sc_hd__mux2_1)
     1    0.033442    0.137824    0.281445    1.505056 v _772_/X (sky130_fd_sc_hd__mux2_1)
                                                         sine_out[14] (net)
                      0.137824    0.000000    1.505056 v sine_out[14] (out)
                                              1.505056   data arrival time

                      0.150000   10.000000   10.000000   clock clk (rise edge)
                                  0.000000   10.000000   clock network delay (ideal)
                                 -0.250000    9.750000   clock uncertainty
                                  0.000000    9.750000   clock reconvergence pessimism
                                 -2.000000    7.750000   output external delay
                                              7.750000   data required time
---------------------------------------------------------------------------------------------
                                              7.750000   data required time
                                             -1.505056   data arrival time
---------------------------------------------------------------------------------------------
                                              6.244944   slack (MET)


Startpoint: _792_ (rising edge-triggered flip-flop clocked by clk)
Endpoint: sine_out[15] (output port clocked by clk)
Path Group: clk
Path Type: max

Fanout         Cap        Slew       Delay        Time   Description
---------------------------------------------------------------------------------------------
                      0.150000    0.000000    0.000000   clock clk (rise edge)
                                  0.000000    0.000000   clock network delay (ideal)
                      0.150000    0.000000    0.000000 ^ _792_/CLK (sky130_fd_sc_hd__dfrtp_2)
    60    0.190685    0.312308    0.522225    0.522225 v _792_/Q (sky130_fd_sc_hd__dfrtp_2)
                                                         tcout[2] (net)
                      0.312308    0.000000    0.522225 v _450_/B (sky130_fd_sc_hd__nor3_2)
     8    0.032783    0.412404    0.423901    0.946126 ^ _450_/Y (sky130_fd_sc_hd__nor3_2)
                                                         _021_ (net)
                      0.412404    0.000000    0.946126 ^ _684_/A (sky130_fd_sc_hd__nand2_2)
     4    0.008289    0.086540    0.033193    0.979319 v _684_/Y (sky130_fd_sc_hd__nand2_2)
                                                         _248_ (net)
                      0.086540    0.000000    0.979319 v _773_/A2 (sky130_fd_sc_hd__o21a_2)
     1    0.033442    0.072791    0.192713    1.172032 v _773_/X (sky130_fd_sc_hd__o21a_2)
                                                         sine_out[15] (net)
                      0.072791    0.000000    1.172032 v sine_out[15] (out)
                                              1.172032   data arrival time

                      0.150000   10.000000   10.000000   clock clk (rise edge)
                                  0.000000   10.000000   clock network delay (ideal)
                                 -0.250000    9.750000   clock uncertainty
                                  0.000000    9.750000   clock reconvergence pessimism
                                 -2.000000    7.750000   output external delay
                                              7.750000   data required time
---------------------------------------------------------------------------------------------
                                              7.750000   data required time
                                             -1.172032   data arrival time
---------------------------------------------------------------------------------------------
                                              6.577968   slack (MET)


Startpoint: rst (input port clocked by clk)
Endpoint: _790_ (recovery check against rising-edge clock clk)
Path Group: asynchronous
Path Type: max

Fanout         Cap        Slew       Delay        Time   Description
---------------------------------------------------------------------------------------------
                      0.150000    0.000000    0.000000   clock clk (rise edge)
                                  0.000000    0.000000   clock network delay (ideal)
                                  2.000000    2.000000 v input external delay
     8    0.034280    0.053443    0.036795    2.036795 v rst (in)
                                                         rst (net)
                      0.053443    0.000000    2.036795 v _394_/A (sky130_fd_sc_hd__inv_2)
     1    0.003617    0.024040    0.037912    2.074707 ^ _394_/Y (sky130_fd_sc_hd__inv_2)
                                                         _008_ (net)
                      0.024040    0.000000    2.074707 ^ _790_/RESET_B (sky130_fd_sc_hd__dfrtp_2)
                                              2.074707   data arrival time

                      0.150000   10.000000   10.000000   clock clk (rise edge)
                                  0.000000   10.000000   clock network delay (ideal)
                                 -0.250000    9.750000   clock uncertainty
                                  0.000000    9.750000   clock reconvergence pessimism
                                              9.750000 ^ _790_/CLK (sky130_fd_sc_hd__dfrtp_2)
                                  0.153518    9.903519   library recovery time
                                              9.903519   data required time
---------------------------------------------------------------------------------------------
                                              9.903519   data required time
                                             -2.074707   data arrival time
---------------------------------------------------------------------------------------------
                                              7.828812   slack (MET)


Startpoint: rst (input port clocked by clk)
Endpoint: _791_ (recovery check against rising-edge clock clk)
Path Group: asynchronous
Path Type: max

Fanout         Cap        Slew       Delay        Time   Description
---------------------------------------------------------------------------------------------
                      0.150000    0.000000    0.000000   clock clk (rise edge)
                                  0.000000    0.000000   clock network delay (ideal)
                                  2.000000    2.000000 v input external delay
     8    0.034280    0.053443    0.036795    2.036795 v rst (in)
                                                         rst (net)
                      0.053443    0.000000    2.036795 v _783_/A (sky130_fd_sc_hd__inv_2)
     1    0.003617    0.024040    0.037912    2.074707 ^ _783_/Y (sky130_fd_sc_hd__inv_2)
                                                         _009_ (net)
                      0.024040    0.000000    2.074707 ^ _791_/RESET_B (sky130_fd_sc_hd__dfrtp_2)
                                              2.074707   data arrival time

                      0.150000   10.000000   10.000000   clock clk (rise edge)
                                  0.000000   10.000000   clock network delay (ideal)
                                 -0.250000    9.750000   clock uncertainty
                                  0.000000    9.750000   clock reconvergence pessimism
                                              9.750000 ^ _791_/CLK (sky130_fd_sc_hd__dfrtp_2)
                                  0.153518    9.903519   library recovery time
                                              9.903519   data required time
---------------------------------------------------------------------------------------------
                                              9.903519   data required time
                                             -2.074707   data arrival time
---------------------------------------------------------------------------------------------
                                              7.828812   slack (MET)


Startpoint: rst (input port clocked by clk)
Endpoint: _792_ (recovery check against rising-edge clock clk)
Path Group: asynchronous
Path Type: max

Fanout         Cap        Slew       Delay        Time   Description
---------------------------------------------------------------------------------------------
                      0.150000    0.000000    0.000000   clock clk (rise edge)
                                  0.000000    0.000000   clock network delay (ideal)
                                  2.000000    2.000000 v input external delay
     8    0.034280    0.053443    0.036795    2.036795 v rst (in)
                                                         rst (net)
                      0.053443    0.000000    2.036795 v _784_/A (sky130_fd_sc_hd__inv_2)
     1    0.003617    0.024040    0.037912    2.074707 ^ _784_/Y (sky130_fd_sc_hd__inv_2)
                                                         _010_ (net)
                      0.024040    0.000000    2.074707 ^ _792_/RESET_B (sky130_fd_sc_hd__dfrtp_2)
                                              2.074707   data arrival time

                      0.150000   10.000000   10.000000   clock clk (rise edge)
                                  0.000000   10.000000   clock network delay (ideal)
                                 -0.250000    9.750000   clock uncertainty
                                  0.000000    9.750000   clock reconvergence pessimism
                                              9.750000 ^ _792_/CLK (sky130_fd_sc_hd__dfrtp_2)
                                  0.153518    9.903519   library recovery time
                                              9.903519   data required time
---------------------------------------------------------------------------------------------
                                              9.903519   data required time
                                             -2.074707   data arrival time
---------------------------------------------------------------------------------------------
                                              7.828812   slack (MET)


Startpoint: rst (input port clocked by clk)
Endpoint: _793_ (recovery check against rising-edge clock clk)
Path Group: asynchronous
Path Type: max

Fanout         Cap        Slew       Delay        Time   Description
---------------------------------------------------------------------------------------------
                      0.150000    0.000000    0.000000   clock clk (rise edge)
                                  0.000000    0.000000   clock network delay (ideal)
                                  2.000000    2.000000 v input external delay
     8    0.034280    0.053443    0.036795    2.036795 v rst (in)
                                                         rst (net)
                      0.053443    0.000000    2.036795 v _785_/A (sky130_fd_sc_hd__inv_2)
     1    0.003617    0.024040    0.037912    2.074707 ^ _785_/Y (sky130_fd_sc_hd__inv_2)
                                                         _011_ (net)
                      0.024040    0.000000    2.074707 ^ _793_/RESET_B (sky130_fd_sc_hd__dfrtp_2)
                                              2.074707   data arrival time

                      0.150000   10.000000   10.000000   clock clk (rise edge)
                                  0.000000   10.000000   clock network delay (ideal)
                                 -0.250000    9.750000   clock uncertainty
                                  0.000000    9.750000   clock reconvergence pessimism
                                              9.750000 ^ _793_/CLK (sky130_fd_sc_hd__dfrtp_2)
                                  0.153518    9.903519   library recovery time
                                              9.903519   data required time
---------------------------------------------------------------------------------------------
                                              9.903519   data required time
                                             -2.074707   data arrival time
---------------------------------------------------------------------------------------------
                                              7.828812   slack (MET)


Startpoint: rst (input port clocked by clk)
Endpoint: _794_ (recovery check against rising-edge clock clk)
Path Group: asynchronous
Path Type: max

Fanout         Cap        Slew       Delay        Time   Description
---------------------------------------------------------------------------------------------
                      0.150000    0.000000    0.000000   clock clk (rise edge)
                                  0.000000    0.000000   clock network delay (ideal)
                                  2.000000    2.000000 v input external delay
     8    0.034280    0.053443    0.036795    2.036795 v rst (in)
                                                         rst (net)
                      0.053443    0.000000    2.036795 v _786_/A (sky130_fd_sc_hd__inv_2)
     1    0.003617    0.024040    0.037912    2.074707 ^ _786_/Y (sky130_fd_sc_hd__inv_2)
                                                         _012_ (net)
                      0.024040    0.000000    2.074707 ^ _794_/RESET_B (sky130_fd_sc_hd__dfrtp_2)
                                              2.074707   data arrival time

                      0.150000   10.000000   10.000000   clock clk (rise edge)
                                  0.000000   10.000000   clock network delay (ideal)
                                 -0.250000    9.750000   clock uncertainty
                                  0.000000    9.750000   clock reconvergence pessimism
                                              9.750000 ^ _794_/CLK (sky130_fd_sc_hd__dfrtp_2)
                                  0.153518    9.903519   library recovery time
                                              9.903519   data required time
---------------------------------------------------------------------------------------------
                                              9.903519   data required time
                                             -2.074707   data arrival time
---------------------------------------------------------------------------------------------
                                              7.828812   slack (MET)


Startpoint: rst (input port clocked by clk)
Endpoint: _795_ (recovery check against rising-edge clock clk)
Path Group: asynchronous
Path Type: max

Fanout         Cap        Slew       Delay        Time   Description
---------------------------------------------------------------------------------------------
                      0.150000    0.000000    0.000000   clock clk (rise edge)
                                  0.000000    0.000000   clock network delay (ideal)
                                  2.000000    2.000000 v input external delay
     8    0.034280    0.053443    0.036795    2.036795 v rst (in)
                                                         rst (net)
                      0.053443    0.000000    2.036795 v _787_/A (sky130_fd_sc_hd__inv_2)
     1    0.003617    0.024040    0.037912    2.074707 ^ _787_/Y (sky130_fd_sc_hd__inv_2)
                                                         _013_ (net)
                      0.024040    0.000000    2.074707 ^ _795_/RESET_B (sky130_fd_sc_hd__dfrtp_2)
                                              2.074707   data arrival time

                      0.150000   10.000000   10.000000   clock clk (rise edge)
                                  0.000000   10.000000   clock network delay (ideal)
                                 -0.250000    9.750000   clock uncertainty
                                  0.000000    9.750000   clock reconvergence pessimism
                                              9.750000 ^ _795_/CLK (sky130_fd_sc_hd__dfrtp_2)
                                  0.153518    9.903519   library recovery time
                                              9.903519   data required time
---------------------------------------------------------------------------------------------
                                              9.903519   data required time
                                             -2.074707   data arrival time
---------------------------------------------------------------------------------------------
                                              7.828812   slack (MET)


Startpoint: rst (input port clocked by clk)
Endpoint: _796_ (recovery check against rising-edge clock clk)
Path Group: asynchronous
Path Type: max

Fanout         Cap        Slew       Delay        Time   Description
---------------------------------------------------------------------------------------------
                      0.150000    0.000000    0.000000   clock clk (rise edge)
                                  0.000000    0.000000   clock network delay (ideal)
                                  2.000000    2.000000 v input external delay
     8    0.034280    0.053443    0.036795    2.036795 v rst (in)
                                                         rst (net)
                      0.053443    0.000000    2.036795 v _788_/A (sky130_fd_sc_hd__inv_2)
     1    0.003617    0.024040    0.037912    2.074707 ^ _788_/Y (sky130_fd_sc_hd__inv_2)
                                                         _014_ (net)
                      0.024040    0.000000    2.074707 ^ _796_/RESET_B (sky130_fd_sc_hd__dfrtp_2)
                                              2.074707   data arrival time

                      0.150000   10.000000   10.000000   clock clk (rise edge)
                                  0.000000   10.000000   clock network delay (ideal)
                                 -0.250000    9.750000   clock uncertainty
                                  0.000000    9.750000   clock reconvergence pessimism
                                              9.750000 ^ _796_/CLK (sky130_fd_sc_hd__dfrtp_2)
                                  0.153518    9.903519   library recovery time
                                              9.903519   data required time
---------------------------------------------------------------------------------------------
                                              9.903519   data required time
                                             -2.074707   data arrival time
---------------------------------------------------------------------------------------------
                                              7.828812   slack (MET)


Startpoint: rst (input port clocked by clk)
Endpoint: _797_ (recovery check against rising-edge clock clk)
Path Group: asynchronous
Path Type: max

Fanout         Cap        Slew       Delay        Time   Description
---------------------------------------------------------------------------------------------
                      0.150000    0.000000    0.000000   clock clk (rise edge)
                                  0.000000    0.000000   clock network delay (ideal)
                                  2.000000    2.000000 v input external delay
     8    0.034280    0.053443    0.036795    2.036795 v rst (in)
                                                         rst (net)
                      0.053443    0.000000    2.036795 v _789_/A (sky130_fd_sc_hd__inv_2)
     1    0.003617    0.024040    0.037912    2.074707 ^ _789_/Y (sky130_fd_sc_hd__inv_2)
                                                         _015_ (net)
                      0.024040    0.000000    2.074707 ^ _797_/RESET_B (sky130_fd_sc_hd__dfrtp_2)
                                              2.074707   data arrival time

                      0.150000   10.000000   10.000000   clock clk (rise edge)
                                  0.000000   10.000000   clock network delay (ideal)
                                 -0.250000    9.750000   clock uncertainty
                                  0.000000    9.750000   clock reconvergence pessimism
                                              9.750000 ^ _797_/CLK (sky130_fd_sc_hd__dfrtp_2)
                                  0.153518    9.903519   library recovery time
                                              9.903519   data required time
---------------------------------------------------------------------------------------------
                                              9.903519   data required time
                                             -2.074707   data arrival time
---------------------------------------------------------------------------------------------
                                              7.828812   slack (MET)


Startpoint: _793_ (rising edge-triggered flip-flop clocked by clk)
Endpoint: _797_ (rising edge-triggered flip-flop clocked by clk)
Path Group: clk
Path Type: max

Fanout         Cap        Slew       Delay        Time   Description
---------------------------------------------------------------------------------------------
                      0.150000    0.000000    0.000000   clock clk (rise edge)
                                  0.000000    0.000000   clock network delay (ideal)
                      0.150000    0.000000    0.000000 ^ _793_/CLK (sky130_fd_sc_hd__dfrtp_2)
    67    0.211580    0.750976    0.746282    0.746282 ^ _793_/Q (sky130_fd_sc_hd__dfrtp_2)
                                                         tcout[3] (net)
                      0.750976    0.000000    0.746282 ^ _474_/A (sky130_fd_sc_hd__and2_2)
     8    0.030773    0.132791    0.207468    0.953750 ^ _474_/X (sky130_fd_sc_hd__and2_2)
                                                         _044_ (net)
                      0.132791    0.000000    0.953750 ^ _775_/C (sky130_fd_sc_hd__and3_2)
     4    0.016871    0.086101    0.157549    1.111299 ^ _775_/X (sky130_fd_sc_hd__and3_2)
                                                         _329_ (net)
                      0.086101    0.000000    1.111299 ^ _779_/C (sky130_fd_sc_hd__and3_2)
     2    0.013017    0.067738    0.139594    1.250893 ^ _779_/X (sky130_fd_sc_hd__and3_2)
                                                         _331_ (net)
                      0.067738    0.000000    1.250893 ^ _782_/B (sky130_fd_sc_hd__xnor2_2)
     1    0.002087    0.070725    0.062849    1.313741 ^ _782_/Y (sky130_fd_sc_hd__xnor2_2)
                                                         _007_ (net)
                      0.070725    0.000000    1.313741 ^ _797_/D (sky130_fd_sc_hd__dfrtp_2)
                                              1.313741   data arrival time

                      0.150000   10.000000   10.000000   clock clk (rise edge)
                                  0.000000   10.000000   clock network delay (ideal)
                                 -0.250000    9.750000   clock uncertainty
                                  0.000000    9.750000   clock reconvergence pessimism
                                              9.750000 ^ _797_/CLK (sky130_fd_sc_hd__dfrtp_2)
                                 -0.035706    9.714294   library setup time
                                              9.714294   data required time
---------------------------------------------------------------------------------------------
                                              9.714294   data required time
                                             -1.313741   data arrival time
---------------------------------------------------------------------------------------------
                                              8.400554   slack (MET)


Startpoint: _793_ (rising edge-triggered flip-flop clocked by clk)
Endpoint: _796_ (rising edge-triggered flip-flop clocked by clk)
Path Group: clk
Path Type: max

Fanout         Cap        Slew       Delay        Time   Description
---------------------------------------------------------------------------------------------
                      0.150000    0.000000    0.000000   clock clk (rise edge)
                                  0.000000    0.000000   clock network delay (ideal)
                      0.150000    0.000000    0.000000 ^ _793_/CLK (sky130_fd_sc_hd__dfrtp_2)
    67    0.211580    0.750976    0.746282    0.746282 ^ _793_/Q (sky130_fd_sc_hd__dfrtp_2)
                                                         tcout[3] (net)
                      0.750976    0.000000    0.746282 ^ _474_/A (sky130_fd_sc_hd__and2_2)
     8    0.030773    0.132791    0.207468    0.953750 ^ _474_/X (sky130_fd_sc_hd__and2_2)
                                                         _044_ (net)
                      0.132791    0.000000    0.953750 ^ _775_/C (sky130_fd_sc_hd__and3_2)
     4    0.016871    0.086101    0.157549    1.111299 ^ _775_/X (sky130_fd_sc_hd__and3_2)
                                                         _329_ (net)
                      0.086101    0.000000    1.111299 ^ _779_/C (sky130_fd_sc_hd__and3_2)
     2    0.013017    0.067738    0.139594    1.250893 ^ _779_/X (sky130_fd_sc_hd__and3_2)
                                                         _331_ (net)
                      0.067738    0.000000    1.250893 ^ _781_/A (sky130_fd_sc_hd__nor2_2)
     1    0.002059    0.021141    0.022336    1.273229 v _781_/Y (sky130_fd_sc_hd__nor2_2)
                                                         _006_ (net)
                      0.021141    0.000000    1.273229 v _796_/D (sky130_fd_sc_hd__dfrtp_2)
                                              1.273229   data arrival time

                      0.150000   10.000000   10.000000   clock clk (rise edge)
                                  0.000000   10.000000   clock network delay (ideal)
                                 -0.250000    9.750000   clock uncertainty
                                  0.000000    9.750000   clock reconvergence pessimism
                                              9.750000 ^ _796_/CLK (sky130_fd_sc_hd__dfrtp_2)
                                 -0.058451    9.691549   library setup time
                                              9.691549   data required time
---------------------------------------------------------------------------------------------
                                              9.691549   data required time
                                             -1.273229   data arrival time
---------------------------------------------------------------------------------------------
                                              8.418321   slack (MET)


Startpoint: _793_ (rising edge-triggered flip-flop clocked by clk)
Endpoint: _794_ (rising edge-triggered flip-flop clocked by clk)
Path Group: clk
Path Type: max

Fanout         Cap        Slew       Delay        Time   Description
---------------------------------------------------------------------------------------------
                      0.150000    0.000000    0.000000   clock clk (rise edge)
                                  0.000000    0.000000   clock network delay (ideal)
                      0.150000    0.000000    0.000000 ^ _793_/CLK (sky130_fd_sc_hd__dfrtp_2)
    67    0.211580    0.750976    0.746282    0.746282 ^ _793_/Q (sky130_fd_sc_hd__dfrtp_2)
                                                         tcout[3] (net)
                      0.750976    0.000000    0.746282 ^ _474_/A (sky130_fd_sc_hd__and2_2)
     8    0.030773    0.132791    0.207468    0.953750 ^ _474_/X (sky130_fd_sc_hd__and2_2)
                                                         _044_ (net)
                      0.132791    0.000000    0.953750 ^ _775_/C (sky130_fd_sc_hd__and3_2)
     4    0.016871    0.086101    0.157549    1.111299 ^ _775_/X (sky130_fd_sc_hd__and3_2)
                                                         _329_ (net)
                      0.086101    0.000000    1.111299 ^ _777_/A_N (sky130_fd_sc_hd__and2b_2)
     1    0.002059    0.024707    0.130300    1.241599 v _777_/X (sky130_fd_sc_hd__and2b_2)
                                                         _004_ (net)
                      0.024707    0.000000    1.241599 v _794_/D (sky130_fd_sc_hd__dfrtp_2)
                                              1.241599   data arrival time

                      0.150000   10.000000   10.000000   clock clk (rise edge)
                                  0.000000   10.000000   clock network delay (ideal)
                                 -0.250000    9.750000   clock uncertainty
                                  0.000000    9.750000   clock reconvergence pessimism
                                              9.750000 ^ _794_/CLK (sky130_fd_sc_hd__dfrtp_2)
                                 -0.059719    9.690282   library setup time
                                              9.690282   data required time
---------------------------------------------------------------------------------------------
                                              9.690282   data required time
                                             -1.241599   data arrival time
---------------------------------------------------------------------------------------------
                                              8.448683   slack (MET)


Startpoint: _793_ (rising edge-triggered flip-flop clocked by clk)
Endpoint: _795_ (rising edge-triggered flip-flop clocked by clk)
Path Group: clk
Path Type: max

Fanout         Cap        Slew       Delay        Time   Description
---------------------------------------------------------------------------------------------
                      0.150000    0.000000    0.000000   clock clk (rise edge)
                                  0.000000    0.000000   clock network delay (ideal)
                      0.150000    0.000000    0.000000 ^ _793_/CLK (sky130_fd_sc_hd__dfrtp_2)
    67    0.211580    0.750976    0.746282    0.746282 ^ _793_/Q (sky130_fd_sc_hd__dfrtp_2)
                                                         tcout[3] (net)
                      0.750976    0.000000    0.746282 ^ _474_/A (sky130_fd_sc_hd__and2_2)
     8    0.030773    0.132791    0.207468    0.953750 ^ _474_/X (sky130_fd_sc_hd__and2_2)
                                                         _044_ (net)
                      0.132791    0.000000    0.953750 ^ _775_/C (sky130_fd_sc_hd__and3_2)
     4    0.016871    0.086101    0.157549    1.111299 ^ _775_/X (sky130_fd_sc_hd__and3_2)
                                                         _329_ (net)
                      0.086101    0.000000    1.111299 ^ _778_/B (sky130_fd_sc_hd__xnor2_2)
     1    0.002087    0.073426    0.064579    1.175878 ^ _778_/Y (sky130_fd_sc_hd__xnor2_2)
                                                         _005_ (net)
                      0.073426    0.000000    1.175878 ^ _795_/D (sky130_fd_sc_hd__dfrtp_2)
                                              1.175878   data arrival time

                      0.150000   10.000000   10.000000   clock clk (rise edge)
                                  0.000000   10.000000   clock network delay (ideal)
                                 -0.250000    9.750000   clock uncertainty
                                  0.000000    9.750000   clock reconvergence pessimism
                                              9.750000 ^ _795_/CLK (sky130_fd_sc_hd__dfrtp_2)
                                 -0.035964    9.714036   library setup time
                                              9.714036   data required time
---------------------------------------------------------------------------------------------
                                              9.714036   data required time
                                             -1.175878   data arrival time
---------------------------------------------------------------------------------------------
                                              8.538158   slack (MET)


Startpoint: _792_ (rising edge-triggered flip-flop clocked by clk)
Endpoint: _792_ (rising edge-triggered flip-flop clocked by clk)
Path Group: clk
Path Type: max

Fanout         Cap        Slew       Delay        Time   Description
---------------------------------------------------------------------------------------------
                      0.150000    0.000000    0.000000   clock clk (rise edge)
                                  0.000000    0.000000   clock network delay (ideal)
                      0.150000    0.000000    0.000000 ^ _792_/CLK (sky130_fd_sc_hd__dfrtp_2)
    60    0.208708    0.740861    0.739406    0.739406 ^ _792_/Q (sky130_fd_sc_hd__dfrtp_2)
                                                         tcout[2] (net)
                      0.740861    0.000000    0.739406 ^ _411_/A_N (sky130_fd_sc_hd__and3b_2)
     5    0.014595    0.050870    0.152857    0.892263 v _411_/X (sky130_fd_sc_hd__and3b_2)
                                                         _354_ (net)
                      0.050870    0.000000    0.892263 v _717_/A (sky130_fd_sc_hd__or2_2)
     2    0.006672    0.045752    0.186338    1.078601 v _717_/X (sky130_fd_sc_hd__or2_2)
                                                         _002_ (net)
                      0.045752    0.000000    1.078601 v _792_/D (sky130_fd_sc_hd__dfrtp_2)
                                              1.078601   data arrival time

                      0.150000   10.000000   10.000000   clock clk (rise edge)
                                  0.000000   10.000000   clock network delay (ideal)
                                 -0.250000    9.750000   clock uncertainty
                                  0.000000    9.750000   clock reconvergence pessimism
                                              9.750000 ^ _792_/CLK (sky130_fd_sc_hd__dfrtp_2)
                                 -0.067197    9.682803   library setup time
                                              9.682803   data required time
---------------------------------------------------------------------------------------------
                                              9.682803   data required time
                                             -1.078601   data arrival time
---------------------------------------------------------------------------------------------
                                              8.604202   slack (MET)


Startpoint: _793_ (rising edge-triggered flip-flop clocked by clk)
Endpoint: _793_ (rising edge-triggered flip-flop clocked by clk)
Path Group: clk
Path Type: max

Fanout         Cap        Slew       Delay        Time   Description
---------------------------------------------------------------------------------------------
                      0.150000    0.000000    0.000000   clock clk (rise edge)
                                  0.000000    0.000000   clock network delay (ideal)
                      0.150000    0.000000    0.000000 ^ _793_/CLK (sky130_fd_sc_hd__dfrtp_2)
    67    0.211580    0.750976    0.746282    0.746282 ^ _793_/Q (sky130_fd_sc_hd__dfrtp_2)
                                                         tcout[3] (net)
                      0.750976    0.000000    0.746282 ^ _424_/A_N (sky130_fd_sc_hd__nand2b_2)
    11    0.038496    0.173519    0.210252    0.956534 ^ _424_/Y (sky130_fd_sc_hd__nand2b_2)
                                                         _367_ (net)
                      0.173519    0.000000    0.956534 ^ _774_/A2 (sky130_fd_sc_hd__o211ai_2)
     1    0.002059    0.039909    0.038568    0.995102 v _774_/Y (sky130_fd_sc_hd__o211ai_2)
                                                         _003_ (net)
                      0.039909    0.000000    0.995102 v _793_/D (sky130_fd_sc_hd__dfrtp_2)
                                              0.995102   data arrival time

                      0.150000   10.000000   10.000000   clock clk (rise edge)
                                  0.000000   10.000000   clock network delay (ideal)
                                 -0.250000    9.750000   clock uncertainty
                                  0.000000    9.750000   clock reconvergence pessimism
                                              9.750000 ^ _793_/CLK (sky130_fd_sc_hd__dfrtp_2)
                                 -0.065120    9.684880   library setup time
                                              9.684880   data required time
---------------------------------------------------------------------------------------------
                                              9.684880   data required time
                                             -0.995102   data arrival time
---------------------------------------------------------------------------------------------
                                              8.689778   slack (MET)


Startpoint: _790_ (rising edge-triggered flip-flop clocked by clk)
Endpoint: _791_ (rising edge-triggered flip-flop clocked by clk)
Path Group: clk
Path Type: max

Fanout         Cap        Slew       Delay        Time   Description
---------------------------------------------------------------------------------------------
                      0.150000    0.000000    0.000000   clock clk (rise edge)
                                  0.000000    0.000000   clock network delay (ideal)
                      0.150000    0.000000    0.000000 ^ _790_/CLK (sky130_fd_sc_hd__dfrtp_2)
    42    0.135313    0.226904    0.456846    0.456846 v _790_/Q (sky130_fd_sc_hd__dfrtp_2)
                                                         tcout[0] (net)
                      0.226904    0.000000    0.456846 v _432_/A (sky130_fd_sc_hd__xnor2_2)
     9    0.035530    0.359962    0.361357    0.818203 ^ _432_/Y (sky130_fd_sc_hd__xnor2_2)
                                                         _375_ (net)
                      0.359962    0.000000    0.818203 ^ _433_/A (sky130_fd_sc_hd__inv_2)
    14    0.045187    0.137950    0.117387    0.935590 v _433_/Y (sky130_fd_sc_hd__inv_2)
                                                         _001_ (net)
                      0.137950    0.000000    0.935590 v _791_/D (sky130_fd_sc_hd__dfrtp_2)
                                              0.935590   data arrival time

                      0.150000   10.000000   10.000000   clock clk (rise edge)
                                  0.000000   10.000000   clock network delay (ideal)
                                 -0.250000    9.750000   clock uncertainty
                                  0.000000    9.750000   clock reconvergence pessimism
                                              9.750000 ^ _791_/CLK (sky130_fd_sc_hd__dfrtp_2)
                                 -0.099958    9.650042   library setup time
                                              9.650042   data required time
---------------------------------------------------------------------------------------------
                                              9.650042   data required time
                                             -0.935590   data arrival time
---------------------------------------------------------------------------------------------
                                              8.714452   slack (MET)


Startpoint: _790_ (rising edge-triggered flip-flop clocked by clk)
Endpoint: _790_ (rising edge-triggered flip-flop clocked by clk)
Path Group: clk
Path Type: max

Fanout         Cap        Slew       Delay        Time   Description
---------------------------------------------------------------------------------------------
                      0.150000    0.000000    0.000000   clock clk (rise edge)
                                  0.000000    0.000000   clock network delay (ideal)
                      0.150000    0.000000    0.000000 ^ _790_/CLK (sky130_fd_sc_hd__dfrtp_2)
    42    0.147274    0.524480    0.592333    0.592333 ^ _790_/Q (sky130_fd_sc_hd__dfrtp_2)
                                                         tcout[0] (net)
                      0.524480    0.000000    0.592333 ^ _387_/A (sky130_fd_sc_hd__inv_2)
     1    0.002059    0.060365   -0.029438    0.562895 v _387_/Y (sky130_fd_sc_hd__inv_2)
                                                         _000_ (net)
                      0.060365    0.000000    0.562895 v _790_/D (sky130_fd_sc_hd__dfrtp_2)
                                              0.562895   data arrival time

                      0.150000   10.000000   10.000000   clock clk (rise edge)
                                  0.000000   10.000000   clock network delay (ideal)
                                 -0.250000    9.750000   clock uncertainty
                                  0.000000    9.750000   clock reconvergence pessimism
                                              9.750000 ^ _790_/CLK (sky130_fd_sc_hd__dfrtp_2)
                                 -0.072389    9.677611   library setup time
                                              9.677611   data required time
---------------------------------------------------------------------------------------------
                                              9.677611   data required time
                                             -0.562895   data arrival time
---------------------------------------------------------------------------------------------
                                              9.114716   slack (MET)



