Clock: clk
Sources: clk 
Generated: no
Virtual: yes
Propagated: no
Period: 5.000000

===========================================================================
report_clock_properties
============================================================================
Clock                   Period          Waveform
----------------------------------------------------
clk                   5.000000    0.000000  2.500000

===========================================================================
report_clock_latency
============================================================================
Clock clk
rise -> rise
    min     max
0.000000 0.000000 source latency
1.178198         network latency _094_/CLK
        1.188922 network latency _100_/CLK
---------------
1.178198 1.188922 latency
        0.010724 skew

fall -> fall
    min     max
0.000000 0.000000 source latency
0.984303         network latency _083_/CLK
        0.992912 network latency _090_/CLK
---------------
0.984303 0.992912 latency
        0.008609 skew



===========================================================================
report_clock_min_period
============================================================================
clk period_min = 3.39 fmax = 294.79
