
===========================================================================
report_checks -unconstrained
===========================================================================
======================= nom_ss_100C_1v60 Corner ===================================

Startpoint: rst (input port clocked by clk)
Endpoint: _796_ (recovery check against rising-edge clock clk)
Path Group: asynchronous
Path Type: max

Fanout         Cap        Slew       Delay        Time   Description
---------------------------------------------------------------------------------------------
                                  0.000000    0.000000   clock clk (rise edge)
                                  0.000000    0.000000   clock network delay (propagated)
                                  2.000000    2.000000 v input external delay
     1    0.002700    0.018078    0.008919    2.008919 v rst (in)
                                                         rst (net)
                      0.018078    0.000000    2.008919 v input1/A (sky130_fd_sc_hd__clkbuf_4)
     8    0.046548    0.177748    0.331078    2.339997 v input1/X (sky130_fd_sc_hd__clkbuf_4)
                                                         net1 (net)
                      0.177767    0.001914    2.341911 v _788_/A (sky130_fd_sc_hd__inv_2)
     1    0.004696    0.067193    0.119550    2.461461 ^ _788_/Y (sky130_fd_sc_hd__inv_2)
                                                         _014_ (net)
                      0.067193    0.000111    2.461572 ^ _796_/RESET_B (sky130_fd_sc_hd__dfrtp_1)
                                              2.461572   data arrival time

                                 10.000000   10.000000   clock clk (rise edge)
                                  0.000000   10.000000   clock source latency
     1    0.009451    0.077381    0.049708   10.049708 ^ clk (in)
                                                         clk (net)
                      0.077382    0.000000   10.049708 ^ clkbuf_0_clk/A (sky130_fd_sc_hd__clkbuf_16)
     2    0.019704    0.067061    0.224390   10.274098 ^ clkbuf_0_clk/X (sky130_fd_sc_hd__clkbuf_16)
                                                         clknet_0_clk (net)
                      0.067076    0.000578   10.274676 ^ clkbuf_1_1__f_clk/A (sky130_fd_sc_hd__clkbuf_16)
     4    0.010850    0.056001    0.207255   10.481931 ^ clkbuf_1_1__f_clk/X (sky130_fd_sc_hd__clkbuf_16)
                                                         clknet_1_1__leaf_clk (net)
                      0.056001    0.000177   10.482108 ^ _796_/CLK (sky130_fd_sc_hd__dfrtp_1)
                                 -0.250000   10.232108   clock uncertainty
                                  0.000000   10.232108   clock reconvergence pessimism
                                  0.458961   10.691069   library recovery time
                                             10.691069   data required time
---------------------------------------------------------------------------------------------
                                             10.691069   data required time
                                             -2.461572   data arrival time
---------------------------------------------------------------------------------------------
                                              8.229497   slack (MET)


Startpoint: _793_ (rising edge-triggered flip-flop clocked by clk)
Endpoint: sine_out[11] (output port clocked by clk)
Path Group: clk
Path Type: max

Fanout         Cap        Slew       Delay        Time   Description
---------------------------------------------------------------------------------------------
                                  0.000000    0.000000   clock clk (rise edge)
                                  0.000000    0.000000   clock source latency
     1    0.009451    0.077381    0.049708    0.049708 ^ clk (in)
                                                         clk (net)
                      0.077382    0.000000    0.049708 ^ clkbuf_0_clk/A (sky130_fd_sc_hd__clkbuf_16)
     2    0.019704    0.067061    0.224390    0.274098 ^ clkbuf_0_clk/X (sky130_fd_sc_hd__clkbuf_16)
                                                         clknet_0_clk (net)
                      0.067076    0.000515    0.274613 ^ clkbuf_1_0__f_clk/A (sky130_fd_sc_hd__clkbuf_16)
     4    0.013252    0.059022    0.210639    0.485252 ^ clkbuf_1_0__f_clk/X (sky130_fd_sc_hd__clkbuf_16)
                                                         clknet_1_0__leaf_clk (net)
                      0.059022    0.000330    0.485583 ^ _793_/CLK (sky130_fd_sc_hd__dfrtp_1)
     1    0.001737    0.066622    0.710506    1.196089 v _793_/Q (sky130_fd_sc_hd__dfrtp_1)
                                                         tcout[3] (net)
                      0.066622    0.000049    1.196138 v fanout60/A (sky130_fd_sc_hd__dlymetal6s2s_1)
     5    0.020919    0.217831    0.406197    1.602335 v fanout60/X (sky130_fd_sc_hd__dlymetal6s2s_1)
                                                         net60 (net)
                      0.217831    0.000363    1.602697 v fanout57/A (sky130_fd_sc_hd__buf_2)
    10    0.035588    0.171477    0.419387    2.022084 v fanout57/X (sky130_fd_sc_hd__buf_2)
                                                         net57 (net)
                      0.171483    0.001225    2.023309 v fanout56/A (sky130_fd_sc_hd__buf_2)
    10    0.036229    0.173808    0.399450    2.422759 v fanout56/X (sky130_fd_sc_hd__buf_2)
                                                         net56 (net)
                      0.173810    0.000854    2.423613 v _391_/A (sky130_fd_sc_hd__inv_2)
     1    0.004107    0.062812    0.113253    2.536866 ^ _391_/Y (sky130_fd_sc_hd__inv_2)
                                                         _335_ (net)
                      0.062812    0.000146    2.537011 ^ fanout28/A (sky130_fd_sc_hd__buf_2)
     9    0.056349    0.436620    0.456064    2.993075 ^ fanout28/X (sky130_fd_sc_hd__buf_2)
                                                         net28 (net)
                      0.436621    0.000593    2.993669 ^ fanout27/A (sky130_fd_sc_hd__buf_2)
    10    0.044016    0.345660    0.548974    3.542643 ^ fanout27/X (sky130_fd_sc_hd__buf_2)
                                                         net27 (net)
                      0.345665    0.001843    3.544486 ^ _738_/A1 (sky130_fd_sc_hd__o32a_1)
     1    0.001474    0.068309    0.378890    3.923375 ^ _738_/X (sky130_fd_sc_hd__o32a_1)
                                                         _297_ (net)
                      0.068309    0.000028    3.923404 ^ _739_/C_N (sky130_fd_sc_hd__or3b_1)
     1    0.002575    0.133859    0.783737    4.707140 v _739_/X (sky130_fd_sc_hd__or3b_1)
                                                         _298_ (net)
                      0.133859    0.000073    4.707213 v _743_/A2 (sky130_fd_sc_hd__a31oi_1)
     1    0.009054    0.397650    0.446528    5.153741 ^ _743_/Y (sky130_fd_sc_hd__a31oi_1)
                                                         _302_ (net)
                      0.397650    0.000338    5.154079 ^ _749_/C1 (sky130_fd_sc_hd__a211o_1)
     1    0.013346    0.200712    0.382498    5.536577 ^ _749_/X (sky130_fd_sc_hd__a211o_1)
                                                         _308_ (net)
                      0.200712    0.000550    5.537127 ^ _750_/S (sky130_fd_sc_hd__mux2_1)
     1    0.002066    0.102786    0.733347    6.270473 v _750_/X (sky130_fd_sc_hd__mux2_1)
                                                         net4 (net)
                      0.102786    0.000058    6.270532 v output4/A (sky130_fd_sc_hd__buf_2)
     1    0.034097    0.165217    0.359614    6.630146 v output4/X (sky130_fd_sc_hd__buf_2)
                                                         sine_out[11] (net)
                      0.165217    0.000655    6.630801 v sine_out[11] (out)
                                              6.630801   data arrival time

                                 10.000000   10.000000   clock clk (rise edge)
                                  0.000000   10.000000   clock network delay (propagated)
                                 -0.250000    9.750000   clock uncertainty
                                  0.000000    9.750000   clock reconvergence pessimism
                                 -2.000000    7.750000   output external delay
                                              7.750000   data required time
---------------------------------------------------------------------------------------------
                                              7.750000   data required time
                                             -6.630801   data arrival time
---------------------------------------------------------------------------------------------
                                              1.119199   slack (MET)




===========================================================================
report_checks --slack_max -0.01
============================================================================
======================= nom_ss_100C_1v60 Corner ===================================

No paths found.


===========================================================================
 report_check_types -max_slew -max_cap -max_fanout -violators
============================================================================
======================= nom_ss_100C_1v60 Corner ===================================

max slew

Pin                                        Limit        Slew       Slack
------------------------------------------------------------------------
_736_/C                                 0.750000    0.844916   -0.094916 (VIOLATED)
_672_/A2                                0.750000    0.844915   -0.094915 (VIOLATED)
_684_/A                                 0.750000    0.844915   -0.094915 (VIOLATED)
_668_/A3                                0.750000    0.844914   -0.094914 (VIOLATED)
_456_/A1                                0.750000    0.844914   -0.094914 (VIOLATED)
_760_/A2                                0.750000    0.844913   -0.094913 (VIOLATED)
_655_/B                                 0.750000    0.844912   -0.094912 (VIOLATED)
_450_/Y                                 0.750000    0.844909   -0.094909 (VIOLATED)
_628_/A1                                0.750000    0.844909   -0.094909 (VIOLATED)



===========================================================================
report_parasitic_annotation -report_unannotated
============================================================================
Found 0 unannotated drivers.
Found 0 partially unannotated drivers.

===========================================================================
max slew violation count 9
max fanout violation count 0
max cap violation count 0
============================================================================

===========================================================================
check_setup -verbose -unconstrained_endpoints -multiple_clock -no_clock -no_input_delay -loops -generated_clocks
===========================================================================
