
===========================================================================
report_checks -path_delay max (Setup)
============================================================================
======================= nom_ss_100C_1v60 Corner ===================================

Startpoint: _792_ (rising edge-triggered flip-flop clocked by clk)
Endpoint: sine_out[3] (output port clocked by clk)
Path Group: clk
Path Type: max

Fanout         Cap        Slew       Delay        Time   Description
---------------------------------------------------------------------------------------------
                      0.150000    0.000000    0.000000   clock clk (rise edge)
                                  0.000000    0.000000   clock network delay (ideal)
                      0.150000    0.000000    0.000000 ^ _792_/CLK (sky130_fd_sc_hd__dfrtp_2)
    60    0.204308    1.505661    1.785985    1.785985 ^ _792_/Q (sky130_fd_sc_hd__dfrtp_2)
                                                         tcout[2] (net)
                      1.505661    0.000000    1.785985 ^ _438_/A_N (sky130_fd_sc_hd__and2b_2)
     4    0.009261    0.100630    0.837383    2.623368 v _438_/X (sky130_fd_sc_hd__and2b_2)
                                                         _380_ (net)
                      0.100630    0.000000    2.623368 v _573_/A (sky130_fd_sc_hd__or2_2)
     3    0.008644    0.145977    0.722572    3.345940 v _573_/X (sky130_fd_sc_hd__or2_2)
                                                         _141_ (net)
                      0.145977    0.000000    3.345940 v _574_/A2 (sky130_fd_sc_hd__o211a_2)
     1    0.002285    0.067713    0.467294    3.813233 v _574_/X (sky130_fd_sc_hd__o211a_2)
                                                         _142_ (net)
                      0.067713    0.000000    3.813233 v _575_/A2 (sky130_fd_sc_hd__o21a_2)
     1    0.001582    0.052490    0.341049    4.154283 v _575_/X (sky130_fd_sc_hd__o21a_2)
                                                         _143_ (net)
                      0.052490    0.000000    4.154283 v _582_/B (sky130_fd_sc_hd__or4_2)
     1    0.002205    0.208456    1.489451    5.643734 v _582_/X (sky130_fd_sc_hd__or4_2)
                                                         _150_ (net)
                      0.208456    0.000000    5.643734 v _603_/B1 (sky130_fd_sc_hd__a32o_2)
     1    0.033442    0.192609    0.592205    6.235938 v _603_/X (sky130_fd_sc_hd__a32o_2)
                                                         sine_out[3] (net)
                      0.192609    0.000000    6.235938 v sine_out[3] (out)
                                              6.235938   data arrival time

                      0.150000   10.000000   10.000000   clock clk (rise edge)
                                  0.000000   10.000000   clock network delay (ideal)
                                 -0.250000    9.750000   clock uncertainty
                                  0.000000    9.750000   clock reconvergence pessimism
                                 -2.000000    7.750000   output external delay
                                              7.750000   data required time
---------------------------------------------------------------------------------------------
                                              7.750000   data required time
                                             -6.235938   data arrival time
---------------------------------------------------------------------------------------------
                                              1.514062   slack (MET)


Startpoint: _793_ (rising edge-triggered flip-flop clocked by clk)
Endpoint: sine_out[12] (output port clocked by clk)
Path Group: clk
Path Type: max

Fanout         Cap        Slew       Delay        Time   Description
---------------------------------------------------------------------------------------------
                      0.150000    0.000000    0.000000   clock clk (rise edge)
                                  0.000000    0.000000   clock network delay (ideal)
                      0.150000    0.000000    0.000000 ^ _793_/CLK (sky130_fd_sc_hd__dfrtp_2)
    67    0.205870    1.516949    1.793962    1.793962 ^ _793_/Q (sky130_fd_sc_hd__dfrtp_2)
                                                         tcout[3] (net)
                      1.516949    0.000000    1.793962 ^ _391_/A (sky130_fd_sc_hd__inv_2)
    27    0.080243    0.548913    0.894083    2.688045 v _391_/Y (sky130_fd_sc_hd__inv_2)
                                                         _335_ (net)
                      0.548913    0.000000    2.688045 v _751_/S (sky130_fd_sc_hd__mux2_1)
     1    0.002241    0.107629    0.873832    3.561877 v _751_/X (sky130_fd_sc_hd__mux2_1)
                                                         _309_ (net)
                      0.107629    0.000000    3.561877 v _752_/A2 (sky130_fd_sc_hd__a21o_2)
     1    0.001359    0.051743    0.375413    3.937290 v _752_/X (sky130_fd_sc_hd__a21o_2)
                                                         _310_ (net)
                      0.051743    0.000000    3.937290 v _756_/A (sky130_fd_sc_hd__and3_2)
     1    0.002156    0.068876    0.341087    4.278378 v _756_/X (sky130_fd_sc_hd__and3_2)
                                                         _314_ (net)
                      0.068876    0.000000    4.278378 v _759_/B1 (sky130_fd_sc_hd__a311o_2)
     1    0.003175    0.094003    0.660412    4.938789 v _759_/X (sky130_fd_sc_hd__a311o_2)
                                                         _317_ (net)
                      0.094003    0.000000    4.938789 v _761_/S (sky130_fd_sc_hd__mux2_1)
     1    0.033442    0.365411    0.984937    5.923726 v _761_/X (sky130_fd_sc_hd__mux2_1)
                                                         sine_out[12] (net)
                      0.365411    0.000000    5.923726 v sine_out[12] (out)
                                              5.923726   data arrival time

                      0.150000   10.000000   10.000000   clock clk (rise edge)
                                  0.000000   10.000000   clock network delay (ideal)
                                 -0.250000    9.750000   clock uncertainty
                                  0.000000    9.750000   clock reconvergence pessimism
                                 -2.000000    7.750000   output external delay
                                              7.750000   data required time
---------------------------------------------------------------------------------------------
                                              7.750000   data required time
                                             -5.923726   data arrival time
---------------------------------------------------------------------------------------------
                                              1.826274   slack (MET)


Startpoint: _794_ (rising edge-triggered flip-flop clocked by clk)
Endpoint: sine_out[11] (output port clocked by clk)
Path Group: clk
Path Type: max

Fanout         Cap        Slew       Delay        Time   Description
---------------------------------------------------------------------------------------------
                      0.150000    0.000000    0.000000   clock clk (rise edge)
                                  0.000000    0.000000   clock network delay (ideal)
                      0.150000    0.000000    0.000000 ^ _794_/CLK (sky130_fd_sc_hd__dfrtp_2)
    56    0.167881    1.242409    1.599969    1.599969 ^ _794_/Q (sky130_fd_sc_hd__dfrtp_2)
                                                         tcout[4] (net)
                      1.242409    0.000000    1.599969 ^ _390_/A (sky130_fd_sc_hd__inv_2)
    25    0.070489    0.462983    0.756125    2.356095 v _390_/Y (sky130_fd_sc_hd__inv_2)
                                                         _334_ (net)
                      0.462983    0.000000    2.356095 v _745_/A (sky130_fd_sc_hd__or4_2)
     1    0.002288    0.208989    1.672160    4.028255 v _745_/X (sky130_fd_sc_hd__or4_2)
                                                         _304_ (net)
                      0.208989    0.000000    4.028255 v _746_/B1 (sky130_fd_sc_hd__o211a_2)
     1    0.002258    0.068482    0.299266    4.327521 v _746_/X (sky130_fd_sc_hd__o211a_2)
                                                         _305_ (net)
                      0.068482    0.000000    4.327521 v _749_/B1 (sky130_fd_sc_hd__a211o_2)
     1    0.003175    0.084666    0.570085    4.897606 v _749_/X (sky130_fd_sc_hd__a211o_2)
                                                         _308_ (net)
                      0.084666    0.000000    4.897606 v _750_/S (sky130_fd_sc_hd__mux2_1)
     1    0.033442    0.365336    0.981093    5.878698 v _750_/X (sky130_fd_sc_hd__mux2_1)
                                                         sine_out[11] (net)
                      0.365336    0.000000    5.878698 v sine_out[11] (out)
                                              5.878698   data arrival time

                      0.150000   10.000000   10.000000   clock clk (rise edge)
                                  0.000000   10.000000   clock network delay (ideal)
                                 -0.250000    9.750000   clock uncertainty
                                  0.000000    9.750000   clock reconvergence pessimism
                                 -2.000000    7.750000   output external delay
                                              7.750000   data required time
---------------------------------------------------------------------------------------------
                                              7.750000   data required time
                                             -5.878698   data arrival time
---------------------------------------------------------------------------------------------
                                              1.871301   slack (MET)


Startpoint: _793_ (rising edge-triggered flip-flop clocked by clk)
Endpoint: sine_out[6] (output port clocked by clk)
Path Group: clk
Path Type: max

Fanout         Cap        Slew       Delay        Time   Description
---------------------------------------------------------------------------------------------
                      0.150000    0.000000    0.000000   clock clk (rise edge)
                                  0.000000    0.000000   clock network delay (ideal)
                      0.150000    0.000000    0.000000 ^ _793_/CLK (sky130_fd_sc_hd__dfrtp_2)
    67    0.205870    1.516949    1.793962    1.793962 ^ _793_/Q (sky130_fd_sc_hd__dfrtp_2)
                                                         tcout[3] (net)
                      1.516949    0.000000    1.793962 ^ _391_/A (sky130_fd_sc_hd__inv_2)
    27    0.080243    0.548913    0.894083    2.688045 v _391_/Y (sky130_fd_sc_hd__inv_2)
                                                         _335_ (net)
                      0.548913    0.000000    2.688045 v _650_/B2 (sky130_fd_sc_hd__a221o_2)
     1    0.004158    0.099576    0.859402    3.547447 v _650_/X (sky130_fd_sc_hd__a221o_2)
                                                         _215_ (net)
                      0.099576    0.000000    3.547447 v _651_/B1 (sky130_fd_sc_hd__a31oi_2)
     1    0.004593    0.223569    0.243954    3.791402 ^ _651_/Y (sky130_fd_sc_hd__a31oi_2)
                                                         _216_ (net)
                      0.223569    0.000000    3.791402 ^ _659_/A1 (sky130_fd_sc_hd__o211ai_2)
     2    0.006480    0.161458    0.268131    4.059532 v _659_/Y (sky130_fd_sc_hd__o211ai_2)
                                                         _224_ (net)
                      0.161458    0.000000    4.059532 v _669_/A2 (sky130_fd_sc_hd__a221o_2)
     1    0.001763    0.082193    0.731422    4.790955 v _669_/X (sky130_fd_sc_hd__a221o_2)
                                                         _234_ (net)
                      0.082193    0.000000    4.790955 v _670_/A1 (sky130_fd_sc_hd__mux2_1)
     1    0.033442    0.365676    0.944434    5.735389 v _670_/X (sky130_fd_sc_hd__mux2_1)
                                                         sine_out[6] (net)
                      0.365676    0.000000    5.735389 v sine_out[6] (out)
                                              5.735389   data arrival time

                      0.150000   10.000000   10.000000   clock clk (rise edge)
                                  0.000000   10.000000   clock network delay (ideal)
                                 -0.250000    9.750000   clock uncertainty
                                  0.000000    9.750000   clock reconvergence pessimism
                                 -2.000000    7.750000   output external delay
                                              7.750000   data required time
---------------------------------------------------------------------------------------------
                                              7.750000   data required time
                                             -5.735389   data arrival time
---------------------------------------------------------------------------------------------
                                              2.014611   slack (MET)


Startpoint: _792_ (rising edge-triggered flip-flop clocked by clk)
Endpoint: sine_out[7] (output port clocked by clk)
Path Group: clk
Path Type: max

Fanout         Cap        Slew       Delay        Time   Description
---------------------------------------------------------------------------------------------
                      0.150000    0.000000    0.000000   clock clk (rise edge)
                                  0.000000    0.000000   clock network delay (ideal)
                      0.150000    0.000000    0.000000 ^ _792_/CLK (sky130_fd_sc_hd__dfrtp_2)
    60    0.204308    1.505661    1.785985    1.785985 ^ _792_/Q (sky130_fd_sc_hd__dfrtp_2)
                                                         tcout[2] (net)
                      1.505661    0.000000    1.785985 ^ _402_/A_N (sky130_fd_sc_hd__and2b_2)
     6    0.019162    0.142455    0.890489    2.676474 v _402_/X (sky130_fd_sc_hd__and2b_2)
                                                         _345_ (net)
                      0.142455    0.000000    2.676474 v _677_/B1 (sky130_fd_sc_hd__a2111o_2)
     1    0.002205    0.104701    0.852342    3.528816 v _677_/X (sky130_fd_sc_hd__a2111o_2)
                                                         _241_ (net)
                      0.104701    0.000000    3.528816 v _678_/B1 (sky130_fd_sc_hd__a32o_2)
     1    0.001353    0.059245    0.395499    3.924315 v _678_/X (sky130_fd_sc_hd__a32o_2)
                                                         _242_ (net)
                      0.059245    0.000000    3.924315 v _679_/B (sky130_fd_sc_hd__and2_2)
     1    0.002347    0.068892    0.381032    4.305347 v _679_/X (sky130_fd_sc_hd__and2_2)
                                                         _243_ (net)
                      0.068892    0.000000    4.305347 v _683_/B1 (sky130_fd_sc_hd__o22a_2)
     1    0.003175    0.073554    0.380463    4.685810 v _683_/X (sky130_fd_sc_hd__o22a_2)
                                                         _247_ (net)
                      0.073554    0.000000    4.685810 v _686_/S (sky130_fd_sc_hd__mux2_1)
     1    0.033442    0.365335    0.976597    5.662407 v _686_/X (sky130_fd_sc_hd__mux2_1)
                                                         sine_out[7] (net)
                      0.365335    0.000000    5.662407 v sine_out[7] (out)
                                              5.662407   data arrival time

                      0.150000   10.000000   10.000000   clock clk (rise edge)
                                  0.000000   10.000000   clock network delay (ideal)
                                 -0.250000    9.750000   clock uncertainty
                                  0.000000    9.750000   clock reconvergence pessimism
                                 -2.000000    7.750000   output external delay
                                              7.750000   data required time
---------------------------------------------------------------------------------------------
                                              7.750000   data required time
                                             -5.662407   data arrival time
---------------------------------------------------------------------------------------------
                                              2.087592   slack (MET)


Startpoint: _793_ (rising edge-triggered flip-flop clocked by clk)
Endpoint: sine_out[9] (output port clocked by clk)
Path Group: clk
Path Type: max

Fanout         Cap        Slew       Delay        Time   Description
---------------------------------------------------------------------------------------------
                      0.150000    0.000000    0.000000   clock clk (rise edge)
                                  0.000000    0.000000   clock network delay (ideal)
                      0.150000    0.000000    0.000000 ^ _793_/CLK (sky130_fd_sc_hd__dfrtp_2)
    67    0.205870    1.516949    1.793962    1.793962 ^ _793_/Q (sky130_fd_sc_hd__dfrtp_2)
                                                         tcout[3] (net)
                      1.516949    0.000000    1.793962 ^ _391_/A (sky130_fd_sc_hd__inv_2)
    27    0.080243    0.548913    0.894083    2.688045 v _391_/Y (sky130_fd_sc_hd__inv_2)
                                                         _335_ (net)
                      0.548913    0.000000    2.688045 v _631_/A (sky130_fd_sc_hd__and4_2)
     2    0.006908    0.097911    0.635380    3.323425 v _631_/X (sky130_fd_sc_hd__and4_2)
                                                         _197_ (net)
                      0.097911    0.000000    3.323425 v _704_/B1 (sky130_fd_sc_hd__a21o_2)
     1    0.002287    0.059067    0.340193    3.663618 v _704_/X (sky130_fd_sc_hd__a21o_2)
                                                         _266_ (net)
                      0.059067    0.000000    3.663618 v _706_/A2 (sky130_fd_sc_hd__a211o_2)
     1    0.002294    0.079093    0.595928    4.259546 v _706_/X (sky130_fd_sc_hd__a211o_2)
                                                         _268_ (net)
                      0.079093    0.000000    4.259546 v _715_/A1 (sky130_fd_sc_hd__a22o_2)
     1    0.003175    0.069399    0.424710    4.684256 v _715_/X (sky130_fd_sc_hd__a22o_2)
                                                         _277_ (net)
                      0.069399    0.000000    4.684256 v _716_/S (sky130_fd_sc_hd__mux2_1)
     1    0.033442    0.365575    0.974944    5.659200 v _716_/X (sky130_fd_sc_hd__mux2_1)
                                                         sine_out[9] (net)
                      0.365575    0.000000    5.659200 v sine_out[9] (out)
                                              5.659200   data arrival time

                      0.150000   10.000000   10.000000   clock clk (rise edge)
                                  0.000000   10.000000   clock network delay (ideal)
                                 -0.250000    9.750000   clock uncertainty
                                  0.000000    9.750000   clock reconvergence pessimism
                                 -2.000000    7.750000   output external delay
                                              7.750000   data required time
---------------------------------------------------------------------------------------------
                                              7.750000   data required time
                                             -5.659200   data arrival time
---------------------------------------------------------------------------------------------
                                              2.090800   slack (MET)


Startpoint: _793_ (rising edge-triggered flip-flop clocked by clk)
Endpoint: sine_out[8] (output port clocked by clk)
Path Group: clk
Path Type: max

Fanout         Cap        Slew       Delay        Time   Description
---------------------------------------------------------------------------------------------
                      0.150000    0.000000    0.000000   clock clk (rise edge)
                                  0.000000    0.000000   clock network delay (ideal)
                      0.150000    0.000000    0.000000 ^ _793_/CLK (sky130_fd_sc_hd__dfrtp_2)
    67    0.205870    1.516949    1.793962    1.793962 ^ _793_/Q (sky130_fd_sc_hd__dfrtp_2)
                                                         tcout[3] (net)
                      1.516949    0.000000    1.793962 ^ _391_/A (sky130_fd_sc_hd__inv_2)
    27    0.080243    0.548913    0.894083    2.688045 v _391_/Y (sky130_fd_sc_hd__inv_2)
                                                         _335_ (net)
                      0.548913    0.000000    2.688045 v _692_/A (sky130_fd_sc_hd__or3_2)
     1    0.002288    0.158539    1.259937    3.947982 v _692_/X (sky130_fd_sc_hd__or3_2)
                                                         _255_ (net)
                      0.158539    0.000000    3.947982 v _693_/B1 (sky130_fd_sc_hd__o211a_2)
     1    0.002208    0.067692    0.274400    4.222382 v _693_/X (sky130_fd_sc_hd__o211a_2)
                                                         _256_ (net)
                      0.067692    0.000000    4.222382 v _694_/C1 (sky130_fd_sc_hd__a211o_2)
     2    0.006532    0.105111    0.536446    4.758828 v _694_/X (sky130_fd_sc_hd__a211o_2)
                                                         _257_ (net)
                      0.105111    0.000000    4.758828 v _702_/A2 (sky130_fd_sc_hd__a31o_2)
     1    0.002299    0.061124    0.423899    5.182727 v _702_/X (sky130_fd_sc_hd__a31o_2)
                                                         _265_ (net)
                      0.061124    0.000000    5.182727 v _703_/B1 (sky130_fd_sc_hd__o31a_2)
     1    0.033442    0.219976    0.321549    5.504276 v _703_/X (sky130_fd_sc_hd__o31a_2)
                                                         sine_out[8] (net)
                      0.219976    0.000000    5.504276 v sine_out[8] (out)
                                              5.504276   data arrival time

                      0.150000   10.000000   10.000000   clock clk (rise edge)
                                  0.000000   10.000000   clock network delay (ideal)
                                 -0.250000    9.750000   clock uncertainty
                                  0.000000    9.750000   clock reconvergence pessimism
                                 -2.000000    7.750000   output external delay
                                              7.750000   data required time
---------------------------------------------------------------------------------------------
                                              7.750000   data required time
                                             -5.504276   data arrival time
---------------------------------------------------------------------------------------------
                                              2.245724   slack (MET)


Startpoint: _792_ (rising edge-triggered flip-flop clocked by clk)
Endpoint: sine_out[2] (output port clocked by clk)
Path Group: clk
Path Type: max

Fanout         Cap        Slew       Delay        Time   Description
---------------------------------------------------------------------------------------------
                      0.150000    0.000000    0.000000   clock clk (rise edge)
                                  0.000000    0.000000   clock network delay (ideal)
                      0.150000    0.000000    0.000000 ^ _792_/CLK (sky130_fd_sc_hd__dfrtp_2)
    60    0.204308    1.505661    1.785985    1.785985 ^ _792_/Q (sky130_fd_sc_hd__dfrtp_2)
                                                         tcout[2] (net)
                      1.505661    0.000000    1.785985 ^ _418_/B (sky130_fd_sc_hd__nand2b_2)
     6    0.011387    0.261314    0.486678    2.272663 v _418_/Y (sky130_fd_sc_hd__nand2b_2)
                                                         _361_ (net)
                      0.261314    0.000000    2.272663 v _454_/C (sky130_fd_sc_hd__and3_2)
     2    0.006411    0.091352    0.551811    2.824474 v _454_/X (sky130_fd_sc_hd__and3_2)
                                                         _025_ (net)
                      0.091352    0.000000    2.824474 v _548_/A2 (sky130_fd_sc_hd__o311a_2)
     1    0.002285    0.091350    0.700331    3.524805 v _548_/X (sky130_fd_sc_hd__o311a_2)
                                                         _117_ (net)
                      0.091350    0.000000    3.524805 v _549_/A2 (sky130_fd_sc_hd__o21a_2)
     1    0.001496    0.052120    0.349605    3.874411 v _549_/X (sky130_fd_sc_hd__o21a_2)
                                                         _118_ (net)
                      0.052120    0.000000    3.874411 v _556_/B (sky130_fd_sc_hd__or3_2)
     1    0.002291    0.158668    1.021855    4.896266 v _556_/X (sky130_fd_sc_hd__or3_2)
                                                         _125_ (net)
                      0.158668    0.000000    4.896266 v _568_/A2 (sky130_fd_sc_hd__a31o_2)
     1    0.033442    0.190725    0.598534    5.494800 v _568_/X (sky130_fd_sc_hd__a31o_2)
                                                         sine_out[2] (net)
                      0.190725    0.000000    5.494800 v sine_out[2] (out)
                                              5.494800   data arrival time

                      0.150000   10.000000   10.000000   clock clk (rise edge)
                                  0.000000   10.000000   clock network delay (ideal)
                                 -0.250000    9.750000   clock uncertainty
                                  0.000000    9.750000   clock reconvergence pessimism
                                 -2.000000    7.750000   output external delay
                                              7.750000   data required time
---------------------------------------------------------------------------------------------
                                              7.750000   data required time
                                             -5.494800   data arrival time
---------------------------------------------------------------------------------------------
                                              2.255201   slack (MET)


Startpoint: _792_ (rising edge-triggered flip-flop clocked by clk)
Endpoint: sine_out[5] (output port clocked by clk)
Path Group: clk
Path Type: max

Fanout         Cap        Slew       Delay        Time   Description
---------------------------------------------------------------------------------------------
                      0.150000    0.000000    0.000000   clock clk (rise edge)
                                  0.000000    0.000000   clock network delay (ideal)
                      0.150000    0.000000    0.000000 ^ _792_/CLK (sky130_fd_sc_hd__dfrtp_2)
    60    0.204308    1.505661    1.785985    1.785985 ^ _792_/Q (sky130_fd_sc_hd__dfrtp_2)
                                                         tcout[2] (net)
                      1.505661    0.000000    1.785985 ^ _396_/A_N (sky130_fd_sc_hd__and2b_2)
     7    0.019253    0.146274    0.890824    2.676809 v _396_/X (sky130_fd_sc_hd__and2b_2)
                                                         _339_ (net)
                      0.146274    0.000000    2.676809 v _642_/A1 (sky130_fd_sc_hd__o2111a_2)
     1    0.002156    0.065995    0.499941    3.176750 v _642_/X (sky130_fd_sc_hd__o2111a_2)
                                                         _208_ (net)
                      0.065995    0.000000    3.176750 v _643_/B1 (sky130_fd_sc_hd__a311o_2)
     2    0.004525    0.103712    0.674649    3.851398 v _643_/X (sky130_fd_sc_hd__a311o_2)
                                                         _209_ (net)
                      0.103712    0.000000    3.851398 v _645_/A3 (sky130_fd_sc_hd__a311o_2)
     1    0.001671    0.083394    0.710707    4.562106 v _645_/X (sky130_fd_sc_hd__a311o_2)
                                                         _211_ (net)
                      0.083394    0.000000    4.562106 v _649_/A2_N (sky130_fd_sc_hd__o2bb2a_2)
     1    0.033442    0.303831    0.655834    5.217940 ^ _649_/X (sky130_fd_sc_hd__o2bb2a_2)
                                                         sine_out[5] (net)
                      0.303831    0.000000    5.217940 ^ sine_out[5] (out)
                                              5.217940   data arrival time

                      0.150000   10.000000   10.000000   clock clk (rise edge)
                                  0.000000   10.000000   clock network delay (ideal)
                                 -0.250000    9.750000   clock uncertainty
                                  0.000000    9.750000   clock reconvergence pessimism
                                 -2.000000    7.750000   output external delay
                                              7.750000   data required time
---------------------------------------------------------------------------------------------
                                              7.750000   data required time
                                             -5.217940   data arrival time
---------------------------------------------------------------------------------------------
                                              2.532060   slack (MET)


Startpoint: _790_ (rising edge-triggered flip-flop clocked by clk)
Endpoint: sine_out[4] (output port clocked by clk)
Path Group: clk
Path Type: max

Fanout         Cap        Slew       Delay        Time   Description
---------------------------------------------------------------------------------------------
                      0.150000    0.000000    0.000000   clock clk (rise edge)
                                  0.000000    0.000000   clock network delay (ideal)
                      0.150000    0.000000    0.000000 ^ _790_/CLK (sky130_fd_sc_hd__dfrtp_2)
    42    0.134520    0.613284    1.336432    1.336432 v _790_/Q (sky130_fd_sc_hd__dfrtp_2)
                                                         tcout[0] (net)
                      0.613284    0.000000    1.336432 v _432_/A (sky130_fd_sc_hd__xnor2_2)
     9    0.035211    0.742280    0.870732    2.207163 ^ _432_/Y (sky130_fd_sc_hd__xnor2_2)
                                                         _375_ (net)
                      0.742280    0.000000    2.207163 ^ _433_/A (sky130_fd_sc_hd__inv_2)
    14    0.045252    0.280060    0.466332    2.673495 v _433_/Y (sky130_fd_sc_hd__inv_2)
                                                         _001_ (net)
                      0.280060    0.000000    2.673495 v _615_/A2 (sky130_fd_sc_hd__o211a_2)
     1    0.002258    0.070045    0.525520    3.199015 v _615_/X (sky130_fd_sc_hd__o211a_2)
                                                         _182_ (net)
                      0.070045    0.000000    3.199015 v _616_/B1 (sky130_fd_sc_hd__a211o_2)
     1    0.001424    0.072662    0.551006    3.750021 v _616_/X (sky130_fd_sc_hd__a211o_2)
                                                         _183_ (net)
                      0.072662    0.000000    3.750021 v _619_/B (sky130_fd_sc_hd__and3_2)
     2    0.006537    0.092995    0.427938    4.177959 v _619_/X (sky130_fd_sc_hd__and3_2)
                                                         _186_ (net)
                      0.092995    0.000000    4.177959 v _626_/A2 (sky130_fd_sc_hd__o211a_2)
     1    0.004185    0.078808    0.461640    4.639599 v _626_/X (sky130_fd_sc_hd__o211a_2)
                                                         _193_ (net)
                      0.078808    0.000000    4.639599 v _627_/B1 (sky130_fd_sc_hd__a21oi_2)
     1    0.033442    0.676146    0.555667    5.195267 ^ _627_/Y (sky130_fd_sc_hd__a21oi_2)
                                                         sine_out[4] (net)
                      0.676146    0.000000    5.195267 ^ sine_out[4] (out)
                                              5.195267   data arrival time

                      0.150000   10.000000   10.000000   clock clk (rise edge)
                                  0.000000   10.000000   clock network delay (ideal)
                                 -0.250000    9.750000   clock uncertainty
                                  0.000000    9.750000   clock reconvergence pessimism
                                 -2.000000    7.750000   output external delay
                                              7.750000   data required time
---------------------------------------------------------------------------------------------
                                              7.750000   data required time
                                             -5.195267   data arrival time
---------------------------------------------------------------------------------------------
                                              2.554733   slack (MET)


Startpoint: _793_ (rising edge-triggered flip-flop clocked by clk)
Endpoint: sine_out[1] (output port clocked by clk)
Path Group: clk
Path Type: max

Fanout         Cap        Slew       Delay        Time   Description
---------------------------------------------------------------------------------------------
                      0.150000    0.000000    0.000000   clock clk (rise edge)
                                  0.000000    0.000000   clock network delay (ideal)
                      0.150000    0.000000    0.000000 ^ _793_/CLK (sky130_fd_sc_hd__dfrtp_2)
    67    0.205870    1.516949    1.793962    1.793962 ^ _793_/Q (sky130_fd_sc_hd__dfrtp_2)
                                                         tcout[3] (net)
                      1.516949    0.000000    1.793962 ^ _391_/A (sky130_fd_sc_hd__inv_2)
    27    0.080243    0.548913    0.894083    2.688045 v _391_/Y (sky130_fd_sc_hd__inv_2)
                                                         _335_ (net)
                      0.548913    0.000000    2.688045 v _500_/A1 (sky130_fd_sc_hd__o32a_2)
     1    0.002247    0.094562    0.871623    3.559668 v _500_/X (sky130_fd_sc_hd__o32a_2)
                                                         _070_ (net)
                      0.094562    0.000000    3.559668 v _502_/A2 (sky130_fd_sc_hd__a221o_2)
     1    0.002285    0.085760    0.708388    4.268056 v _502_/X (sky130_fd_sc_hd__a221o_2)
                                                         _072_ (net)
                      0.085760    0.000000    4.268056 v _503_/A2 (sky130_fd_sc_hd__o21a_2)
     1    0.002340    0.056862    0.354488    4.622544 v _503_/X (sky130_fd_sc_hd__o21a_2)
                                                         _073_ (net)
                      0.056862    0.000000    4.622544 v _525_/B2 (sky130_fd_sc_hd__a32o_2)
     1    0.033442    0.192649    0.548938    5.171482 v _525_/X (sky130_fd_sc_hd__a32o_2)
                                                         sine_out[1] (net)
                      0.192649    0.000000    5.171482 v sine_out[1] (out)
                                              5.171482   data arrival time

                      0.150000   10.000000   10.000000   clock clk (rise edge)
                                  0.000000   10.000000   clock network delay (ideal)
                                 -0.250000    9.750000   clock uncertainty
                                  0.000000    9.750000   clock reconvergence pessimism
                                 -2.000000    7.750000   output external delay
                                              7.750000   data required time
---------------------------------------------------------------------------------------------
                                              7.750000   data required time
                                             -5.171482   data arrival time
---------------------------------------------------------------------------------------------
                                              2.578518   slack (MET)


Startpoint: _794_ (rising edge-triggered flip-flop clocked by clk)
Endpoint: sine_out[13] (output port clocked by clk)
Path Group: clk
Path Type: max

Fanout         Cap        Slew       Delay        Time   Description
---------------------------------------------------------------------------------------------
                      0.150000    0.000000    0.000000   clock clk (rise edge)
                                  0.000000    0.000000   clock network delay (ideal)
                      0.150000    0.000000    0.000000 ^ _794_/CLK (sky130_fd_sc_hd__dfrtp_2)
    56    0.167881    1.242409    1.599969    1.599969 ^ _794_/Q (sky130_fd_sc_hd__dfrtp_2)
                                                         tcout[4] (net)
                      1.242409    0.000000    1.599969 ^ _390_/A (sky130_fd_sc_hd__inv_2)
    25    0.070489    0.462983    0.756125    2.356095 v _390_/Y (sky130_fd_sc_hd__inv_2)
                                                         _334_ (net)
                      0.462983    0.000000    2.356095 v _762_/A (sky130_fd_sc_hd__or2_2)
     3    0.006872    0.137006    0.859875    3.215970 v _762_/X (sky130_fd_sc_hd__or2_2)
                                                         _319_ (net)
                      0.137006    0.000000    3.215970 v _764_/B1 (sky130_fd_sc_hd__a221o_2)
     1    0.002303    0.085853    0.631112    3.847081 v _764_/X (sky130_fd_sc_hd__a221o_2)
                                                         _321_ (net)
                      0.085853    0.000000    3.847081 v _767_/B1 (sky130_fd_sc_hd__o311a_2)
     1    0.003175    0.096889    0.242781    4.089863 v _767_/X (sky130_fd_sc_hd__o311a_2)
                                                         _324_ (net)
                      0.096889    0.000000    4.089863 v _769_/S (sky130_fd_sc_hd__mux2_1)
     1    0.033442    0.365335    0.986125    5.075988 v _769_/X (sky130_fd_sc_hd__mux2_1)
                                                         sine_out[13] (net)
                      0.365335    0.000000    5.075988 v sine_out[13] (out)
                                              5.075988   data arrival time

                      0.150000   10.000000   10.000000   clock clk (rise edge)
                                  0.000000   10.000000   clock network delay (ideal)
                                 -0.250000    9.750000   clock uncertainty
                                  0.000000    9.750000   clock reconvergence pessimism
                                 -2.000000    7.750000   output external delay
                                              7.750000   data required time
---------------------------------------------------------------------------------------------
                                              7.750000   data required time
                                             -5.075988   data arrival time
---------------------------------------------------------------------------------------------
                                              2.674012   slack (MET)


Startpoint: _792_ (rising edge-triggered flip-flop clocked by clk)
Endpoint: sine_out[10] (output port clocked by clk)
Path Group: clk
Path Type: max

Fanout         Cap        Slew       Delay        Time   Description
---------------------------------------------------------------------------------------------
                      0.150000    0.000000    0.000000   clock clk (rise edge)
                                  0.000000    0.000000   clock network delay (ideal)
                      0.150000    0.000000    0.000000 ^ _792_/CLK (sky130_fd_sc_hd__dfrtp_2)
    60    0.204308    1.505661    1.785985    1.785985 ^ _792_/Q (sky130_fd_sc_hd__dfrtp_2)
                                                         tcout[2] (net)
                      1.505661    0.000000    1.785985 ^ _447_/A (sky130_fd_sc_hd__xnor2_2)
    10    0.023616    0.382255    0.692282    2.478267 v _447_/Y (sky130_fd_sc_hd__xnor2_2)
                                                         _018_ (net)
                      0.382255    0.000000    2.478267 v _724_/C (sky130_fd_sc_hd__or3_2)
     1    0.002303    0.158813    1.062249    3.540515 v _724_/X (sky130_fd_sc_hd__or3_2)
                                                         _284_ (net)
                      0.158813    0.000000    3.540515 v _725_/B1 (sky130_fd_sc_hd__o311a_2)
     1    0.002214    0.090510    0.271819    3.812335 v _725_/X (sky130_fd_sc_hd__o311a_2)
                                                         _285_ (net)
                      0.090510    0.000000    3.812335 v _726_/B1 (sky130_fd_sc_hd__a31o_2)
     2    0.006600    0.083491    0.420498    4.232833 v _726_/X (sky130_fd_sc_hd__a31o_2)
                                                         _286_ (net)
                      0.083491    0.000000    4.232833 v _734_/B1 (sky130_fd_sc_hd__o21a_2)
     1    0.002347    0.057685    0.207722    4.440555 v _734_/X (sky130_fd_sc_hd__o21a_2)
                                                         _294_ (net)
                      0.057685    0.000000    4.440555 v _735_/B1 (sky130_fd_sc_hd__o22a_2)
     1    0.033442    0.214855    0.545876    4.986431 v _735_/X (sky130_fd_sc_hd__o22a_2)
                                                         sine_out[10] (net)
                      0.214855    0.000000    4.986431 v sine_out[10] (out)
                                              4.986431   data arrival time

                      0.150000   10.000000   10.000000   clock clk (rise edge)
                                  0.000000   10.000000   clock network delay (ideal)
                                 -0.250000    9.750000   clock uncertainty
                                  0.000000    9.750000   clock reconvergence pessimism
                                 -2.000000    7.750000   output external delay
                                              7.750000   data required time
---------------------------------------------------------------------------------------------
                                              7.750000   data required time
                                             -4.986431   data arrival time
---------------------------------------------------------------------------------------------
                                              2.763569   slack (MET)


Startpoint: _792_ (rising edge-triggered flip-flop clocked by clk)
Endpoint: sine_out[0] (output port clocked by clk)
Path Group: clk
Path Type: max

Fanout         Cap        Slew       Delay        Time   Description
---------------------------------------------------------------------------------------------
                      0.150000    0.000000    0.000000   clock clk (rise edge)
                                  0.000000    0.000000   clock network delay (ideal)
                      0.150000    0.000000    0.000000 ^ _792_/CLK (sky130_fd_sc_hd__dfrtp_2)
    60    0.204308    1.505661    1.785985    1.785985 ^ _792_/Q (sky130_fd_sc_hd__dfrtp_2)
                                                         tcout[2] (net)
                      1.505661    0.000000    1.785985 ^ _411_/A_N (sky130_fd_sc_hd__and3b_2)
     5    0.014608    0.127540    0.832424    2.618409 v _411_/X (sky130_fd_sc_hd__and3b_2)
                                                         _354_ (net)
                      0.127540    0.000000    2.618409 v _443_/A3 (sky130_fd_sc_hd__o311a_2)
     1    0.002214    0.091306    0.641412    3.259820 v _443_/X (sky130_fd_sc_hd__o311a_2)
                                                         _385_ (net)
                      0.091306    0.000000    3.259820 v _444_/B1 (sky130_fd_sc_hd__a31o_2)
     1    0.001763    0.057846    0.384116    3.643936 v _444_/X (sky130_fd_sc_hd__a31o_2)
                                                         _386_ (net)
                      0.057846    0.000000    3.643936 v _445_/A1 (sky130_fd_sc_hd__mux2_1)
     1    0.004160    0.129266    0.670300    4.314237 v _445_/X (sky130_fd_sc_hd__mux2_1)
                                                         _016_ (net)
                      0.129266    0.000000    4.314237 v _470_/A2 (sky130_fd_sc_hd__o21bai_2)
     1    0.033442    0.645184    0.569515    4.883751 ^ _470_/Y (sky130_fd_sc_hd__o21bai_2)
                                                         sine_out[0] (net)
                      0.645184    0.000000    4.883751 ^ sine_out[0] (out)
                                              4.883751   data arrival time

                      0.150000   10.000000   10.000000   clock clk (rise edge)
                                  0.000000   10.000000   clock network delay (ideal)
                                 -0.250000    9.750000   clock uncertainty
                                  0.000000    9.750000   clock reconvergence pessimism
                                 -2.000000    7.750000   output external delay
                                              7.750000   data required time
---------------------------------------------------------------------------------------------
                                              7.750000   data required time
                                             -4.883751   data arrival time
---------------------------------------------------------------------------------------------
                                              2.866249   slack (MET)


Startpoint: _794_ (rising edge-triggered flip-flop clocked by clk)
Endpoint: sine_out[14] (output port clocked by clk)
Path Group: clk
Path Type: max

Fanout         Cap        Slew       Delay        Time   Description
---------------------------------------------------------------------------------------------
                      0.150000    0.000000    0.000000   clock clk (rise edge)
                                  0.000000    0.000000   clock network delay (ideal)
                      0.150000    0.000000    0.000000 ^ _794_/CLK (sky130_fd_sc_hd__dfrtp_2)
    56    0.167881    1.242409    1.599969    1.599969 ^ _794_/Q (sky130_fd_sc_hd__dfrtp_2)
                                                         tcout[4] (net)
                      1.242409    0.000000    1.599969 ^ _390_/A (sky130_fd_sc_hd__inv_2)
    25    0.070489    0.462983    0.756125    2.356095 v _390_/Y (sky130_fd_sc_hd__inv_2)
                                                         _334_ (net)
                      0.462983    0.000000    2.356095 v _762_/A (sky130_fd_sc_hd__or2_2)
     3    0.006872    0.137006    0.859875    3.215970 v _762_/X (sky130_fd_sc_hd__or2_2)
                                                         _319_ (net)
                      0.137006    0.000000    3.215970 v _771_/A3 (sky130_fd_sc_hd__a31o_2)
     1    0.003175    0.065669    0.468680    3.684649 v _771_/X (sky130_fd_sc_hd__a31o_2)
                                                         _327_ (net)
                      0.065669    0.000000    3.684649 v _772_/S (sky130_fd_sc_hd__mux2_1)
     1    0.033442    0.365325    0.973460    4.658110 v _772_/X (sky130_fd_sc_hd__mux2_1)
                                                         sine_out[14] (net)
                      0.365325    0.000000    4.658110 v sine_out[14] (out)
                                              4.658110   data arrival time

                      0.150000   10.000000   10.000000   clock clk (rise edge)
                                  0.000000   10.000000   clock network delay (ideal)
                                 -0.250000    9.750000   clock uncertainty
                                  0.000000    9.750000   clock reconvergence pessimism
                                 -2.000000    7.750000   output external delay
                                              7.750000   data required time
---------------------------------------------------------------------------------------------
                                              7.750000   data required time
                                             -4.658110   data arrival time
---------------------------------------------------------------------------------------------
                                              3.091890   slack (MET)


Startpoint: _792_ (rising edge-triggered flip-flop clocked by clk)
Endpoint: sine_out[15] (output port clocked by clk)
Path Group: clk
Path Type: max

Fanout         Cap        Slew       Delay        Time   Description
---------------------------------------------------------------------------------------------
                      0.150000    0.000000    0.000000   clock clk (rise edge)
                                  0.000000    0.000000   clock network delay (ideal)
                      0.150000    0.000000    0.000000 ^ _792_/CLK (sky130_fd_sc_hd__dfrtp_2)
    60    0.189775    0.837392    1.512161    1.512161 v _792_/Q (sky130_fd_sc_hd__dfrtp_2)
                                                         tcout[2] (net)
                      0.837392    0.000000    1.512161 v _450_/B (sky130_fd_sc_hd__nor3_2)
     8    0.032418    0.934940    1.075998    2.588158 ^ _450_/Y (sky130_fd_sc_hd__nor3_2)
                                                         _021_ (net)
                      0.934940    0.000000    2.588158 ^ _684_/A (sky130_fd_sc_hd__nand2_2)
     4    0.008214    0.221332    0.332880    2.921039 v _684_/Y (sky130_fd_sc_hd__nand2_2)
                                                         _248_ (net)
                      0.221332    0.000000    2.921039 v _773_/A2 (sky130_fd_sc_hd__o21a_2)
     1    0.033442    0.189864    0.560306    3.481345 v _773_/X (sky130_fd_sc_hd__o21a_2)
                                                         sine_out[15] (net)
                      0.189864    0.000000    3.481345 v sine_out[15] (out)
                                              3.481345   data arrival time

                      0.150000   10.000000   10.000000   clock clk (rise edge)
                                  0.000000   10.000000   clock network delay (ideal)
                                 -0.250000    9.750000   clock uncertainty
                                  0.000000    9.750000   clock reconvergence pessimism
                                 -2.000000    7.750000   output external delay
                                              7.750000   data required time
---------------------------------------------------------------------------------------------
                                              7.750000   data required time
                                             -3.481345   data arrival time
---------------------------------------------------------------------------------------------
                                              4.268655   slack (MET)


Startpoint: _793_ (rising edge-triggered flip-flop clocked by clk)
Endpoint: _797_ (rising edge-triggered flip-flop clocked by clk)
Path Group: clk
Path Type: max

Fanout         Cap        Slew       Delay        Time   Description
---------------------------------------------------------------------------------------------
                      0.150000    0.000000    0.000000   clock clk (rise edge)
                                  0.000000    0.000000   clock network delay (ideal)
                      0.150000    0.000000    0.000000 ^ _793_/CLK (sky130_fd_sc_hd__dfrtp_2)
    67    0.205870    1.516949    1.793962    1.793962 ^ _793_/Q (sky130_fd_sc_hd__dfrtp_2)
                                                         tcout[3] (net)
                      1.516949    0.000000    1.793962 ^ _474_/A (sky130_fd_sc_hd__and2_2)
     8    0.030484    0.288607    0.899273    2.693234 ^ _474_/X (sky130_fd_sc_hd__and2_2)
                                                         _044_ (net)
                      0.288607    0.000000    2.693234 ^ _775_/C (sky130_fd_sc_hd__and3_2)
     4    0.016579    0.196950    0.537089    3.230324 ^ _775_/X (sky130_fd_sc_hd__and3_2)
                                                         _329_ (net)
                      0.196950    0.000000    3.230324 ^ _779_/C (sky130_fd_sc_hd__and3_2)
     2    0.013077    0.160847    0.482464    3.712788 ^ _779_/X (sky130_fd_sc_hd__and3_2)
                                                         _331_ (net)
                      0.160847    0.000000    3.712788 ^ _782_/B (sky130_fd_sc_hd__xnor2_2)
     1    0.001838    0.080343    0.128377    3.841165 v _782_/Y (sky130_fd_sc_hd__xnor2_2)
                                                         _007_ (net)
                      0.080343    0.000000    3.841165 v _797_/D (sky130_fd_sc_hd__dfrtp_2)
                                              3.841165   data arrival time

                      0.150000   10.000000   10.000000   clock clk (rise edge)
                                  0.000000   10.000000   clock network delay (ideal)
                                 -0.250000    9.750000   clock uncertainty
                                  0.000000    9.750000   clock reconvergence pessimism
                                              9.750000 ^ _797_/CLK (sky130_fd_sc_hd__dfrtp_2)
                                 -0.259604    9.490396   library setup time
                                              9.490396   data required time
---------------------------------------------------------------------------------------------
                                              9.490396   data required time
                                             -3.841165   data arrival time
---------------------------------------------------------------------------------------------
                                              5.649231   slack (MET)


Startpoint: _793_ (rising edge-triggered flip-flop clocked by clk)
Endpoint: _796_ (rising edge-triggered flip-flop clocked by clk)
Path Group: clk
Path Type: max

Fanout         Cap        Slew       Delay        Time   Description
---------------------------------------------------------------------------------------------
                      0.150000    0.000000    0.000000   clock clk (rise edge)
                                  0.000000    0.000000   clock network delay (ideal)
                      0.150000    0.000000    0.000000 ^ _793_/CLK (sky130_fd_sc_hd__dfrtp_2)
    67    0.205870    1.516949    1.793962    1.793962 ^ _793_/Q (sky130_fd_sc_hd__dfrtp_2)
                                                         tcout[3] (net)
                      1.516949    0.000000    1.793962 ^ _474_/A (sky130_fd_sc_hd__and2_2)
     8    0.030484    0.288607    0.899273    2.693234 ^ _474_/X (sky130_fd_sc_hd__and2_2)
                                                         _044_ (net)
                      0.288607    0.000000    2.693234 ^ _775_/C (sky130_fd_sc_hd__and3_2)
     4    0.016579    0.196950    0.537089    3.230324 ^ _775_/X (sky130_fd_sc_hd__and3_2)
                                                         _329_ (net)
                      0.196950    0.000000    3.230324 ^ _779_/C (sky130_fd_sc_hd__and3_2)
     2    0.013077    0.160847    0.482464    3.712788 ^ _779_/X (sky130_fd_sc_hd__and3_2)
                                                         _331_ (net)
                      0.160847    0.000000    3.712788 ^ _781_/A (sky130_fd_sc_hd__nor2_2)
     1    0.001838    0.043649    0.096920    3.809708 v _781_/Y (sky130_fd_sc_hd__nor2_2)
                                                         _006_ (net)
                      0.043649    0.000000    3.809708 v _796_/D (sky130_fd_sc_hd__dfrtp_2)
                                              3.809708   data arrival time

                      0.150000   10.000000   10.000000   clock clk (rise edge)
                                  0.000000   10.000000   clock network delay (ideal)
                                 -0.250000    9.750000   clock uncertainty
                                  0.000000    9.750000   clock reconvergence pessimism
                                              9.750000 ^ _796_/CLK (sky130_fd_sc_hd__dfrtp_2)
                                 -0.244296    9.505705   library setup time
                                              9.505705   data required time
---------------------------------------------------------------------------------------------
                                              9.505705   data required time
                                             -3.809708   data arrival time
---------------------------------------------------------------------------------------------
                                              5.695997   slack (MET)


Startpoint: _793_ (rising edge-triggered flip-flop clocked by clk)
Endpoint: _794_ (rising edge-triggered flip-flop clocked by clk)
Path Group: clk
Path Type: max

Fanout         Cap        Slew       Delay        Time   Description
---------------------------------------------------------------------------------------------
                      0.150000    0.000000    0.000000   clock clk (rise edge)
                                  0.000000    0.000000   clock network delay (ideal)
                      0.150000    0.000000    0.000000 ^ _793_/CLK (sky130_fd_sc_hd__dfrtp_2)
    67    0.205870    1.516949    1.793962    1.793962 ^ _793_/Q (sky130_fd_sc_hd__dfrtp_2)
                                                         tcout[3] (net)
                      1.516949    0.000000    1.793962 ^ _474_/A (sky130_fd_sc_hd__and2_2)
     8    0.030484    0.288607    0.899273    2.693234 ^ _474_/X (sky130_fd_sc_hd__and2_2)
                                                         _044_ (net)
                      0.288607    0.000000    2.693234 ^ _775_/C (sky130_fd_sc_hd__and3_2)
     4    0.016579    0.196950    0.537089    3.230324 ^ _775_/X (sky130_fd_sc_hd__and3_2)
                                                         _329_ (net)
                      0.196950    0.000000    3.230324 ^ _777_/A_N (sky130_fd_sc_hd__and2b_2)
     1    0.001838    0.064360    0.479335    3.709659 v _777_/X (sky130_fd_sc_hd__and2b_2)
                                                         _004_ (net)
                      0.064360    0.000000    3.709659 v _794_/D (sky130_fd_sc_hd__dfrtp_2)
                                              3.709659   data arrival time

                      0.150000   10.000000   10.000000   clock clk (rise edge)
                                  0.000000   10.000000   clock network delay (ideal)
                                 -0.250000    9.750000   clock uncertainty
                                  0.000000    9.750000   clock reconvergence pessimism
                                              9.750000 ^ _794_/CLK (sky130_fd_sc_hd__dfrtp_2)
                                 -0.252936    9.497064   library setup time
                                              9.497064   data required time
---------------------------------------------------------------------------------------------
                                              9.497064   data required time
                                             -3.709659   data arrival time
---------------------------------------------------------------------------------------------
                                              5.787405   slack (MET)


Startpoint: _793_ (rising edge-triggered flip-flop clocked by clk)
Endpoint: _795_ (rising edge-triggered flip-flop clocked by clk)
Path Group: clk
Path Type: max

Fanout         Cap        Slew       Delay        Time   Description
---------------------------------------------------------------------------------------------
                      0.150000    0.000000    0.000000   clock clk (rise edge)
                                  0.000000    0.000000   clock network delay (ideal)
                      0.150000    0.000000    0.000000 ^ _793_/CLK (sky130_fd_sc_hd__dfrtp_2)
    67    0.205870    1.516949    1.793962    1.793962 ^ _793_/Q (sky130_fd_sc_hd__dfrtp_2)
                                                         tcout[3] (net)
                      1.516949    0.000000    1.793962 ^ _474_/A (sky130_fd_sc_hd__and2_2)
     8    0.030484    0.288607    0.899273    2.693234 ^ _474_/X (sky130_fd_sc_hd__and2_2)
                                                         _044_ (net)
                      0.288607    0.000000    2.693234 ^ _775_/C (sky130_fd_sc_hd__and3_2)
     4    0.016579    0.196950    0.537089    3.230324 ^ _775_/X (sky130_fd_sc_hd__and3_2)
                                                         _329_ (net)
                      0.196950    0.000000    3.230324 ^ _778_/B (sky130_fd_sc_hd__xnor2_2)
     1    0.001838    0.089599    0.139979    3.370303 v _778_/Y (sky130_fd_sc_hd__xnor2_2)
                                                         _005_ (net)
                      0.089599    0.000000    3.370303 v _795_/D (sky130_fd_sc_hd__dfrtp_2)
                                              3.370303   data arrival time

                      0.150000   10.000000   10.000000   clock clk (rise edge)
                                  0.000000   10.000000   clock network delay (ideal)
                                 -0.250000    9.750000   clock uncertainty
                                  0.000000    9.750000   clock reconvergence pessimism
                                              9.750000 ^ _795_/CLK (sky130_fd_sc_hd__dfrtp_2)
                                 -0.263465    9.486535   library setup time
                                              9.486535   data required time
---------------------------------------------------------------------------------------------
                                              9.486535   data required time
                                             -3.370303   data arrival time
---------------------------------------------------------------------------------------------
                                              6.116233   slack (MET)


Startpoint: _792_ (rising edge-triggered flip-flop clocked by clk)
Endpoint: _792_ (rising edge-triggered flip-flop clocked by clk)
Path Group: clk
Path Type: max

Fanout         Cap        Slew       Delay        Time   Description
---------------------------------------------------------------------------------------------
                      0.150000    0.000000    0.000000   clock clk (rise edge)
                                  0.000000    0.000000   clock network delay (ideal)
                      0.150000    0.000000    0.000000 ^ _792_/CLK (sky130_fd_sc_hd__dfrtp_2)
    60    0.204308    1.505661    1.785985    1.785985 ^ _792_/Q (sky130_fd_sc_hd__dfrtp_2)
                                                         tcout[2] (net)
                      1.505661    0.000000    1.785985 ^ _411_/A_N (sky130_fd_sc_hd__and3b_2)
     5    0.014608    0.127540    0.832424    2.618409 v _411_/X (sky130_fd_sc_hd__and3b_2)
                                                         _354_ (net)
                      0.127540    0.000000    2.618409 v _717_/A (sky130_fd_sc_hd__or2_2)
     2    0.006508    0.135032    0.717706    3.336115 v _717_/X (sky130_fd_sc_hd__or2_2)
                                                         _002_ (net)
                      0.135032    0.000000    3.336115 v _792_/D (sky130_fd_sc_hd__dfrtp_2)
                                              3.336115   data arrival time

                      0.150000   10.000000   10.000000   clock clk (rise edge)
                                  0.000000   10.000000   clock network delay (ideal)
                                 -0.250000    9.750000   clock uncertainty
                                  0.000000    9.750000   clock reconvergence pessimism
                                              9.750000 ^ _792_/CLK (sky130_fd_sc_hd__dfrtp_2)
                                 -0.282419    9.467582   library setup time
                                              9.467582   data required time
---------------------------------------------------------------------------------------------
                                              9.467582   data required time
                                             -3.336115   data arrival time
---------------------------------------------------------------------------------------------
                                              6.131467   slack (MET)


Startpoint: _793_ (rising edge-triggered flip-flop clocked by clk)
Endpoint: _793_ (rising edge-triggered flip-flop clocked by clk)
Path Group: clk
Path Type: max

Fanout         Cap        Slew       Delay        Time   Description
---------------------------------------------------------------------------------------------
                      0.150000    0.000000    0.000000   clock clk (rise edge)
                                  0.000000    0.000000   clock network delay (ideal)
                      0.150000    0.000000    0.000000 ^ _793_/CLK (sky130_fd_sc_hd__dfrtp_2)
    67    0.205870    1.516949    1.793962    1.793962 ^ _793_/Q (sky130_fd_sc_hd__dfrtp_2)
                                                         tcout[3] (net)
                      1.516949    0.000000    1.793962 ^ _424_/A_N (sky130_fd_sc_hd__nand2b_2)
    11    0.038071    0.362093    0.852966    2.646928 ^ _424_/Y (sky130_fd_sc_hd__nand2b_2)
                                                         _367_ (net)
                      0.362093    0.000000    2.646928 ^ _774_/A2 (sky130_fd_sc_hd__o211ai_2)
     1    0.001838    0.119232    0.220891    2.867819 v _774_/Y (sky130_fd_sc_hd__o211ai_2)
                                                         _003_ (net)
                      0.119232    0.000000    2.867819 v _793_/D (sky130_fd_sc_hd__dfrtp_2)
                                              2.867819   data arrival time

                      0.150000   10.000000   10.000000   clock clk (rise edge)
                                  0.000000   10.000000   clock network delay (ideal)
                                 -0.250000    9.750000   clock uncertainty
                                  0.000000    9.750000   clock reconvergence pessimism
                                              9.750000 ^ _793_/CLK (sky130_fd_sc_hd__dfrtp_2)
                                 -0.275828    9.474173   library setup time
                                              9.474173   data required time
---------------------------------------------------------------------------------------------
                                              9.474173   data required time
                                             -2.867819   data arrival time
---------------------------------------------------------------------------------------------
                                              6.606354   slack (MET)


Startpoint: _790_ (rising edge-triggered flip-flop clocked by clk)
Endpoint: _791_ (rising edge-triggered flip-flop clocked by clk)
Path Group: clk
Path Type: max

Fanout         Cap        Slew       Delay        Time   Description
---------------------------------------------------------------------------------------------
                      0.150000    0.000000    0.000000   clock clk (rise edge)
                                  0.000000    0.000000   clock network delay (ideal)
                      0.150000    0.000000    0.000000 ^ _790_/CLK (sky130_fd_sc_hd__dfrtp_2)
    42    0.134520    0.613284    1.336432    1.336432 v _790_/Q (sky130_fd_sc_hd__dfrtp_2)
                                                         tcout[0] (net)
                      0.613284    0.000000    1.336432 v _432_/A (sky130_fd_sc_hd__xnor2_2)
     9    0.035211    0.742280    0.870732    2.207163 ^ _432_/Y (sky130_fd_sc_hd__xnor2_2)
                                                         _375_ (net)
                      0.742280    0.000000    2.207163 ^ _433_/A (sky130_fd_sc_hd__inv_2)
    14    0.045252    0.280060    0.466332    2.673495 v _433_/Y (sky130_fd_sc_hd__inv_2)
                                                         _001_ (net)
                      0.280060    0.000000    2.673495 v _791_/D (sky130_fd_sc_hd__dfrtp_2)
                                              2.673495   data arrival time

                      0.150000   10.000000   10.000000   clock clk (rise edge)
                                  0.000000   10.000000   clock network delay (ideal)
                                 -0.250000    9.750000   clock uncertainty
                                  0.000000    9.750000   clock reconvergence pessimism
                                              9.750000 ^ _791_/CLK (sky130_fd_sc_hd__dfrtp_2)
                                 -0.342922    9.407079   library setup time
                                              9.407079   data required time
---------------------------------------------------------------------------------------------
                                              9.407079   data required time
                                             -2.673495   data arrival time
---------------------------------------------------------------------------------------------
                                              6.733583   slack (MET)


Startpoint: _790_ (rising edge-triggered flip-flop clocked by clk)
Endpoint: _790_ (rising edge-triggered flip-flop clocked by clk)
Path Group: clk
Path Type: max

Fanout         Cap        Slew       Delay        Time   Description
---------------------------------------------------------------------------------------------
                      0.150000    0.000000    0.000000   clock clk (rise edge)
                                  0.000000    0.000000   clock network delay (ideal)
                      0.150000    0.000000    0.000000 ^ _790_/CLK (sky130_fd_sc_hd__dfrtp_2)
    42    0.144117    1.070671    1.478618    1.478618 ^ _790_/Q (sky130_fd_sc_hd__dfrtp_2)
                                                         tcout[0] (net)
                      1.070671    0.000000    1.478618 ^ _387_/A (sky130_fd_sc_hd__inv_2)
     1    0.001838    0.135875    0.194947    1.673565 v _387_/Y (sky130_fd_sc_hd__inv_2)
                                                         _000_ (net)
                      0.135875    0.000000    1.673565 v _790_/D (sky130_fd_sc_hd__dfrtp_2)
                                              1.673565   data arrival time

                      0.150000   10.000000   10.000000   clock clk (rise edge)
                                  0.000000   10.000000   clock network delay (ideal)
                                 -0.250000    9.750000   clock uncertainty
                                  0.000000    9.750000   clock reconvergence pessimism
                                              9.750000 ^ _790_/CLK (sky130_fd_sc_hd__dfrtp_2)
                                 -0.282770    9.467230   library setup time
                                              9.467230   data required time
---------------------------------------------------------------------------------------------
                                              9.467230   data required time
                                             -1.673565   data arrival time
---------------------------------------------------------------------------------------------
                                              7.793665   slack (MET)


Startpoint: rst (input port clocked by clk)
Endpoint: _790_ (recovery check against rising-edge clock clk)
Path Group: asynchronous
Path Type: max

Fanout         Cap        Slew       Delay        Time   Description
---------------------------------------------------------------------------------------------
                      0.150000    0.000000    0.000000   clock clk (rise edge)
                                  0.000000    0.000000   clock network delay (ideal)
                                  2.000000    2.000000 v input external delay
     8    0.034400    0.150357    0.105518    2.105519 v rst (in)
                                                         rst (net)
                      0.150357    0.000000    2.105519 v _394_/A (sky130_fd_sc_hd__inv_2)
     1    0.003263    0.054991    0.098256    2.203775 ^ _394_/Y (sky130_fd_sc_hd__inv_2)
                                                         _008_ (net)
                      0.054991    0.000000    2.203775 ^ _790_/RESET_B (sky130_fd_sc_hd__dfrtp_2)
                                              2.203775   data arrival time

                      0.150000   10.000000   10.000000   clock clk (rise edge)
                                  0.000000   10.000000   clock network delay (ideal)
                                 -0.250000    9.750000   clock uncertainty
                                  0.000000    9.750000   clock reconvergence pessimism
                                              9.750000 ^ _790_/CLK (sky130_fd_sc_hd__dfrtp_2)
                                  0.477660   10.227661   library recovery time
                                             10.227661   data required time
---------------------------------------------------------------------------------------------
                                             10.227661   data required time
                                             -2.203775   data arrival time
---------------------------------------------------------------------------------------------
                                              8.023886   slack (MET)


Startpoint: rst (input port clocked by clk)
Endpoint: _791_ (recovery check against rising-edge clock clk)
Path Group: asynchronous
Path Type: max

Fanout         Cap        Slew       Delay        Time   Description
---------------------------------------------------------------------------------------------
                      0.150000    0.000000    0.000000   clock clk (rise edge)
                                  0.000000    0.000000   clock network delay (ideal)
                                  2.000000    2.000000 v input external delay
     8    0.034400    0.150357    0.105518    2.105519 v rst (in)
                                                         rst (net)
                      0.150357    0.000000    2.105519 v _783_/A (sky130_fd_sc_hd__inv_2)
     1    0.003263    0.054991    0.098256    2.203775 ^ _783_/Y (sky130_fd_sc_hd__inv_2)
                                                         _009_ (net)
                      0.054991    0.000000    2.203775 ^ _791_/RESET_B (sky130_fd_sc_hd__dfrtp_2)
                                              2.203775   data arrival time

                      0.150000   10.000000   10.000000   clock clk (rise edge)
                                  0.000000   10.000000   clock network delay (ideal)
                                 -0.250000    9.750000   clock uncertainty
                                  0.000000    9.750000   clock reconvergence pessimism
                                              9.750000 ^ _791_/CLK (sky130_fd_sc_hd__dfrtp_2)
                                  0.477660   10.227661   library recovery time
                                             10.227661   data required time
---------------------------------------------------------------------------------------------
                                             10.227661   data required time
                                             -2.203775   data arrival time
---------------------------------------------------------------------------------------------
                                              8.023886   slack (MET)


Startpoint: rst (input port clocked by clk)
Endpoint: _792_ (recovery check against rising-edge clock clk)
Path Group: asynchronous
Path Type: max

Fanout         Cap        Slew       Delay        Time   Description
---------------------------------------------------------------------------------------------
                      0.150000    0.000000    0.000000   clock clk (rise edge)
                                  0.000000    0.000000   clock network delay (ideal)
                                  2.000000    2.000000 v input external delay
     8    0.034400    0.150357    0.105518    2.105519 v rst (in)
                                                         rst (net)
                      0.150357    0.000000    2.105519 v _784_/A (sky130_fd_sc_hd__inv_2)
     1    0.003263    0.054991    0.098256    2.203775 ^ _784_/Y (sky130_fd_sc_hd__inv_2)
                                                         _010_ (net)
                      0.054991    0.000000    2.203775 ^ _792_/RESET_B (sky130_fd_sc_hd__dfrtp_2)
                                              2.203775   data arrival time

                      0.150000   10.000000   10.000000   clock clk (rise edge)
                                  0.000000   10.000000   clock network delay (ideal)
                                 -0.250000    9.750000   clock uncertainty
                                  0.000000    9.750000   clock reconvergence pessimism
                                              9.750000 ^ _792_/CLK (sky130_fd_sc_hd__dfrtp_2)
                                  0.477660   10.227661   library recovery time
                                             10.227661   data required time
---------------------------------------------------------------------------------------------
                                             10.227661   data required time
                                             -2.203775   data arrival time
---------------------------------------------------------------------------------------------
                                              8.023886   slack (MET)


Startpoint: rst (input port clocked by clk)
Endpoint: _793_ (recovery check against rising-edge clock clk)
Path Group: asynchronous
Path Type: max

Fanout         Cap        Slew       Delay        Time   Description
---------------------------------------------------------------------------------------------
                      0.150000    0.000000    0.000000   clock clk (rise edge)
                                  0.000000    0.000000   clock network delay (ideal)
                                  2.000000    2.000000 v input external delay
     8    0.034400    0.150357    0.105518    2.105519 v rst (in)
                                                         rst (net)
                      0.150357    0.000000    2.105519 v _785_/A (sky130_fd_sc_hd__inv_2)
     1    0.003263    0.054991    0.098256    2.203775 ^ _785_/Y (sky130_fd_sc_hd__inv_2)
                                                         _011_ (net)
                      0.054991    0.000000    2.203775 ^ _793_/RESET_B (sky130_fd_sc_hd__dfrtp_2)
                                              2.203775   data arrival time

                      0.150000   10.000000   10.000000   clock clk (rise edge)
                                  0.000000   10.000000   clock network delay (ideal)
                                 -0.250000    9.750000   clock uncertainty
                                  0.000000    9.750000   clock reconvergence pessimism
                                              9.750000 ^ _793_/CLK (sky130_fd_sc_hd__dfrtp_2)
                                  0.477660   10.227661   library recovery time
                                             10.227661   data required time
---------------------------------------------------------------------------------------------
                                             10.227661   data required time
                                             -2.203775   data arrival time
---------------------------------------------------------------------------------------------
                                              8.023886   slack (MET)


Startpoint: rst (input port clocked by clk)
Endpoint: _794_ (recovery check against rising-edge clock clk)
Path Group: asynchronous
Path Type: max

Fanout         Cap        Slew       Delay        Time   Description
---------------------------------------------------------------------------------------------
                      0.150000    0.000000    0.000000   clock clk (rise edge)
                                  0.000000    0.000000   clock network delay (ideal)
                                  2.000000    2.000000 v input external delay
     8    0.034400    0.150357    0.105518    2.105519 v rst (in)
                                                         rst (net)
                      0.150357    0.000000    2.105519 v _786_/A (sky130_fd_sc_hd__inv_2)
     1    0.003263    0.054991    0.098256    2.203775 ^ _786_/Y (sky130_fd_sc_hd__inv_2)
                                                         _012_ (net)
                      0.054991    0.000000    2.203775 ^ _794_/RESET_B (sky130_fd_sc_hd__dfrtp_2)
                                              2.203775   data arrival time

                      0.150000   10.000000   10.000000   clock clk (rise edge)
                                  0.000000   10.000000   clock network delay (ideal)
                                 -0.250000    9.750000   clock uncertainty
                                  0.000000    9.750000   clock reconvergence pessimism
                                              9.750000 ^ _794_/CLK (sky130_fd_sc_hd__dfrtp_2)
                                  0.477660   10.227661   library recovery time
                                             10.227661   data required time
---------------------------------------------------------------------------------------------
                                             10.227661   data required time
                                             -2.203775   data arrival time
---------------------------------------------------------------------------------------------
                                              8.023886   slack (MET)


Startpoint: rst (input port clocked by clk)
Endpoint: _795_ (recovery check against rising-edge clock clk)
Path Group: asynchronous
Path Type: max

Fanout         Cap        Slew       Delay        Time   Description
---------------------------------------------------------------------------------------------
                      0.150000    0.000000    0.000000   clock clk (rise edge)
                                  0.000000    0.000000   clock network delay (ideal)
                                  2.000000    2.000000 v input external delay
     8    0.034400    0.150357    0.105518    2.105519 v rst (in)
                                                         rst (net)
                      0.150357    0.000000    2.105519 v _787_/A (sky130_fd_sc_hd__inv_2)
     1    0.003263    0.054991    0.098256    2.203775 ^ _787_/Y (sky130_fd_sc_hd__inv_2)
                                                         _013_ (net)
                      0.054991    0.000000    2.203775 ^ _795_/RESET_B (sky130_fd_sc_hd__dfrtp_2)
                                              2.203775   data arrival time

                      0.150000   10.000000   10.000000   clock clk (rise edge)
                                  0.000000   10.000000   clock network delay (ideal)
                                 -0.250000    9.750000   clock uncertainty
                                  0.000000    9.750000   clock reconvergence pessimism
                                              9.750000 ^ _795_/CLK (sky130_fd_sc_hd__dfrtp_2)
                                  0.477660   10.227661   library recovery time
                                             10.227661   data required time
---------------------------------------------------------------------------------------------
                                             10.227661   data required time
                                             -2.203775   data arrival time
---------------------------------------------------------------------------------------------
                                              8.023886   slack (MET)


Startpoint: rst (input port clocked by clk)
Endpoint: _796_ (recovery check against rising-edge clock clk)
Path Group: asynchronous
Path Type: max

Fanout         Cap        Slew       Delay        Time   Description
---------------------------------------------------------------------------------------------
                      0.150000    0.000000    0.000000   clock clk (rise edge)
                                  0.000000    0.000000   clock network delay (ideal)
                                  2.000000    2.000000 v input external delay
     8    0.034400    0.150357    0.105518    2.105519 v rst (in)
                                                         rst (net)
                      0.150357    0.000000    2.105519 v _788_/A (sky130_fd_sc_hd__inv_2)
     1    0.003263    0.054991    0.098256    2.203775 ^ _788_/Y (sky130_fd_sc_hd__inv_2)
                                                         _014_ (net)
                      0.054991    0.000000    2.203775 ^ _796_/RESET_B (sky130_fd_sc_hd__dfrtp_2)
                                              2.203775   data arrival time

                      0.150000   10.000000   10.000000   clock clk (rise edge)
                                  0.000000   10.000000   clock network delay (ideal)
                                 -0.250000    9.750000   clock uncertainty
                                  0.000000    9.750000   clock reconvergence pessimism
                                              9.750000 ^ _796_/CLK (sky130_fd_sc_hd__dfrtp_2)
                                  0.477660   10.227661   library recovery time
                                             10.227661   data required time
---------------------------------------------------------------------------------------------
                                             10.227661   data required time
                                             -2.203775   data arrival time
---------------------------------------------------------------------------------------------
                                              8.023886   slack (MET)


Startpoint: rst (input port clocked by clk)
Endpoint: _797_ (recovery check against rising-edge clock clk)
Path Group: asynchronous
Path Type: max

Fanout         Cap        Slew       Delay        Time   Description
---------------------------------------------------------------------------------------------
                      0.150000    0.000000    0.000000   clock clk (rise edge)
                                  0.000000    0.000000   clock network delay (ideal)
                                  2.000000    2.000000 v input external delay
     8    0.034400    0.150357    0.105518    2.105519 v rst (in)
                                                         rst (net)
                      0.150357    0.000000    2.105519 v _789_/A (sky130_fd_sc_hd__inv_2)
     1    0.003263    0.054991    0.098256    2.203775 ^ _789_/Y (sky130_fd_sc_hd__inv_2)
                                                         _015_ (net)
                      0.054991    0.000000    2.203775 ^ _797_/RESET_B (sky130_fd_sc_hd__dfrtp_2)
                                              2.203775   data arrival time

                      0.150000   10.000000   10.000000   clock clk (rise edge)
                                  0.000000   10.000000   clock network delay (ideal)
                                 -0.250000    9.750000   clock uncertainty
                                  0.000000    9.750000   clock reconvergence pessimism
                                              9.750000 ^ _797_/CLK (sky130_fd_sc_hd__dfrtp_2)
                                  0.477660   10.227661   library recovery time
                                             10.227661   data required time
---------------------------------------------------------------------------------------------
                                             10.227661   data required time
                                             -2.203775   data arrival time
---------------------------------------------------------------------------------------------
                                              8.023886   slack (MET)



