┏━━━━━━━━━━━━━━━━━━━━━━┳━━━━━━━━━━┳━━━━━━━━━━┳━━━━━━━━━━┳━━━━━━━━━━┳━━━━━━━━━━━┳━━━━━━━━━━┳━━━━━━━━━━━┳━━━━━━━━━━┳━━━━━━━━━━━┳━━━━━━━━━━┳━━━━━━━━━━━┳━━━━━━━━━━┓
┃                      ┃ Hold     ┃ Reg to   ┃          ┃          ┃ of which  ┃ Setup    ┃           ┃          ┃           ┃ of which ┃           ┃          ┃
┃                      ┃ Worst    ┃ Reg      ┃          ┃ Hold Vio ┃ reg to    ┃ Worst    ┃ Reg to    ┃ Setup    ┃ Setup Vio ┃ reg to   ┃ Max Cap   ┃ Max Slew ┃
┃ Corner/Group         ┃ Slack    ┃ Paths    ┃ Hold TNS ┃ Count    ┃ reg       ┃ Slack    ┃ Reg Paths ┃ TNS      ┃ Count     ┃ reg      ┃ Violatio… ┃ Violati… ┃
┡━━━━━━━━━━━━━━━━━━━━━━╇━━━━━━━━━━╇━━━━━━━━━━╇━━━━━━━━━━╇━━━━━━━━━━╇━━━━━━━━━━━╇━━━━━━━━━━╇━━━━━━━━━━━╇━━━━━━━━━━╇━━━━━━━━━━━╇━━━━━━━━━━╇━━━━━━━━━━━╇━━━━━━━━━━┩
│ Overall              │ 0.1445   │ 0.1445   │ 0.0000   │ 0        │ 0         │ 0.9869   │ 5.7133    │ 0.0000   │ 0         │ 0        │ 0         │ 21       │
│ nom_tt_025C_1v80     │ 0.3766   │ 0.3766   │ 0.0000   │ 0        │ 0         │ 4.3960   │ 7.7102    │ 0.0000   │ 0         │ 0        │ 0         │ 0        │
│ nom_ss_100C_1v60     │ 0.9841   │ 0.9841   │ 0.0000   │ 0        │ 0         │ 1.1192   │ 5.7819    │ 0.0000   │ 0         │ 0        │ 0         │ 9        │
│ nom_ff_n40C_1v95     │ 0.1526   │ 0.1526   │ 0.0000   │ 0        │ 0         │ 5.6231   │ 8.4343    │ 0.0000   │ 0         │ 0        │ 0         │ 0        │
│ min_tt_025C_1v80     │ 0.3641   │ 0.3641   │ 0.0000   │ 0        │ 0         │ 4.4533   │ 7.7599    │ 0.0000   │ 0         │ 0        │ 0         │ 0        │
│ min_ss_100C_1v60     │ 0.9616   │ 0.9616   │ 0.0000   │ 0        │ 0         │ 1.2413   │ 5.8514    │ 0.0000   │ 0         │ 0        │ 0         │ 9        │
│ min_ff_n40C_1v95     │ 0.1445   │ 0.1445   │ 0.0000   │ 0        │ 0         │ 5.6687   │ 8.4666    │ 0.0000   │ 0         │ 0        │ 0         │ 0        │
│ max_tt_025C_1v80     │ 0.3890   │ 0.3890   │ 0.0000   │ 0        │ 0         │ 4.3305   │ 7.6591    │ 0.0000   │ 0         │ 0        │ 0         │ 0        │
│ max_ss_100C_1v60     │ 1.0061   │ 1.0061   │ 0.0000   │ 0        │ 0         │ 0.9869   │ 5.7133    │ 0.0000   │ 0         │ 0        │ 0         │ 21       │
│ max_ff_n40C_1v95     │ 0.1607   │ 0.1607   │ 0.0000   │ 0        │ 0         │ 5.5753   │ 8.4013    │ 0.0000   │ 0         │ 0        │ 0         │ 0        │
└──────────────────────┴──────────┴──────────┴──────────┴──────────┴───────────┴──────────┴───────────┴──────────┴───────────┴──────────┴───────────┴──────────┘
